Archive member included to satisfy reference by file (symbol)

/Applications/VEXcode Pro V5.app/Contents/Resources/sdk/vexv5/libv5rt.a(v5_startup.c.obj)
                              (vexStartup)
/Applications/VEXcode Pro V5.app/Contents/Resources/sdk/vexv5/libv5rt.a(v5_util.c.obj)
                              /Applications/VEXcode Pro V5.app/Contents/Resources/sdk/vexv5/libv5rt.a(v5_startup.c.obj) (vexStdlibVersionLinked)
/Applications/VEXcode Pro V5.app/Contents/Resources/sdk/vexv5/libv5rt.a(v5_apijump.c.obj)
                              /Applications/VEXcode Pro V5.app/Contents/Resources/sdk/vexv5/libv5rt.a(v5_startup.c.obj) (vexPrivateApiEnable)
/Applications/VEXcode Pro V5.app/Contents/Resources/sdk/vexv5/libv5rt.a(v5_apiversions.c.obj)
                              /Applications/VEXcode Pro V5.app/Contents/Resources/sdk/vexv5/libv5rt.a(v5_apijump.c.obj) (vexSystemVersion)
/Applications/VEXcode Pro V5.app/Contents/Resources/sdk/vexv5/libv5rt.a(vex_global.cpp.obj)
                              build/src/main.o (vex::wait(double, vex::timeUnits))
/Applications/VEXcode Pro V5.app/Contents/Resources/sdk/vexv5/libv5rt.a(vex_motor.cpp.obj)
                              build/src/main.o (vex::motor::~motor())
/Applications/VEXcode Pro V5.app/Contents/Resources/sdk/vexv5/libv5rt.a(vex_vision.cpp.obj)
                              build/src/main.o (vex::vision::~vision())
/Applications/VEXcode Pro V5.app/Contents/Resources/sdk/vexv5/libv5rt.a(vex_imu.cpp.obj)
                              build/src/main.o (vex::inertial::setHeading(double, vex::rotationUnits))
/Applications/VEXcode Pro V5.app/Contents/Resources/sdk/vexv5/libv5rt.a(vex_controller.cpp.obj)
                              build/src/main.o (vex::controller::~controller())
/Applications/VEXcode Pro V5.app/Contents/Resources/sdk/vexv5/libv5rt.a(vex_task.cpp.obj)
                              build/src/main.o (vex::task::task(int (*)()))
/Applications/VEXcode Pro V5.app/Contents/Resources/sdk/vexv5/libv5rt.a(vex_thread.cpp.obj)
                              /Applications/VEXcode Pro V5.app/Contents/Resources/sdk/vexv5/libv5rt.a(vex_global.cpp.obj) (vex::this_thread::sleep_for(unsigned long))
/Applications/VEXcode Pro V5.app/Contents/Resources/sdk/vexv5/libv5rt.a(vex_event.cpp.obj)
                              /Applications/VEXcode Pro V5.app/Contents/Resources/sdk/vexv5/libv5rt.a(vex_imu.cpp.obj) (vex::event::init(unsigned long, unsigned long, void (*)()))
/Applications/VEXcode Pro V5.app/Contents/Resources/sdk/vexv5/libv5rt.a(vex_mevent.cpp.obj)
                              /Applications/VEXcode Pro V5.app/Contents/Resources/sdk/vexv5/libv5rt.a(vex_controller.cpp.obj) (vex::mevent::mevent(unsigned long, unsigned long))
/Applications/VEXcode Pro V5.app/Contents/Resources/sdk/vexv5/libv5rt.a(vex_brain.cpp.obj)
                              build/src/main.o (vex::brain::lcd::setCursor(long, long))
/Applications/VEXcode Pro V5.app/Contents/Resources/sdk/vexv5/libv5rt.a(vex_competition.cpp.obj)
                              build/src/main.o (vex::competition::competition())
/Applications/VEXcode Pro V5.app/Contents/Resources/sdk/vexv5/libv5rt.a(vex_triport.cpp.obj)
                              /Applications/VEXcode Pro V5.app/Contents/Resources/sdk/vexv5/libv5rt.a(vex_brain.cpp.obj) (vex::triport::~triport())
/Applications/VEXcode Pro V5.app/Contents/Resources/sdk/vexv5/libv5rt.a(vex_color.cpp.obj)
                              build/src/main.o (vex::color::~color())
/Applications/VEXcode Pro V5.app/Contents/Resources/sdk/vexv5/libv5rt.a(vex_timer.cpp.obj)
                              /Applications/VEXcode Pro V5.app/Contents/Resources/sdk/vexv5/libv5rt.a(vex_brain.cpp.obj) (vex::timer::~timer())
/Applications/VEXcode Pro V5.app/Contents/Resources/sdk/vexv5/libv5rt.a(v5_apiuser.c.obj)
                              /Applications/VEXcode Pro V5.app/Contents/Resources/sdk/vexv5/libv5rt.a(vex_triport.cpp.obj) (vexAdiPortConfigSet)
/Applications/VEXcode Pro V5.app/Contents/Resources/sdk/vexv5/libv5rt.a(vex_device.cpp.obj)
                              /Applications/VEXcode Pro V5.app/Contents/Resources/sdk/vexv5/libv5rt.a(vex_motor.cpp.obj) (vex::device::~device())
/Applications/VEXcode Pro V5.app/Contents/Resources/sdk/vexv5/gcc/libs/libc.a(lib_a-aeabi_memclr.o)
                              build/src/main.o (__aeabi_memclr4)
/Applications/VEXcode Pro V5.app/Contents/Resources/sdk/vexv5/gcc/libs/libc.a(lib_a-aeabi_memmove-soft.o)
                              build/src/main.o (__aeabi_memmove4)
/Applications/VEXcode Pro V5.app/Contents/Resources/sdk/vexv5/gcc/libs/libc.a(lib_a-aeabi_memset-soft.o)
                              /Applications/VEXcode Pro V5.app/Contents/Resources/sdk/vexv5/gcc/libs/libc.a(lib_a-aeabi_memclr.o) (__aeabi_memset)
/Applications/VEXcode Pro V5.app/Contents/Resources/sdk/vexv5/gcc/libs/libc.a(lib_a-fini.o)
[...]
Memory Configuration

Name             Origin             Length             Attributes
ps7_ddr_0_S_AXI_BASEADDR 0x0000000003800000 0x0000000004800000
*default*        0x0000000000000000 0xffffffffffffffff

Linker script and memory map

                0x0000000000002000                _STACK_SIZE = DEFINED (_STACK_SIZE)?_STACK_SIZE:0x2000
                0x0000000000100000                _HEAP_SIZE = DEFINED (_HEAP_SIZE)?_HEAP_SIZE:0x100000
                0x0000000000000400                _ABORT_STACK_SIZE = DEFINED (_ABORT_STACK_SIZE)?_ABORT_STACK_SIZE:0x400
                0x0000000000000800                _SUPERVISOR_STACK_SIZE = DEFINED (_SUPERVISOR_STACK_SIZE)?_SUPERVISOR_STACK_SIZE:0x800
                0x0000000000000400                _IRQ_STACK_SIZE = DEFINED (_IRQ_STACK_SIZE)?_IRQ_STACK_SIZE:0x400
                0x0000000000000400                _FIQ_STACK_SIZE = DEFINED (_FIQ_STACK_SIZE)?_FIQ_STACK_SIZE:0x400
                0x0000000000000400                _UNDEF_STACK_SIZE = DEFINED (_UNDEF_STACK_SIZE)?_UNDEF_STACK_SIZE:0x400

.text           0x0000000003800000     0x3828
 *(.vectors)
 *(.boot_data)
 .boot_data     0x0000000003800000       0x20 /Applications/VEXcode Pro V5.app/Contents/Resources/sdk/vexv5/libv5rt.a(v5_startup.c.obj)
                0x0000000003800000                vexCodeSig
                0x0000000000000020                . = 0x20
 *(.boot)
 .boot          0x0000000003800020       0xbc /Applications/VEXcode Pro V5.app/Contents/Resources/sdk/vexv5/libv5rt.a(v5_startup.c.obj)
                0x0000000003800020                vexStartup
                0x0000000003800100                . = ALIGN (0x40)
 *fill*         0x00000000038000dc       0x24 
 *(.freertos_vectors)
 *(.text)
 *(.text.*)
 .text._ZN7Buttons17updateButtonStateEv
                0x0000000003800100       0x50 build/src/main.o
                0x0000000003800100                Buttons::updateButtonState()
 .text._ZN7Buttons9getObjectEN3BTN6ButtonE
                0x0000000003800150      0x134 build/src/main.o
                0x0000000003800150                Buttons::getObject(BTN::Button)
 .text._ZN4GoalD2Ev
                0x0000000003800284       0x1c build/src/main.o
                0x0000000003800284                Goal::~Goal()
 .text._ZN9BaseRobot16setMotorVelocityEN3vex5motorENS0_13directionTypeEd
                0x00000000038002a0       0xb0 build/src/main.o
                0x00000000038002a0                BaseRobot::setMotorVelocity(vex::motor, vex::directionType, double)
 .text._ZN9BaseRobot16basicDriveTeleopEv
                0x0000000003800350      0x158 build/src/main.o
                0x0000000003800350                BaseRobot::basicDriveTeleop()
 .text._ZN7Robot15C2Ev
                0x00000000038004a8      0x2dc build/src/main.o
                0x00000000038004a8                Robot15::Robot15()
                0x00000000038004a8                Robot15::Robot15()
 *fill*         0x0000000003800784        0x4 
 .text._ZN7Robot1517distanceToDegreesEf
                0x0000000003800788       0x58 build/src/main.o
                0x0000000003800788                Robot15::distanceToDegrees(float)
 .text._ZN7Robot1517degreesToDistanceEf
                0x00000000038007e0       0x38 build/src/main.o
                0x00000000038007e0                Robot15::degreesToDistance(float)
 .text._ZN7Robot156teleopEv
                0x0000000003800818       0x1c build/src/main.o
                0x0000000003800818                Robot15::teleop()
 .text._ZN7Robot1522getLeftEncoderDistanceEv
                0x0000000003800834       0x90 build/src/main.o
                0x0000000003800834                Robot15::getLeftEncoderDistance()
 .text._ZN7Robot1523getRightEncoderDistanceEv
                0x00000000038008c4       0x90 build/src/main.o
                0x00000000038008c4                Robot15::getRightEncoderDistance()
 .text._ZN7Robot1520resetEncoderDistanceEv
                0x0000000003800954       0x50 build/src/main.o
                0x0000000003800954                Robot15::resetEncoderDistance()
 .text._ZN7Robot1515setLeftVelocityEN3vex13directionTypeEd
                0x00000000038009a4      0x154 build/src/main.o
                0x00000000038009a4                Robot15::setLeftVelocity(vex::directionType, double)
 .text._ZN7Robot1516setRightVelocityEN3vex13directionTypeEd
                0x0000000003800af8      0x154 build/src/main.o
                0x0000000003800af8                Robot15::setRightVelocity(vex::directionType, double)
 .text._ZN7Robot158stopLeftEv
                0x0000000003800c4c       0x30 build/src/main.o
                0x0000000003800c4c                Robot15::stopLeft()
 .text._ZN7Robot159stopRightEv
                0x0000000003800c7c       0x30 build/src/main.o
                0x0000000003800c7c                Robot15::stopRight()
 .text._ZN7Robot1512setBrakeTypeEN3vex9brakeTypeE
                0x0000000003800cac       0x70 build/src/main.o
                0x0000000003800cac                Robot15::setBrakeType(vex::brakeType)
 .text._ZN7Robot1515getDriveCurrentEv
                0x0000000003800d1c       0xc4 build/src/main.o
                0x0000000003800d1c                Robot15::getDriveCurrent()
 .text._ZN7Robot15D2Ev
                0x0000000003800de0       0x80 build/src/main.o
                0x0000000003800de0                Robot15::~Robot15()
 .text._ZN11VisualField9drawFieldEv
                0x0000000003800e60       0xa8 build/src/main.o
                0x0000000003800e60                VisualField::drawField()
 .text._Z3runv  0x0000000003800f08       0x44 build/src/main.o
                0x0000000003800f08                run()
 .text.main     0x0000000003800f4c        0xc build/src/main.o
                0x0000000003800f4c                main
 .text._GLOBAL__sub_I_main.cpp
                0x0000000003800f58      0x288 build/src/main.o
 .text.vexMain  0x00000000038011e0       0xb0 /Applications/VEXcode Pro V5.app/Contents/Resources/sdk/vexv5/libv5rt.a(v5_startup.c.obj)
                0x00000000038011e0                vexMain
 .text.__vex_function_prolog
                0x0000000003801290       0x18 /Applications/VEXcode Pro V5.app/Contents/Resources/sdk/vexv5/libv5rt.a(v5_startup.c.obj)
                0x0000000003801290                __vex_function_prolog
 .text._init    0x00000000038012a8        0x4 /Applications/VEXcode Pro V5.app/Contents/Resources/sdk/vexv5/libv5rt.a(v5_startup.c.obj)
                0x00000000038012a8                _init
 .text._fini    0x00000000038012ac        0x4 /Applications/VEXcode Pro V5.app/Contents/Resources/sdk/vexv5/libv5rt.a(v5_startup.c.obj)
                0x00000000038012ac                _fini
 .text.vexStdlibVersionLinked
                0x00000000038012b0        0xc /Applications/VEXcode Pro V5.app/Contents/Resources/sdk/vexv5/libv5rt.a(v5_util.c.obj)
                0x00000000038012b0                vexStdlibVersionLinked
 .text.vexStdlibVersionVerify
                0x00000000038012bc       0x30 /Applications/VEXcode Pro V5.app/Contents/Resources/sdk/vexv5/libv5rt.a(v5_util.c.obj)
                0x00000000038012bc                vexStdlibVersionVerify
 .text.vexPrivateApiEnable
                0x00000000038012ec       0x10 /Applications/VEXcode Pro V5.app/Contents/Resources/sdk/vexv5/libv5rt.a(v5_apijump.c.obj)
                0x00000000038012ec                vexPrivateApiEnable
 .text.vexStdlibMismatchError
                0x00000000038012fc       0x3c /Applications/VEXcode Pro V5.app/Contents/Resources/sdk/vexv5/libv5rt.a(v5_apijump.c.obj)
                0x00000000038012fc                vexStdlibMismatchError
 .text.vexTaskAdd
                0x0000000003801338       0x10 /Applications/VEXcode Pro V5.app/Contents/Resources/sdk/vexv5/libv5rt.a(v5_apijump.c.obj)
                0x0000000003801338                vexTaskAdd
 .text.vexTasksRun
                0x0000000003801348       0x10 /Applications/VEXcode Pro V5.app/Contents/Resources/sdk/vexv5/libv5rt.a(v5_apijump.c.obj)
                0x0000000003801348                vexTasksRun
 .text.vexTaskYield
                0x0000000003801358       0x10 /Applications/VEXcode Pro V5.app/Contents/Resources/sdk/vexv5/libv5rt.a(v5_apijump.c.obj)
                0x0000000003801358                vexTaskYield
 .text.vexTaskCheckTimeslice
                0x0000000003801368       0x10 /Applications/VEXcode Pro V5.app/Contents/Resources/sdk/vexv5/libv5rt.a(v5_apijump.c.obj)
                0x0000000003801368                vexTaskCheckTimeslice
 .text.vexTaskSleep
                0x0000000003801378       0x10 /Applications/VEXcode Pro V5.app/Contents/Resources/sdk/vexv5/libv5rt.a(v5_apijump.c.obj)
                0x0000000003801378                vexTaskSleep
 .text.vexTasksDump
                0x0000000003801388       0x1c /Applications/VEXcode Pro V5.app/Contents/Resources/sdk/vexv5/libv5rt.a(v5_apijump.c.obj)
                0x0000000003801388                vexTasksDump
 .text.vexTaskGetTaskIndex
                0x00000000038013a4       0x10 /Applications/VEXcode Pro V5.app/Contents/Resources/sdk/vexv5/libv5rt.a(v5_apijump.c.obj)
                0x00000000038013a4                vexTaskGetTaskIndex
 .text.vexTaskStopAll
                0x00000000038013b4       0x10 /Applications/VEXcode Pro V5.app/Contents/Resources/sdk/vexv5/libv5rt.a(v5_apijump.c.obj)
                0x00000000038013b4                vexTaskStopAll
 .text.vexTaskRemoveAllUser
                0x00000000038013c4       0x34 /Applications/VEXcode Pro V5.app/Contents/Resources/sdk/vexv5/libv5rt.a(v5_apijump.c.obj)
                0x00000000038013c4                vexTaskRemoveAllUser
 .text.vexTaskCompletionIdSet
                0x00000000038013f8       0x10 /Applications/VEXcode Pro V5.app/Contents/Resources/sdk/vexv5/libv5rt.a(v5_apijump.c.obj)
                0x00000000038013f8                vexTaskCompletionIdSet
 .text.vexTaskStopWithId
                0x0000000003801408       0x10 /Applications/VEXcode Pro V5.app/Contents/Resources/sdk/vexv5/libv5rt.a(v5_apijump.c.obj)
                0x0000000003801408                vexTaskStopWithId
 .text.vexCriticalSection
                0x0000000003801418       0x2c /Applications/VEXcode Pro V5.app/Contents/Resources/sdk/vexv5/libv5rt.a(v5_apijump.c.obj)
                0x0000000003801418                vexCriticalSection
 .text.vexEventAdd
                0x0000000003801444       0x34 /Applications/VEXcode Pro V5.app/Contents/Resources/sdk/vexv5/libv5rt.a(v5_apijump.c.obj)
                0x0000000003801444                vexEventAdd
 .text.vexEventUserIndexGet
                0x0000000003801478       0x1c /Applications/VEXcode Pro V5.app/Contents/Resources/sdk/vexv5/libv5rt.a(v5_apijump.c.obj)
                0x0000000003801478                vexEventUserIndexGet
 .text.vexEventAddWithArg
                0x0000000003801494       0x3c /Applications/VEXcode Pro V5.app/Contents/Resources/sdk/vexv5/libv5rt.a(v5_apijump.c.obj)
                0x0000000003801494                vexEventAddWithArg
 .text.vexEventsCleanup
                0x00000000038014d0       0x2c /Applications/VEXcode Pro V5.app/Contents/Resources/sdk/vexv5/libv5rt.a(v5_apijump.c.obj)
                0x00000000038014d0                vexEventsCleanup
 .text.vexDebug
                0x00000000038014fc       0x38 /Applications/VEXcode Pro V5.app/Contents/Resources/sdk/vexv5/libv5rt.a(v5_apijump.c.obj)
                0x00000000038014fc                vexDebug
 .text.vex_sprintf
                0x0000000003801534       0x40 /Applications/VEXcode Pro V5.app/Contents/Resources/sdk/vexv5/libv5rt.a(v5_apijump.c.obj)
                0x0000000003801534                vex_sprintf
 .text.vexSystemTimeGet
                0x0000000003801574       0x1c /Applications/VEXcode Pro V5.app/Contents/Resources/sdk/vexv5/libv5rt.a(v5_apijump.c.obj)
                0x0000000003801574                vexSystemTimeGet
 .text.vexSystemExitRequest
                0x0000000003801590       0x1c /Applications/VEXcode Pro V5.app/Contents/Resources/sdk/vexv5/libv5rt.a(v5_apijump.c.obj)
                0x0000000003801590                vexSystemExitRequest
 .text.vexDeviceGetByIndex
                0x00000000038015ac       0x24 /Applications/VEXcode Pro V5.app/Contents/Resources/sdk/vexv5/libv5rt.a(v5_apijump.c.obj)
                0x00000000038015ac                vexDeviceGetByIndex
 .text.vexControllerGet
                0x00000000038015d0       0x2c /Applications/VEXcode Pro V5.app/Contents/Resources/sdk/vexv5/libv5rt.a(v5_apijump.c.obj)
                0x00000000038015d0                vexControllerGet
 .text.vexDeviceMotorVelocitySet
                0x00000000038015fc       0x2c /Applications/VEXcode Pro V5.app/Contents/Resources/sdk/vexv5/libv5rt.a(v5_apijump.c.obj)
                0x00000000038015fc                vexDeviceMotorVelocitySet
 .text.vexDeviceMotorVoltageSet
                0x0000000003801628       0x2c /Applications/VEXcode Pro V5.app/Contents/Resources/sdk/vexv5/libv5rt.a(v5_apijump.c.obj)
                0x0000000003801628                vexDeviceMotorVoltageSet
 .text.vexDeviceMotorActualVelocityGet
                0x0000000003801654       0x24 /Applications/VEXcode Pro V5.app/Contents/Resources/sdk/vexv5/libv5rt.a(v5_apijump.c.obj)
                0x0000000003801654                vexDeviceMotorActualVelocityGet
 .text.vexDeviceMotorCurrentGet
                0x0000000003801678       0x24 /Applications/VEXcode Pro V5.app/Contents/Resources/sdk/vexv5/libv5rt.a(v5_apijump.c.obj)
                0x0000000003801678                vexDeviceMotorCurrentGet
 .text.vexDeviceMotorReverseFlagSet
                0x000000000380169c       0x2c /Applications/VEXcode Pro V5.app/Contents/Resources/sdk/vexv5/libv5rt.a(v5_apijump.c.obj)
                0x000000000380169c                vexDeviceMotorReverseFlagSet
 .text.vexDeviceMotorEncoderUnitsSet
                0x00000000038016c8       0x2c /Applications/VEXcode Pro V5.app/Contents/Resources/sdk/vexv5/libv5rt.a(v5_apijump.c.obj)
                0x00000000038016c8                vexDeviceMotorEncoderUnitsSet
 .text.vexDeviceMotorBrakeModeSet
                0x00000000038016f4       0x2c /Applications/VEXcode Pro V5.app/Contents/Resources/sdk/vexv5/libv5rt.a(v5_apijump.c.obj)
                0x00000000038016f4                vexDeviceMotorBrakeModeSet
 .text.vexDeviceMotorPositionSet
                0x0000000003801720       0x34 /Applications/VEXcode Pro V5.app/Contents/Resources/sdk/vexv5/libv5rt.a(v5_apijump.c.obj)
                0x0000000003801720                vexDeviceMotorPositionSet
 .text.vexDeviceMotorPositionGet
                0x0000000003801754       0x24 /Applications/VEXcode Pro V5.app/Contents/Resources/sdk/vexv5/libv5rt.a(v5_apijump.c.obj)
                0x0000000003801754                vexDeviceMotorPositionGet
 .text.vexDeviceMotorGearingSet
                0x0000000003801778       0x2c /Applications/VEXcode Pro V5.app/Contents/Resources/sdk/vexv5/libv5rt.a(v5_apijump.c.obj)
                0x0000000003801778                vexDeviceMotorGearingSet
 .text.vexDeviceMotorGearingGet
                0x00000000038017a4       0x24 /Applications/VEXcode Pro V5.app/Contents/Resources/sdk/vexv5/libv5rt.a(v5_apijump.c.obj)
                0x00000000038017a4                vexDeviceMotorGearingGet
 .text.vexDeviceImuReset
                0x00000000038017c8       0x24 /Applications/VEXcode Pro V5.app/Contents/Resources/sdk/vexv5/libv5rt.a(v5_apijump.c.obj)
                0x00000000038017c8                vexDeviceImuReset
 .text.vexDeviceImuHeadingGet
                0x00000000038017ec       0x24 /Applications/VEXcode Pro V5.app/Contents/Resources/sdk/vexv5/libv5rt.a(v5_apijump.c.obj)
                0x00000000038017ec                vexDeviceImuHeadingGet
 .text.vexDeviceImuDegreesGet
                0x0000000003801810       0x24 /Applications/VEXcode Pro V5.app/Contents/Resources/sdk/vexv5/libv5rt.a(v5_apijump.c.obj)
                0x0000000003801810                vexDeviceImuDegreesGet
 .text.vexDeviceImuStatusGet
                0x0000000003801834       0x24 /Applications/VEXcode Pro V5.app/Contents/Resources/sdk/vexv5/libv5rt.a(v5_apijump.c.obj)
                0x0000000003801834                vexDeviceImuStatusGet
 .text.vexDisplayForegroundColor
                0x0000000003801858       0x24 /Applications/VEXcode Pro V5.app/Contents/Resources/sdk/vexv5/libv5rt.a(v5_apijump.c.obj)
                0x0000000003801858                vexDisplayForegroundColor
 .text.vexDisplayBackgroundColor
                0x000000000380187c       0x24 /Applications/VEXcode Pro V5.app/Contents/Resources/sdk/vexv5/libv5rt.a(v5_apijump.c.obj)
                0x000000000380187c                vexDisplayBackgroundColor
 .text.vexDisplayPixelSet
                0x00000000038018a0       0x38 /Applications/VEXcode Pro V5.app/Contents/Resources/sdk/vexv5/libv5rt.a(v5_apijump.c.obj)
                0x00000000038018a0                vexDisplayPixelSet
 .text.vexDisplayLineDraw
                0x00000000038018d8       0x4c /Applications/VEXcode Pro V5.app/Contents/Resources/sdk/vexv5/libv5rt.a(v5_apijump.c.obj)
                0x00000000038018d8                vexDisplayLineDraw
 .text.vexDisplayTextReference
                0x0000000003801924       0x24 /Applications/VEXcode Pro V5.app/Contents/Resources/sdk/vexv5/libv5rt.a(v5_apijump.c.obj)
                0x0000000003801924                vexDisplayTextReference
 .text.vexDisplayTextSize
                0x0000000003801948       0x2c /Applications/VEXcode Pro V5.app/Contents/Resources/sdk/vexv5/libv5rt.a(v5_apijump.c.obj)
                0x0000000003801948                vexDisplayTextSize
 .text.vexDisplayFontNamedSet
                0x0000000003801974       0x24 /Applications/VEXcode Pro V5.app/Contents/Resources/sdk/vexv5/libv5rt.a(v5_apijump.c.obj)
                0x0000000003801974                vexDisplayFontNamedSet
 .text.vexDisplayPenSizeSet
                0x0000000003801998       0x24 /Applications/VEXcode Pro V5.app/Contents/Resources/sdk/vexv5/libv5rt.a(v5_apijump.c.obj)
                0x0000000003801998                vexDisplayPenSizeSet
 .text.vexDisplayPenSizeGet
                0x00000000038019bc       0x1c /Applications/VEXcode Pro V5.app/Contents/Resources/sdk/vexv5/libv5rt.a(v5_apijump.c.obj)
                0x00000000038019bc                vexDisplayPenSizeGet
 .text.vexSystemStdlibImpureDataAddr
                0x00000000038019d8       0x28 /Applications/VEXcode Pro V5.app/Contents/Resources/sdk/vexv5/libv5rt.a(v5_apijump.c.obj)
                0x00000000038019d8                vexSystemStdlibImpureDataAddr
 .text.vexSystemStdlibImpureDataSize
                0x0000000003801a00       0x28 /Applications/VEXcode Pro V5.app/Contents/Resources/sdk/vexv5/libv5rt.a(v5_apijump.c.obj)
                0x0000000003801a00                vexSystemStdlibImpureDataSize
 .text.vexSystemSaveUserData
                0x0000000003801a28       0x3c /Applications/VEXcode Pro V5.app/Contents/Resources/sdk/vexv5/libv5rt.a(v5_apijump.c.obj)
                0x0000000003801a28                vexSystemSaveUserData
 .text.vexDisplayThemeIdGet
                0x0000000003801a64       0x38 /Applications/VEXcode Pro V5.app/Contents/Resources/sdk/vexv5/libv5rt.a(v5_apijump.c.obj)
                0x0000000003801a64                vexDisplayThemeIdGet
 .text.vexDeviceEventMaskSet
                0x0000000003801a9c       0x48 /Applications/VEXcode Pro V5.app/Contents/Resources/sdk/vexv5/libv5rt.a(v5_apijump.c.obj)
                0x0000000003801a9c                vexDeviceEventMaskSet
 .text.vexDeviceEventMaskGet
                0x0000000003801ae4       0x3c /Applications/VEXcode Pro V5.app/Contents/Resources/sdk/vexv5/libv5rt.a(v5_apijump.c.obj)
                0x0000000003801ae4                vexDeviceEventMaskGet
 .text.vexSystemVersion
                0x0000000003801b20       0x10 /Applications/VEXcode Pro V5.app/Contents/Resources/sdk/vexv5/libv5rt.a(v5_apiversions.c.obj)
                0x0000000003801b20                vexSystemVersion
 .text.vexStdlibVersion
                0x0000000003801b30       0x10 /Applications/VEXcode Pro V5.app/Contents/Resources/sdk/vexv5/libv5rt.a(v5_apiversions.c.obj)
                0x0000000003801b30                vexStdlibVersion
 .text._ZN3vex4waitEdNS_9timeUnitsE
                0x0000000003801b40       0x30 /Applications/VEXcode Pro V5.app/Contents/Resources/sdk/vexv5/libv5rt.a(vex_global.cpp.obj)
                0x0000000003801b40                vex::wait(double, vex::timeUnits)
 .text._ZN3vex5motorD2Ev
                0x0000000003801b70       0x20 /Applications/VEXcode Pro V5.app/Contents/Resources/sdk/vexv5/libv5rt.a(vex_motor.cpp.obj)
                0x0000000003801b70                vex::motor::~motor()
                0x0000000003801b70                vex::motor::~motor()
 .text._ZN3vex5motorD0Ev
                0x0000000003801b90       0x1c /Applications/VEXcode Pro V5.app/Contents/Resources/sdk/vexv5/libv5rt.a(vex_motor.cpp.obj)
                0x0000000003801b90                vex::motor::~motor()
 .text._ZN3vex5motor9installedEv
                0x0000000003801bac       0x18 /Applications/VEXcode Pro V5.app/Contents/Resources/sdk/vexv5/libv5rt.a(vex_motor.cpp.obj)
                0x0000000003801bac                vex::motor::installed()
 .text._ZN3vex5motor15defaultStoppingENS_9brakeTypeE
                0x0000000003801bc4       0x30 /Applications/VEXcode Pro V5.app/Contents/Resources/sdk/vexv5/libv5rt.a(vex_motor.cpp.obj)
                0x0000000003801bc4                vex::motor::defaultStopping(vex::brakeType)
 .text._ZN3vex5motor8setBrakeENS_9brakeTypeE
                0x0000000003801bf4        0x4 /Applications/VEXcode Pro V5.app/Contents/Resources/sdk/vexv5/libv5rt.a(vex_motor.cpp.obj)
                0x0000000003801bf4                vex::motor::setBrake(vex::brakeType)
 .text._ZN3vex5motorC2El
                0x0000000003801bf8       0x78 /Applications/VEXcode Pro V5.app/Contents/Resources/sdk/vexv5/libv5rt.a(vex_motor.cpp.obj)
                0x0000000003801bf8                vex::motor::motor(long)
                0x0000000003801bf8                vex::motor::motor(long)
 .text._ZN3vex5motorC2ElNS_11gearSettingEb
                0x0000000003801c70       0x34 /Applications/VEXcode Pro V5.app/Contents/Resources/sdk/vexv5/libv5rt.a(vex_motor.cpp.obj)
                0x0000000003801c70                vex::motor::motor(long, vex::gearSetting, bool)
                0x0000000003801c70                vex::motor::motor(long, vex::gearSetting, bool)
 *fill*         0x0000000003801ca4        0x4 
 .text._ZN3vex5motor4spinENS_13directionTypeEdNS_12voltageUnitsE
                0x0000000003801ca8       0x50 /Applications/VEXcode Pro V5.app/Contents/Resources/sdk/vexv5/libv5rt.a(vex_motor.cpp.obj)
                0x0000000003801ca8                vex::motor::spin(vex::directionType, double, vex::voltageUnits)
 .text._ZN3vex5motor4stopENS_9brakeTypeE
                0x0000000003801cf8       0x30 /Applications/VEXcode Pro V5.app/Contents/Resources/sdk/vexv5/libv5rt.a(vex_motor.cpp.obj)
                0x0000000003801cf8                vex::motor::stop(vex::brakeType)
 .text._ZN3vex5motor4stopEv
                0x0000000003801d28        0x8 /Applications/VEXcode Pro V5.app/Contents/Resources/sdk/vexv5/libv5rt.a(vex_motor.cpp.obj)
                0x0000000003801d28                vex::motor::stop()
 .text._ZN3vex5motor7currentENS_12currentUnitsE
                0x0000000003801d30       0x30 /Applications/VEXcode Pro V5.app/Contents/Resources/sdk/vexv5/libv5rt.a(vex_motor.cpp.obj)
                0x0000000003801d30                vex::motor::current(vex::currentUnits)
 .text._ZN3vex5motor16velocityToScaledEdNS_13velocityUnitsE
                0x0000000003801d60       0x5c /Applications/VEXcode Pro V5.app/Contents/Resources/sdk/vexv5/libv5rt.a(vex_motor.cpp.obj)
                0x0000000003801d60                vex::motor::velocityToScaled(double, vex::velocityUnits)
 .text._ZN3vex5motor8velocityENS_13velocityUnitsE
                0x0000000003801dbc       0x30 /Applications/VEXcode Pro V5.app/Contents/Resources/sdk/vexv5/libv5rt.a(vex_motor.cpp.obj)
                0x0000000003801dbc                vex::motor::velocity(vex::velocityUnits)
 .text._ZN3vex5motor5valueEv
                0x0000000003801dec       0x1c /Applications/VEXcode Pro V5.app/Contents/Resources/sdk/vexv5/libv5rt.a(vex_motor.cpp.obj)
                0x0000000003801dec                vex::motor::value()
 .text._ZN3vex5motor16setRotationUnitsENS_13rotationUnitsE
                0x0000000003801e08       0x1c /Applications/VEXcode Pro V5.app/Contents/Resources/sdk/vexv5/libv5rt.a(vex_motor.cpp.obj)
                0x0000000003801e08                vex::motor::setRotationUnits(vex::rotationUnits)
 .text._ZN3vex5motor11setRotationEdNS_13rotationUnitsE
                0x0000000003801e24       0x44 /Applications/VEXcode Pro V5.app/Contents/Resources/sdk/vexv5/libv5rt.a(vex_motor.cpp.obj)
                0x0000000003801e24                vex::motor::setRotation(double, vex::rotationUnits)
 .text._ZN3vex5motor13resetRotationEv
                0x0000000003801e68       0x20 /Applications/VEXcode Pro V5.app/Contents/Resources/sdk/vexv5/libv5rt.a(vex_motor.cpp.obj)
                0x0000000003801e68                vex::motor::resetRotation()
 .text._ZN3vex5motor8rotationENS_13rotationUnitsE
                0x0000000003801e88       0x44 /Applications/VEXcode Pro V5.app/Contents/Resources/sdk/vexv5/libv5rt.a(vex_motor.cpp.obj)
                0x0000000003801e88                vex::motor::rotation(vex::rotationUnits)
 .text._ZN3vex6vision9signatureD2Ev
                0x0000000003801ecc        0x4 /Applications/VEXcode Pro V5.app/Contents/Resources/sdk/vexv5/libv5rt.a(vex_vision.cpp.obj)
                0x0000000003801ecc                vex::vision::signature::~signature()
                0x0000000003801ecc                vex::vision::signature::~signature()
 .text._ZN3vex6vision9signature5clearEv
                0x0000000003801ed0       0x38 /Applications/VEXcode Pro V5.app/Contents/Resources/sdk/vexv5/libv5rt.a(vex_vision.cpp.obj)
                0x0000000003801ed0                vex::vision::signature::clear()
 .text._ZN3vex6vision9signatureC2Ev
                0x0000000003801f08       0x60 /Applications/VEXcode Pro V5.app/Contents/Resources/sdk/vexv5/libv5rt.a(vex_vision.cpp.obj)
                0x0000000003801f08                vex::vision::signature::signature()
                0x0000000003801f08                vex::vision::signature::signature()
 .text._ZN3vex6vision9signatureC2Elllllllfl
                0x0000000003801f68       0x5c /Applications/VEXcode Pro V5.app/Contents/Resources/sdk/vexv5/libv5rt.a(vex_vision.cpp.obj)
                0x0000000003801f68                vex::vision::signature::signature(long, long, long, long, long, long, long, float, long)
                0x0000000003801f68                vex::vision::signature::signature(long, long, long, long, long, long, long, float, long)
 .text._ZN3vex8inertial11getTurnTypeEv
                0x0000000003801fc4        0x8 /Applications/VEXcode Pro V5.app/Contents/Resources/sdk/vexv5/libv5rt.a(vex_imu.cpp.obj)
                0x0000000003801fc4                vex::inertial::getTurnType()
 .text._ZThn16_N3vex8inertial11getTurnTypeEv
                0x0000000003801fcc        0x8 /Applications/VEXcode Pro V5.app/Contents/Resources/sdk/vexv5/libv5rt.a(vex_imu.cpp.obj)
                0x0000000003801fcc                non-virtual thunk to vex::inertial::getTurnType()
 *fill*         0x0000000003801fd4        0x4 
 .text._ZN3vex8inertial10setHeadingEdNS_13rotationUnitsE
                0x0000000003801fd8       0x58 /Applications/VEXcode Pro V5.app/Contents/Resources/sdk/vexv5/libv5rt.a(vex_imu.cpp.obj)
                0x0000000003801fd8                vex::inertial::setHeading(double, vex::rotationUnits)
 .text._ZThn16_N3vex8inertial10setHeadingEdNS_13rotationUnitsE
                0x0000000003802030        0x8 /Applications/VEXcode Pro V5.app/Contents/Resources/sdk/vexv5/libv5rt.a(vex_imu.cpp.obj)
                0x0000000003802030                non-virtual thunk to vex::inertial::setHeading(double, vex::rotationUnits)
 .text._ZN3vex8inertial11setRotationEdNS_13rotationUnitsE
                0x0000000003802038       0x58 /Applications/VEXcode Pro V5.app/Contents/Resources/sdk/vexv5/libv5rt.a(vex_imu.cpp.obj)
                0x0000000003802038                vex::inertial::setRotation(double, vex::rotationUnits)
 .text._ZThn16_N3vex8inertial11setRotationEdNS_13rotationUnitsE
                0x0000000003802090        0x8 /Applications/VEXcode Pro V5.app/Contents/Resources/sdk/vexv5/libv5rt.a(vex_imu.cpp.obj)
                0x0000000003802090                non-virtual thunk to vex::inertial::setRotation(double, vex::rotationUnits)
 .text._ZN3vex8inertialD2Ev
                0x0000000003802098       0x20 /Applications/VEXcode Pro V5.app/Contents/Resources/sdk/vexv5/libv5rt.a(vex_imu.cpp.obj)
                0x0000000003802098                vex::inertial::~inertial()
                0x0000000003802098                vex::inertial::~inertial()
 .text._ZThn16_N3vex8inertialD1Ev
                0x00000000038020b8        0x8 /Applications/VEXcode Pro V5.app/Contents/Resources/sdk/vexv5/libv5rt.a(vex_imu.cpp.obj)
                0x00000000038020b8                non-virtual thunk to vex::inertial::~inertial()
 .text._ZN3vex8inertialD0Ev
                0x00000000038020c0       0x1c /Applications/VEXcode Pro V5.app/Contents/Resources/sdk/vexv5/libv5rt.a(vex_imu.cpp.obj)
                0x00000000038020c0                vex::inertial::~inertial()
 .text._ZThn16_N3vex8inertialD0Ev
                0x00000000038020dc        0x8 /Applications/VEXcode Pro V5.app/Contents/Resources/sdk/vexv5/libv5rt.a(vex_imu.cpp.obj)
                0x00000000038020dc                non-virtual thunk to vex::inertial::~inertial()
 .text._ZN3vex8inertial9installedEv
                0x00000000038020e4       0x18 /Applications/VEXcode Pro V5.app/Contents/Resources/sdk/vexv5/libv5rt.a(vex_imu.cpp.obj)
                0x00000000038020e4                vex::inertial::installed()
 .text._ZN3vex8inertial5angleENS_13rotationUnitsE
                0x00000000038020fc       0x6c /Applications/VEXcode Pro V5.app/Contents/Resources/sdk/vexv5/libv5rt.a(vex_imu.cpp.obj)
                0x00000000038020fc                vex::inertial::angle(vex::rotationUnits)
 .text._ZThn16_N3vex8inertial5angleENS_13rotationUnitsE
                0x0000000003802168        0x8 /Applications/VEXcode Pro V5.app/Contents/Resources/sdk/vexv5/libv5rt.a(vex_imu.cpp.obj)
                0x0000000003802168                non-virtual thunk to vex::inertial::angle(vex::rotationUnits)
 .text._ZN3vex8inertial7headingENS_13rotationUnitsE
                0x0000000003802170        0x4 /Applications/VEXcode Pro V5.app/Contents/Resources/sdk/vexv5/libv5rt.a(vex_imu.cpp.obj)
                0x0000000003802170                vex::inertial::heading(vex::rotationUnits)
 .text._ZThn16_N3vex8inertial7headingENS_13rotationUnitsE
                0x0000000003802174        0x8 /Applications/VEXcode Pro V5.app/Contents/Resources/sdk/vexv5/libv5rt.a(vex_imu.cpp.obj)
                0x0000000003802174                non-virtual thunk to vex::inertial::heading(vex::rotationUnits)
 .text._ZN3vex8inertial5valueEv
                0x000000000380217c       0x1c /Applications/VEXcode Pro V5.app/Contents/Resources/sdk/vexv5/libv5rt.a(vex_imu.cpp.obj)
                0x000000000380217c                vex::inertial::value()
 .text._ZN3vex8inertial8rotationENS_13rotationUnitsE
                0x0000000003802198       0x48 /Applications/VEXcode Pro V5.app/Contents/Resources/sdk/vexv5/libv5rt.a(vex_imu.cpp.obj)
                0x0000000003802198                vex::inertial::rotation(vex::rotationUnits)
 .text._ZThn16_N3vex8inertial8rotationENS_13rotationUnitsE
                0x00000000038021e0        0x8 /Applications/VEXcode Pro V5.app/Contents/Resources/sdk/vexv5/libv5rt.a(vex_imu.cpp.obj)
                0x00000000038021e0                non-virtual thunk to vex::inertial::rotation(vex::rotationUnits)
 .text._ZN3vex8inertial13isCalibratingEv
                0x00000000038021e8       0x38 /Applications/VEXcode Pro V5.app/Contents/Resources/sdk/vexv5/libv5rt.a(vex_imu.cpp.obj)
                0x00000000038021e8                vex::inertial::isCalibrating()
 .text._ZThn16_N3vex8inertial13isCalibratingEv
                0x0000000003802220        0x8 /Applications/VEXcode Pro V5.app/Contents/Resources/sdk/vexv5/libv5rt.a(vex_imu.cpp.obj)
                0x0000000003802220                non-virtual thunk to vex::inertial::isCalibrating()
 .text._ZN3vex8inertialC2ElNS_8turnTypeE
                0x0000000003802228       0x4c /Applications/VEXcode Pro V5.app/Contents/Resources/sdk/vexv5/libv5rt.a(vex_imu.cpp.obj)
                0x0000000003802228                vex::inertial::inertial(long, vex::turnType)
                0x0000000003802228                vex::inertial::inertial(long, vex::turnType)
 .text._ZN3vex8inertial16startCalibrationEl
                0x0000000003802274       0x20 /Applications/VEXcode Pro V5.app/Contents/Resources/sdk/vexv5/libv5rt.a(vex_imu.cpp.obj)
                0x0000000003802274                vex::inertial::startCalibration(long)
 .text._ZN3vex8inertial9calibrateEl
                0x0000000003802294        0xc /Applications/VEXcode Pro V5.app/Contents/Resources/sdk/vexv5/libv5rt.a(vex_imu.cpp.obj)
                0x0000000003802294                vex::inertial::calibrate(long)
                0x0000000003802298                non-virtual thunk to vex::inertial::calibrate(long)
 .text._ZN3vex10controllerD2Ev
                0x00000000038022a0        0x4 /Applications/VEXcode Pro V5.app/Contents/Resources/sdk/vexv5/libv5rt.a(vex_controller.cpp.obj)
                0x00000000038022a0                vex::controller::~controller()
                0x00000000038022a0                vex::controller::~controller()
 .text._ZN3vex10controller5valueE19_V5_ControllerIndex
                0x00000000038022a4        0x8 /Applications/VEXcode Pro V5.app/Contents/Resources/sdk/vexv5/libv5rt.a(vex_controller.cpp.obj)
                0x00000000038022a4                vex::controller::value(_V5_ControllerIndex)
 .text._ZNK3vex10controller6button8pressingEv
                0x00000000038022ac       0xc8 /Applications/VEXcode Pro V5.app/Contents/Resources/sdk/vexv5/libv5rt.a(vex_controller.cpp.obj)
                0x00000000038022ac                vex::controller::button::pressing() const
 .text._ZNK3vex10controller6button21_buttonToPressedEventEv
                0x0000000003802374       0x20 /Applications/VEXcode Pro V5.app/Contents/Resources/sdk/vexv5/libv5rt.a(vex_controller.cpp.obj)
                0x0000000003802374                vex::controller::button::_buttonToPressedEvent() const
 .text._ZNK3vex10controller6button22_buttonToReleasedEventEv
                0x0000000003802394       0x20 /Applications/VEXcode Pro V5.app/Contents/Resources/sdk/vexv5/libv5rt.a(vex_controller.cpp.obj)
                0x0000000003802394                vex::controller::button::_buttonToReleasedEvent() const
 .text._ZN3vex10controller6buttonC2ENS0_11tButtonTypeEPS0_
                0x00000000038023b4       0x48 /Applications/VEXcode Pro V5.app/Contents/Resources/sdk/vexv5/libv5rt.a(vex_controller.cpp.obj)
                0x00000000038023b4                vex::controller::button::button(vex::controller::tButtonType, vex::controller*)
                0x00000000038023b4                vex::controller::button::button(vex::controller::tButtonType, vex::controller*)
 .text._ZNK3vex10controller4axis5valueEv
                0x00000000038023fc       0x58 /Applications/VEXcode Pro V5.app/Contents/Resources/sdk/vexv5/libv5rt.a(vex_controller.cpp.obj)
                0x00000000038023fc                vex::controller::axis::value() const
 .text._ZNK3vex10controller4axis8positionENS_12percentUnitsE
                0x0000000003802454       0x1c /Applications/VEXcode Pro V5.app/Contents/Resources/sdk/vexv5/libv5rt.a(vex_controller.cpp.obj)
                0x0000000003802454                vex::controller::axis::position(vex::percentUnits) const
 .text._ZNK3vex10controller4axis23_joystickToChangedEventEv
                0x0000000003802470       0x20 /Applications/VEXcode Pro V5.app/Contents/Resources/sdk/vexv5/libv5rt.a(vex_controller.cpp.obj)
                0x0000000003802470                vex::controller::axis::_joystickToChangedEvent() const
 .text._ZN3vex10controller4axisC2ENS0_9tAxisTypeEPS0_
                0x0000000003802490       0x2c /Applications/VEXcode Pro V5.app/Contents/Resources/sdk/vexv5/libv5rt.a(vex_controller.cpp.obj)
                0x0000000003802490                vex::controller::axis::axis(vex::controller::tAxisType, vex::controller*)
                0x0000000003802490                vex::controller::axis::axis(vex::controller::tAxisType, vex::controller*)
 .text._ZN3vex10controllerC2ENS_14controllerTypeE
                0x00000000038024bc      0x16c /Applications/VEXcode Pro V5.app/Contents/Resources/sdk/vexv5/libv5rt.a(vex_controller.cpp.obj)
                0x00000000038024bc                vex::controller::controller(vex::controllerType)
                0x00000000038024bc                vex::controller::controller(vex::controllerType)
 .text._ZN3vex4taskC2EPFivE
                0x0000000003802628       0x5c /Applications/VEXcode Pro V5.app/Contents/Resources/sdk/vexv5/libv5rt.a(vex_task.cpp.obj)
                0x0000000003802628                vex::task::task(int (*)())
                0x0000000003802628                vex::task::task(int (*)())
 .text._ZN3vex4taskD2Ev
                0x0000000003802684        0x4 /Applications/VEXcode Pro V5.app/Contents/Resources/sdk/vexv5/libv5rt.a(vex_task.cpp.obj)
                0x0000000003802684                vex::task::~task()
                0x0000000003802684                vex::task::~task()
 .text._ZN3vex4task4stopEPvi
                0x0000000003802688       0x1c /Applications/VEXcode Pro V5.app/Contents/Resources/sdk/vexv5/libv5rt.a(vex_task.cpp.obj)
                0x0000000003802688                vex::task::stop(void*, int)
 .text._ZN3vex4task6_indexEPFivE
                0x00000000038026a4       0x14 /Applications/VEXcode Pro V5.app/Contents/Resources/sdk/vexv5/libv5rt.a(vex_task.cpp.obj)
                0x00000000038026a4                vex::task::_index(int (*)())
 .text._ZN3vex4task8_stopAllEv
                0x00000000038026b8       0x3c /Applications/VEXcode Pro V5.app/Contents/Resources/sdk/vexv5/libv5rt.a(vex_task.cpp.obj)
                0x00000000038026b8                vex::task::_stopAll()
 .text._ZN3vex11this_thread9sleep_forEm
                0x00000000038026f4        0x4 /Applications/VEXcode Pro V5.app/Contents/Resources/sdk/vexv5/libv5rt.a(vex_thread.cpp.obj)
                0x00000000038026f4                vex::this_thread::sleep_for(unsigned long)
 .text._ZN3vex5event4initEmmPFvvE
                0x00000000038026f8        0x4 /Applications/VEXcode Pro V5.app/Contents/Resources/sdk/vexv5/libv5rt.a(vex_event.cpp.obj)
                0x00000000038026f8                vex::event::init(unsigned long, unsigned long, void (*)())
 .text._ZN3vex5event4initEmmPFvPvES1_
                0x00000000038026fc        0x4 /Applications/VEXcode Pro V5.app/Contents/Resources/sdk/vexv5/libv5rt.a(vex_event.cpp.obj)
                0x00000000038026fc                vex::event::init(unsigned long, unsigned long, void (*)(void*), void*)
 .text._ZN3vex5event9userindexEv
                0x0000000003802700        0x4 /Applications/VEXcode Pro V5.app/Contents/Resources/sdk/vexv5/libv5rt.a(vex_event.cpp.obj)
                0x0000000003802700                vex::event::userindex()
 .text._ZZN3vex6meventC4EmmENUlvE_4_FUNEv
                0x0000000003802704        0x4 /Applications/VEXcode Pro V5.app/Contents/Resources/sdk/vexv5/libv5rt.a(vex_mevent.cpp.obj)
 .text._ZN3vex6meventC2Emm
                0x0000000003802708       0x70 /Applications/VEXcode Pro V5.app/Contents/Resources/sdk/vexv5/libv5rt.a(vex_mevent.cpp.obj)
                0x0000000003802708                vex::mevent::mevent(unsigned long, unsigned long)
                0x0000000003802708                vex::mevent::mevent(unsigned long, unsigned long)
 .text._ZN3vex5brain9_getIndexEv
                0x0000000003802778       0x10 /Applications/VEXcode Pro V5.app/Contents/Resources/sdk/vexv5/libv5rt.a(vex_brain.cpp.obj)
                0x0000000003802778                vex::brain::_getIndex()
 .text._ZN3vex5brain3lcd9setCursorEll
                0x0000000003802788       0x44 /Applications/VEXcode Pro V5.app/Contents/Resources/sdk/vexv5/libv5rt.a(vex_brain.cpp.obj)
                0x0000000003802788                vex::brain::lcd::setCursor(long, long)
 .text._ZN3vex5brain3lcd7setFontENS_8fontTypeE
                0x00000000038027cc      0x23c /Applications/VEXcode Pro V5.app/Contents/Resources/sdk/vexv5/libv5rt.a(vex_brain.cpp.obj)
                0x00000000038027cc                vex::brain::lcd::setFont(vex::fontType)
 .text._ZN3vex5brain3lcdC2Ev
                0x0000000003802a08       0x94 /Applications/VEXcode Pro V5.app/Contents/Resources/sdk/vexv5/libv5rt.a(vex_brain.cpp.obj)
                0x0000000003802a08                vex::brain::lcd::lcd()
                0x0000000003802a08                vex::brain::lcd::lcd()
 .text._ZN3vex5brainC2Ev
                0x0000000003802a9c       0x3c /Applications/VEXcode Pro V5.app/Contents/Resources/sdk/vexv5/libv5rt.a(vex_brain.cpp.obj)
                0x0000000003802a9c                vex::brain::brain()
                0x0000000003802a9c                vex::brain::brain()
 .text._ZN3vex5brain3lcd11setPenWidthEm
                0x0000000003802ad8       0x24 /Applications/VEXcode Pro V5.app/Contents/Resources/sdk/vexv5/libv5rt.a(vex_brain.cpp.obj)
                0x0000000003802ad8                vex::brain::lcd::setPenWidth(unsigned long)
 .text._ZN3vex5brain3lcd11setPenColorERKNS_5colorE
                0x0000000003802afc       0x14 /Applications/VEXcode Pro V5.app/Contents/Resources/sdk/vexv5/libv5rt.a(vex_brain.cpp.obj)
                0x0000000003802afc                vex::brain::lcd::setPenColor(vex::color const&)
 .text._ZN3vex5brain3lcd9drawPixelEii
                0x0000000003802b10       0x14 /Applications/VEXcode Pro V5.app/Contents/Resources/sdk/vexv5/libv5rt.a(vex_brain.cpp.obj)
                0x0000000003802b10                vex::brain::lcd::drawPixel(int, int)
 .text._ZN3vex5brain3lcd8drawLineEiiii
                0x0000000003802b24      0x2c4 /Applications/VEXcode Pro V5.app/Contents/Resources/sdk/vexv5/libv5rt.a(vex_brain.cpp.obj)
                0x0000000003802b24                vex::brain::lcd::drawLine(int, int, int, int)
 .text._ZN3vex5brainD2Ev
                0x0000000003802de8       0x20 /Applications/VEXcode Pro V5.app/Contents/Resources/sdk/vexv5/libv5rt.a(vex_brain.cpp.obj)
                0x0000000003802de8                vex::brain::~brain()
                0x0000000003802de8                vex::brain::~brain()
 .text._ZN3vex11competition8_disableEPv
                0x0000000003802e08       0xa4 /Applications/VEXcode Pro V5.app/Contents/Resources/sdk/vexv5/libv5rt.a(vex_competition.cpp.obj)
                0x0000000003802e08                vex::competition::_disable(void*)
 .text._ZN3vex11competition11_autonomousEv
                0x0000000003802eac       0x80 /Applications/VEXcode Pro V5.app/Contents/Resources/sdk/vexv5/libv5rt.a(vex_competition.cpp.obj)
                0x0000000003802eac                vex::competition::_autonomous()
 .text._ZN3vex11competition14_drivercontrolEv
                0x0000000003802f2c       0x80 /Applications/VEXcode Pro V5.app/Contents/Resources/sdk/vexv5/libv5rt.a(vex_competition.cpp.obj)
                0x0000000003802f2c                vex::competition::_drivercontrol()
 .text._ZN3vex11competitionC2Ev
                0x0000000003802fac      0x13c /Applications/VEXcode Pro V5.app/Contents/Resources/sdk/vexv5/libv5rt.a(vex_competition.cpp.obj)
                0x0000000003802fac                vex::competition::competition()
                0x0000000003802fac                vex::competition::competition()
 .text._ZN3vex11competitionD2Ev
                0x00000000038030e8        0x4 /Applications/VEXcode Pro V5.app/Contents/Resources/sdk/vexv5/libv5rt.a(vex_competition.cpp.obj)
                0x00000000038030e8                vex::competition::~competition()
                0x00000000038030e8                vex::competition::~competition()
 .text._ZN3vex7triportD2Ev
                0x00000000038030ec       0x38 /Applications/VEXcode Pro V5.app/Contents/Resources/sdk/vexv5/libv5rt.a(vex_triport.cpp.obj)
                0x00000000038030ec                vex::triport::~triport()
                0x00000000038030ec                vex::triport::~triport()
 .text._ZN3vex7triportD0Ev
                0x0000000003803124       0x1c /Applications/VEXcode Pro V5.app/Contents/Resources/sdk/vexv5/libv5rt.a(vex_triport.cpp.obj)
                0x0000000003803124                vex::triport::~triport()
 .text._ZN3vex7triport9installedEv
                0x0000000003803140       0x18 /Applications/VEXcode Pro V5.app/Contents/Resources/sdk/vexv5/libv5rt.a(vex_triport.cpp.obj)
                0x0000000003803140                vex::triport::installed()
 .text._ZN3vex7triport4portC2ElPS0_
                0x0000000003803158       0x74 /Applications/VEXcode Pro V5.app/Contents/Resources/sdk/vexv5/libv5rt.a(vex_triport.cpp.obj)
                0x0000000003803158                vex::triport::port::port(long, vex::triport*)
                0x0000000003803158                vex::triport::port::port(long, vex::triport*)
 .text._ZN3vex7triportC2El
                0x00000000038031cc       0xf0 /Applications/VEXcode Pro V5.app/Contents/Resources/sdk/vexv5/libv5rt.a(vex_triport.cpp.obj)
                0x00000000038031cc                vex::triport::triport(long)
                0x00000000038031cc                vex::triport::triport(long)
 .text._ZN3vex5colorD2Ev
                0x00000000038032bc        0x4 /Applications/VEXcode Pro V5.app/Contents/Resources/sdk/vexv5/libv5rt.a(vex_color.cpp.obj)
                0x00000000038032bc                vex::color::~color()
                0x00000000038032bc                vex::color::~color()
 .text._ZN3vex5colorC2Ehhh
                0x00000000038032c0       0x1c /Applications/VEXcode Pro V5.app/Contents/Resources/sdk/vexv5/libv5rt.a(vex_color.cpp.obj)
                0x00000000038032c0                vex::color::color(unsigned char, unsigned char, unsigned char)
                0x00000000038032c0                vex::color::color(unsigned char, unsigned char, unsigned char)
 .text._ZNK3vex5colorcvmEv
                0x00000000038032dc        0x8 /Applications/VEXcode Pro V5.app/Contents/Resources/sdk/vexv5/libv5rt.a(vex_color.cpp.obj)
                0x00000000038032dc                vex::color::operator unsigned long() const
 .text.startup._GLOBAL__sub_I__ZN3vex5color5blackE
                0x00000000038032e4      0x164 /Applications/VEXcode Pro V5.app/Contents/Resources/sdk/vexv5/libv5rt.a(vex_color.cpp.obj)
 .text._ZN3vex5timerD2Ev
                0x0000000003803448        0x4 /Applications/VEXcode Pro V5.app/Contents/Resources/sdk/vexv5/libv5rt.a(vex_timer.cpp.obj)
                0x0000000003803448                vex::timer::~timer()
                0x0000000003803448                vex::timer::~timer()
 .text._ZN3vex5timer5clearEv
                0x000000000380344c       0x1c /Applications/VEXcode Pro V5.app/Contents/Resources/sdk/vexv5/libv5rt.a(vex_timer.cpp.obj)
                0x000000000380344c                vex::timer::clear()
 .text._ZN3vex5timerC2Ev
                0x0000000003803468       0x14 /Applications/VEXcode Pro V5.app/Contents/Resources/sdk/vexv5/libv5rt.a(vex_timer.cpp.obj)
                0x0000000003803468                vex::timer::timer()
                0x0000000003803468                vex::timer::timer()
 .text.vexMotorVelocitySet
                0x000000000380347c       0x20 /Applications/VEXcode Pro V5.app/Contents/Resources/sdk/vexv5/libv5rt.a(v5_apiuser.c.obj)
                0x000000000380347c                vexMotorVelocitySet
 .text.vexMotorVoltageSet
                0x000000000380349c       0x20 /Applications/VEXcode Pro V5.app/Contents/Resources/sdk/vexv5/libv5rt.a(v5_apiuser.c.obj)
                0x000000000380349c                vexMotorVoltageSet
 .text.vexMotorActualVelocityGet
                0x00000000038034bc       0x24 /Applications/VEXcode Pro V5.app/Contents/Resources/sdk/vexv5/libv5rt.a(v5_apiuser.c.obj)
                0x00000000038034bc                vexMotorActualVelocityGet
 .text.vexMotorCurrentGet
                0x00000000038034e0       0x18 /Applications/VEXcode Pro V5.app/Contents/Resources/sdk/vexv5/libv5rt.a(v5_apiuser.c.obj)
                0x00000000038034e0                vexMotorCurrentGet
 .text.vexMotorReverseFlagSet
                0x00000000038034f8       0x20 /Applications/VEXcode Pro V5.app/Contents/Resources/sdk/vexv5/libv5rt.a(v5_apiuser.c.obj)
                0x00000000038034f8                vexMotorReverseFlagSet
 .text.vexMotorEncoderUnitsSet
                0x0000000003803518       0x20 /Applications/VEXcode Pro V5.app/Contents/Resources/sdk/vexv5/libv5rt.a(v5_apiuser.c.obj)
                0x0000000003803518                vexMotorEncoderUnitsSet
 .text.vexMotorBrakeModeSet
                0x0000000003803538       0x20 /Applications/VEXcode Pro V5.app/Contents/Resources/sdk/vexv5/libv5rt.a(v5_apiuser.c.obj)
                0x0000000003803538                vexMotorBrakeModeSet
 .text.vexMotorPositionSet
                0x0000000003803558       0x28 /Applications/VEXcode Pro V5.app/Contents/Resources/sdk/vexv5/libv5rt.a(v5_apiuser.c.obj)
                0x0000000003803558                vexMotorPositionSet
 .text.vexMotorPositionGet
                0x0000000003803580       0x24 /Applications/VEXcode Pro V5.app/Contents/Resources/sdk/vexv5/libv5rt.a(v5_apiuser.c.obj)
                0x0000000003803580                vexMotorPositionGet
 .text.vexMotorGearingSet
                0x00000000038035a4       0x20 /Applications/VEXcode Pro V5.app/Contents/Resources/sdk/vexv5/libv5rt.a(v5_apiuser.c.obj)
                0x00000000038035a4                vexMotorGearingSet
 .text.vexMotorGearingGet
                0x00000000038035c4       0x18 /Applications/VEXcode Pro V5.app/Contents/Resources/sdk/vexv5/libv5rt.a(v5_apiuser.c.obj)
                0x00000000038035c4                vexMotorGearingGet
 .text.vexImuReset
                0x00000000038035dc       0x10 /Applications/VEXcode Pro V5.app/Contents/Resources/sdk/vexv5/libv5rt.a(v5_apiuser.c.obj)
                0x00000000038035dc                vexImuReset
 .text.vexImuHeadingGet
                0x00000000038035ec       0x10 /Applications/VEXcode Pro V5.app/Contents/Resources/sdk/vexv5/libv5rt.a(v5_apiuser.c.obj)
                0x00000000038035ec                vexImuHeadingGet
 .text.vexImuDegreesGet
                0x00000000038035fc       0x10 /Applications/VEXcode Pro V5.app/Contents/Resources/sdk/vexv5/libv5rt.a(v5_apiuser.c.obj)
                0x00000000038035fc                vexImuDegreesGet
 .text.vexImuStatusGet
                0x000000000380360c       0x10 /Applications/VEXcode Pro V5.app/Contents/Resources/sdk/vexv5/libv5rt.a(v5_apiuser.c.obj)
                0x000000000380360c                vexImuStatusGet
 .text.vexEventMaskSet
                0x000000000380361c       0x28 /Applications/VEXcode Pro V5.app/Contents/Resources/sdk/vexv5/libv5rt.a(v5_apiuser.c.obj)
                0x000000000380361c                vexEventMaskSet
 .text.vexEventMaskGet
                0x0000000003803644       0x18 /Applications/VEXcode Pro V5.app/Contents/Resources/sdk/vexv5/libv5rt.a(v5_apiuser.c.obj)
                0x0000000003803644                vexEventMaskGet
 .text._ZN3vex6deviceD2Ev
                0x000000000380365c        0x4 /Applications/VEXcode Pro V5.app/Contents/Resources/sdk/vexv5/libv5rt.a(vex_device.cpp.obj)
                0x000000000380365c                vex::device::~device()
                0x000000000380365c                vex::device::~device()
 .text._ZN3vex6device5valueEv
                0x0000000003803660        0x8 /Applications/VEXcode Pro V5.app/Contents/Resources/sdk/vexv5/libv5rt.a(vex_device.cpp.obj)
                0x0000000003803660                vex::device::value()
 .text._ZN3vex6deviceD0Ev
                0x0000000003803668       0x14 /Applications/VEXcode Pro V5.app/Contents/Resources/sdk/vexv5/libv5rt.a(vex_device.cpp.obj)
                0x0000000003803668                vex::device::~device()
 .text._ZN3vex6device4initEl
                0x000000000380367c       0x30 /Applications/VEXcode Pro V5.app/Contents/Resources/sdk/vexv5/libv5rt.a(vex_device.cpp.obj)
                0x000000000380367c                vex::device::init(long)
 .text._ZN3vex6deviceC2El
                0x00000000038036ac       0x20 /Applications/VEXcode Pro V5.app/Contents/Resources/sdk/vexv5/libv5rt.a(vex_device.cpp.obj)
                0x00000000038036ac                vex::device::device(long)
                0x00000000038036ac                vex::device::device(long)
 .text._ZN3vex6device4typeEv
                0x00000000038036cc       0x10 /Applications/VEXcode Pro V5.app/Contents/Resources/sdk/vexv5/libv5rt.a(vex_device.cpp.obj)
                0x00000000038036cc                vex::device::type()
 .text._ZN3vex6device9installedEv
                0x00000000038036dc       0x14 /Applications/VEXcode Pro V5.app/Contents/Resources/sdk/vexv5/libv5rt.a(vex_device.cpp.obj)
                0x00000000038036dc                vex::device::installed()
 .text.__libc_fini_array
                0x00000000038036f0       0x30 /Applications/VEXcode Pro V5.app/Contents/Resources/sdk/vexv5/gcc/libs/libc.a(lib_a-fini.o)
                0x00000000038036f0                __libc_fini_array
 .text.__libc_init_array
                0x0000000003803720       0x58 /Applications/VEXcode Pro V5.app/Contents/Resources/sdk/vexv5/gcc/libs/libc.a(lib_a-init.o)
                0x0000000003803720                __libc_init_array
 .text.fmax     0x0000000003803778       0x4c /Applications/VEXcode Pro V5.app/Contents/Resources/sdk/vexv5/gcc/libs/libm.a(lib_a-s_fmax.o)
                0x0000000003803778                fmax
 .text.fmin     0x00000000038037c4       0x4c /Applications/VEXcode Pro V5.app/Contents/Resources/sdk/vexv5/gcc/libs/libm.a(lib_a-s_fmin.o)
                0x00000000038037c4                fmin
 .text.fmin.__stub
                0x0000000003803810       0x18 linker stubs
 *(.gnu.linkonce.t.*)
 *(.plt)
 *(.gnu_warning)
 *(.gcc_except_table)
 *(.glue_7)
 .glue_7        0x0000000003803828        0x0 linker stubs
 *(.glue_7t)
 .glue_7t       0x0000000003803828        0x0 linker stubs
 *(.vfp11_veneer)
 .vfp11_veneer  0x0000000003803828        0x0 linker stubs
 *(.ARM.extab)
 *(.gnu.linkonce.armextab.*)

.v4_bx          0x0000000003803828        0x0
 .v4_bx         0x0000000003803828        0x0 linker stubs

.iplt           0x0000000003803828        0x0
 .iplt          0x0000000003803828        0x0 build/src/main.o

.init
 *(.init)

.fini
 *(.fini)

.rodata         0x0000000003803828      0x1f4
                0x0000000003803828                __rodata_start = .
 *(.rodata)
 *(.rodata.*)
 .rodata._ZTV9BaseRobot
                0x0000000003803828       0x38 build/src/main.o
                0x0000000003803828                vtable for BaseRobot
 .rodata._ZTV7Robot15
                0x0000000003803860       0x38 build/src/main.o
                0x0000000003803860                vtable for Robot15
 .rodata.str1.1
                0x0000000003803898       0x2e /Applications/VEXcode Pro V5.app/Contents/Resources/sdk/vexv5/libv5rt.a(v5_startup.c.obj)
 *fill*         0x00000000038038c6        0x2 
 .rodata._ZN3vex6PORT20E
                0x00000000038038c8        0x4 /Applications/VEXcode Pro V5.app/Contents/Resources/sdk/vexv5/libv5rt.a(vex_global.cpp.obj)
                0x00000000038038c8                vex::PORT20
 .rodata._ZN3vex5PORT1E
                0x00000000038038cc        0x4 /Applications/VEXcode Pro V5.app/Contents/Resources/sdk/vexv5/libv5rt.a(vex_global.cpp.obj)
                0x00000000038038cc                vex::PORT1
 .rodata._ZN3vex7reverseE
                0x00000000038038d0        0x4 /Applications/VEXcode Pro V5.app/Contents/Resources/sdk/vexv5/libv5rt.a(vex_global.cpp.obj)
                0x00000000038038d0                vex::reverse
 .rodata._ZN3vex6PORT10E
                0x00000000038038d4        0x4 /Applications/VEXcode Pro V5.app/Contents/Resources/sdk/vexv5/libv5rt.a(vex_global.cpp.obj)
                0x00000000038038d4                vex::PORT10
 .rodata._ZN3vex7forwardE
                0x00000000038038d8        0x4 /Applications/VEXcode Pro V5.app/Contents/Resources/sdk/vexv5/libv5rt.a(vex_global.cpp.obj)
                0x00000000038038d8                vex::forward
 .rodata._ZN3vex5whiteE
                0x00000000038038dc        0x4 /Applications/VEXcode Pro V5.app/Contents/Resources/sdk/vexv5/libv5rt.a(vex_global.cpp.obj)
                0x00000000038038dc                vex::white
 .rodata._ZN3vex4msecE
                0x00000000038038e0        0x4 /Applications/VEXcode Pro V5.app/Contents/Resources/sdk/vexv5/libv5rt.a(vex_global.cpp.obj)
                0x00000000038038e0                vex::msec
 .rodata._ZN3vex6PORT18E
                0x00000000038038e4        0x4 /Applications/VEXcode Pro V5.app/Contents/Resources/sdk/vexv5/libv5rt.a(vex_global.cpp.obj)
                0x00000000038038e4                vex::PORT18
 .rodata._ZN3vex6PORT21E
                0x00000000038038e8        0x4 /Applications/VEXcode Pro V5.app/Contents/Resources/sdk/vexv5/libv5rt.a(vex_global.cpp.obj)
                0x00000000038038e8                vex::PORT21
 .rodata._ZN3vex5PORT2E
                0x00000000038038ec        0x4 /Applications/VEXcode Pro V5.app/Contents/Resources/sdk/vexv5/libv5rt.a(vex_global.cpp.obj)
                0x00000000038038ec                vex::PORT2
 .rodata._ZN3vex3degE
                0x00000000038038f0        0x4 /Applications/VEXcode Pro V5.app/Contents/Resources/sdk/vexv5/libv5rt.a(vex_global.cpp.obj)
                0x00000000038038f0                vex::deg
 .rodata._ZN3vex6PORT22E
                0x00000000038038f4        0x4 /Applications/VEXcode Pro V5.app/Contents/Resources/sdk/vexv5/libv5rt.a(vex_global.cpp.obj)
                0x00000000038038f4                vex::PORT22
 .rodata._ZN3vex6PORT12E
                0x00000000038038f8        0x4 /Applications/VEXcode Pro V5.app/Contents/Resources/sdk/vexv5/libv5rt.a(vex_global.cpp.obj)
                0x00000000038038f8                vex::PORT12
 .rodata._ZN3vex6PORT16E
                0x00000000038038fc        0x4 /Applications/VEXcode Pro V5.app/Contents/Resources/sdk/vexv5/libv5rt.a(vex_global.cpp.obj)
                0x00000000038038fc                vex::PORT16
 .rodata._ZN3vex8ratio6_1E
                0x0000000003803900        0x4 /Applications/VEXcode Pro V5.app/Contents/Resources/sdk/vexv5/libv5rt.a(vex_global.cpp.obj)
                0x0000000003803900                vex::ratio6_1
 .rodata._ZN3vex5PORT4E
                0x0000000003803904        0x4 /Applications/VEXcode Pro V5.app/Contents/Resources/sdk/vexv5/libv5rt.a(vex_global.cpp.obj)
                0x0000000003803904                vex::PORT4
 .rodata._ZTVN3vex5motorE
                0x0000000003803908       0x18 /Applications/VEXcode Pro V5.app/Contents/Resources/sdk/vexv5/libv5rt.a(vex_motor.cpp.obj)
                0x0000000003803908                vtable for vex::motor
 .rodata._ZTVN3vex8inertialE
                0x0000000003803920       0x68 /Applications/VEXcode Pro V5.app/Contents/Resources/sdk/vexv5/libv5rt.a(vex_imu.cpp.obj)
                0x0000000003803920                vtable for vex::inertial
 .rodata.CSWTCH.16
                0x0000000003803988        0xb /Applications/VEXcode Pro V5.app/Contents/Resources/sdk/vexv5/libv5rt.a(vex_controller.cpp.obj)
 .rodata.CSWTCH.18
                0x0000000003803993        0xb /Applications/VEXcode Pro V5.app/Contents/Resources/sdk/vexv5/libv5rt.a(vex_controller.cpp.obj)
 .rodata.CSWTCH.24
                0x000000000380399e        0x3 /Applications/VEXcode Pro V5.app/Contents/Resources/sdk/vexv5/libv5rt.a(vex_controller.cpp.obj)
 .rodata.str1.1
                0x00000000038039a1       0x14 /Applications/VEXcode Pro V5.app/Contents/Resources/sdk/vexv5/libv5rt.a(vex_task.cpp.obj)
 .rodata.str1.1
                0x00000000038039b5       0x2d /Applications/VEXcode Pro V5.app/Contents/Resources/sdk/vexv5/libv5rt.a(vex_brain.cpp.obj)
 *fill*         0x00000000038039e2        0x6 
 .rodata._ZTVN3vex7triportE
                0x00000000038039e8       0x18 /Applications/VEXcode Pro V5.app/Contents/Resources/sdk/vexv5/libv5rt.a(vex_triport.cpp.obj)
                0x00000000038039e8                vtable for vex::triport
 .rodata._ZTVN3vex6deviceE
                0x0000000003803a00       0x18 /Applications/VEXcode Pro V5.app/Contents/Resources/sdk/vexv5/libv5rt.a(vex_device.cpp.obj)
                0x0000000003803a00                vtable for vex::device
 .rodata.str1.4
                0x0000000003803a18        0x4 /Applications/VEXcode Pro V5.app/Contents/Resources/sdk/vexv5/gcc/libs/libc.a(lib_a-impure.o)
                                          0x2 (size before relaxing)
 *(.gnu.linkonce.r.*)
                0x0000000003803a1c                __rodata_end = .

.rodata1        0x0000000003803a1c        0x0
                0x0000000003803a1c                __rodata1_start = .
 *(.rodata1)
 *(.rodata1.*)
                0x0000000003803a1c                __rodata1_end = .

.sdata2         0x0000000003803a1c        0x0
                0x0000000003803a1c                __sdata2_start = .
 *(.sdata2)
 *(.sdata2.*)
 *(.gnu.linkonce.s2.*)
                0x0000000003803a1c                __sdata2_end = .

.sbss2          0x0000000003803a1c        0x0
                0x0000000003803a1c                __sbss2_start = .
 *(.sbss2)
 *(.sbss2.*)
 *(.gnu.linkonce.sb2.*)
                0x0000000003803a1c                __sbss2_end = .

.data           0x0000000003803a20      0x43c
                0x0000000003803a20                __data_start = .
 *(.data)
 *(.data.*)
 .data.Controller1
                0x0000000003803a20        0x4 build/src/main.o
                0x0000000003803a20                Controller1
 .data.appRunning
                0x0000000003803a24        0x4 /Applications/VEXcode Pro V5.app/Contents/Resources/sdk/vexv5/libv5rt.a(v5_startup.c.obj)
                0x0000000003803a24                appRunning
 .data.__yoff   0x0000000003803a28        0x4 /Applications/VEXcode Pro V5.app/Contents/Resources/sdk/vexv5/libv5rt.a(v5_apijump.c.obj)
 .data._ZN3vex24__default_motor_velocityE
                0x0000000003803a2c        0x4 /Applications/VEXcode Pro V5.app/Contents/Resources/sdk/vexv5/libv5rt.a(vex_motor.cpp.obj)
                0x0000000003803a2c                vex::__default_motor_velocity
 .data.impure_data
                0x0000000003803a30      0x428 /Applications/VEXcode Pro V5.app/Contents/Resources/sdk/vexv5/gcc/libs/libc.a(lib_a-impure.o)
 .data._impure_ptr
                0x0000000003803e58        0x4 /Applications/VEXcode Pro V5.app/Contents/Resources/sdk/vexv5/gcc/libs/libc.a(lib_a-impure.o)
                0x0000000003803e58                _impure_ptr
 *(.gnu.linkonce.d.*)
 *(.jcr)
 *(.got)
 *(.got.plt)
                0x0000000003803e5c                __data_end = .

.igot.plt       0x0000000003803e5c        0x0
 .igot.plt      0x0000000003803e5c        0x0 build/src/main.o

.data1          0x0000000003803e5c        0x0
                0x0000000003803e5c                __data1_start = .
 *(.data1)
 *(.data1.*)
                0x0000000003803e5c                __data1_end = .

.got
 *(.got)

.ctors          0x0000000003803e5c        0x0
                0x0000000003803e5c                __CTOR_LIST__ = .
                0x0000000003803e5c                ___CTORS_LIST___ = .
 *crtbegin.o(.ctors)
 *(EXCLUDE_FILE(*crtend.o) .ctors)
 *(SORT_BY_NAME(.ctors.*))
 *(.ctors)
                0x0000000003803e5c                __CTOR_END__ = .
                0x0000000003803e5c                ___CTORS_END___ = .

.dtors          0x0000000003803e5c        0x0
                0x0000000003803e5c                __DTOR_LIST__ = .
                0x0000000003803e5c                ___DTORS_LIST___ = .
 *crtbegin.o(.dtors)
 *(EXCLUDE_FILE(*crtend.o) .dtors)
 *(SORT_BY_NAME(.dtors.*))
 *(.dtors)
                0x0000000003803e5c                __DTOR_END__ = .
                0x0000000003803e5c                ___DTORS_END___ = .

.fixup          0x0000000003803e5c        0x0
                0x0000000003803e5c                __fixup_start = .
 *(.fixup)
                0x0000000003803e5c                __fixup_end = .

.eh_frame
 *(.eh_frame)

.eh_framehdr    0x0000000003803e5c        0x0
                0x0000000003803e5c                __eh_framehdr_start = .
 *(.eh_framehdr)
                0x0000000003803e5c                __eh_framehdr_end = .

.gcc_except_table
 *(.gcc_except_table)

.mmu_tbl        0x0000000003804000        0x0
                0x0000000003804000                __mmu_tbl_start = .
 *(.mmu_tbl)
                0x0000000003804000                __mmu_tbl_end = .

.ARM.exidx      0x0000000003803e5c        0x8
                0x0000000003803e5c                __exidx_start = .
 *(.ARM.exidx*)
 .ARM.exidx.text._ZN7Buttons17updateButtonStateEv
                0x0000000003803e5c        0x8 build/src/main.o
 .ARM.exidx.text._ZN7Buttons9getObjectEN3BTN6ButtonE
                0x0000000003803e64        0x0 build/src/main.o
                                          0x8 (size before relaxing)
 .ARM.exidx.text._ZN4GoalD2Ev
                0x0000000003803e64        0x0 build/src/main.o
                                          0x8 (size before relaxing)
 .ARM.exidx.text._ZN9BaseRobot16setMotorVelocityEN3vex5motorENS0_13directionTypeEd
                0x0000000003803e64        0x0 build/src/main.o
                                          0x8 (size before relaxing)
 .ARM.exidx.text._ZN9BaseRobot16basicDriveTeleopEv
                0x0000000003803e64        0x0 build/src/main.o
                                          0x8 (size before relaxing)
 .ARM.exidx.text._ZN7Robot15C2Ev
                0x0000000003803e64        0x0 build/src/main.o
                                          0x8 (size before relaxing)
 .ARM.exidx.text._ZN7Robot1517distanceToDegreesEf
                0x0000000003803e64        0x0 build/src/main.o
                                          0x8 (size before relaxing)
 .ARM.exidx.text._ZN7Robot1517degreesToDistanceEf
                0x0000000003803e64        0x0 build/src/main.o
                                          0x8 (size before relaxing)
 .ARM.exidx.text._ZN7Robot156teleopEv
                0x0000000003803e64        0x0 build/src/main.o
                                          0x8 (size before relaxing)
 .ARM.exidx.text._ZN7Robot1522getLeftEncoderDistanceEv
                0x0000000003803e64        0x0 build/src/main.o
                                          0x8 (size before relaxing)
 .ARM.exidx.text._ZN7Robot1523getRightEncoderDistanceEv
                0x0000000003803e64        0x0 build/src/main.o
                                          0x8 (size before relaxing)
 .ARM.exidx.text._ZN7Robot1520resetEncoderDistanceEv
                0x0000000003803e64        0x0 build/src/main.o
                                          0x8 (size before relaxing)
 .ARM.exidx.text._ZN7Robot1515setLeftVelocityEN3vex13directionTypeEd
                0x0000000003803e64        0x0 build/src/main.o
                                          0x8 (size before relaxing)
 .ARM.exidx.text._ZN7Robot1516setRightVelocityEN3vex13directionTypeEd
                0x0000000003803e64        0x0 build/src/main.o
                                          0x8 (size before relaxing)
 .ARM.exidx.text._ZN7Robot158stopLeftEv
                0x0000000003803e64        0x0 build/src/main.o
                                          0x8 (size before relaxing)
 .ARM.exidx.text._ZN7Robot159stopRightEv
                0x0000000003803e64        0x0 build/src/main.o
                                          0x8 (size before relaxing)
 .ARM.exidx.text._ZN7Robot1512setBrakeTypeEN3vex9brakeTypeE
                0x0000000003803e64        0x0 build/src/main.o
                                          0x8 (size before relaxing)
 .ARM.exidx.text._ZN7Robot1515getDriveCurrentEv
                0x0000000003803e64        0x0 build/src/main.o
                                          0x8 (size before relaxing)
 .ARM.exidx.text._ZN7Robot15D2Ev
                0x0000000003803e64        0x0 build/src/main.o
                                          0x8 (size before relaxing)
 .ARM.exidx.text._ZN11VisualField9drawFieldEv
                0x0000000003803e64        0x0 build/src/main.o
                                          0x8 (size before relaxing)
 .ARM.exidx.text._Z3runv
                0x0000000003803e64        0x0 build/src/main.o
                                          0x8 (size before relaxing)
 .ARM.exidx.text.main
                0x0000000003803e64        0x0 build/src/main.o
                                          0x8 (size before relaxing)
 .ARM.exidx.text._GLOBAL__sub_I_main.cpp
                0x0000000003803e64        0x0 build/src/main.o
                                          0x8 (size before relaxing)
 *(.gnu.linkonce.armexidix.*.*)
                0x0000000003803e64                __exidx_end = .

.rel.dyn        0x0000000003803e64        0x0
 .rel.iplt      0x0000000003803e64        0x0 build/src/main.o

.preinit_array  0x0000000003803e64        0x0
                0x0000000003803e64                __preinit_array_start = .
 *(SORT_BY_NAME(.preinit_array.*))
 *(.preinit_array)
                0x0000000003803e64                __preinit_array_end = .

.init_array     0x0000000003803e64        0x8
                0x0000000003803e64                __init_array_start = .
 *(SORT_BY_NAME(.init_array.*))
 *(.init_array)
 .init_array    0x0000000003803e64        0x4 build/src/main.o
 .init_array    0x0000000003803e68        0x4 /Applications/VEXcode Pro V5.app/Contents/Resources/sdk/vexv5/libv5rt.a(vex_color.cpp.obj)
                0x0000000003803e6c                __init_array_end = .

.fini_array     0x0000000003803e6c        0x0
                0x0000000003803e6c                __fini_array_start = .
 *(SORT_BY_NAME(.fini_array.*))
 *(.fini_array)
                0x0000000003803e6c                __fini_array_end = .

.ARM.attributes
                0x0000000003803e6c       0x3a
                0x0000000003803e6c                __ARM.attributes_start = .
 *(.ARM.attributes)
 .ARM.attributes
                0x0000000003803e6c       0x3a build/src/main.o
 .ARM.attributes
                0x0000000003803ea6       0x35 /Applications/VEXcode Pro V5.app/Contents/Resources/sdk/vexv5/libv5rt.a(v5_startup.c.obj)
 .ARM.attributes
                0x0000000003803edb       0x35 /Applications/VEXcode Pro V5.app/Contents/Resources/sdk/vexv5/libv5rt.a(v5_util.c.obj)
 .ARM.attributes
                0x0000000003803f10       0x35 /Applications/VEXcode Pro V5.app/Contents/Resources/sdk/vexv5/libv5rt.a(v5_apijump.c.obj)
 .ARM.attributes
                0x0000000003803f45       0x35 /Applications/VEXcode Pro V5.app/Contents/Resources/sdk/vexv5/libv5rt.a(v5_apiversions.c.obj)
 .ARM.attributes
                0x0000000003803f7a       0x35 /Applications/VEXcode Pro V5.app/Contents/Resources/sdk/vexv5/libv5rt.a(vex_global.cpp.obj)
 .ARM.attributes
                0x0000000003803faf       0x35 /Applications/VEXcode Pro V5.app/Contents/Resources/sdk/vexv5/libv5rt.a(vex_motor.cpp.obj)
 .ARM.attributes
                0x0000000003803fe4       0x35 /Applications/VEXcode Pro V5.app/Contents/Resources/sdk/vexv5/libv5rt.a(vex_vision.cpp.obj)
 .ARM.attributes
                0x0000000003804019       0x35 /Applications/VEXcode Pro V5.app/Contents/Resources/sdk/vexv5/libv5rt.a(vex_imu.cpp.obj)
 .ARM.attributes
                0x000000000380404e       0x35 /Applications/VEXcode Pro V5.app/Contents/Resources/sdk/vexv5/libv5rt.a(vex_controller.cpp.obj)
 .ARM.attributes
                0x0000000003804083       0x35 /Applications/VEXcode Pro V5.app/Contents/Resources/sdk/vexv5/libv5rt.a(vex_task.cpp.obj)
 .ARM.attributes
                0x00000000038040b8       0x35 /Applications/VEXcode Pro V5.app/Contents/Resources/sdk/vexv5/libv5rt.a(vex_thread.cpp.obj)
 .ARM.attributes
                0x00000000038040ed       0x35 /Applications/VEXcode Pro V5.app/Contents/Resources/sdk/vexv5/libv5rt.a(vex_event.cpp.obj)
 .ARM.attributes
                0x0000000003804122       0x35 /Applications/VEXcode Pro V5.app/Contents/Resources/sdk/vexv5/libv5rt.a(vex_mevent.cpp.obj)
 .ARM.attributes
                0x0000000003804157       0x35 /Applications/VEXcode Pro V5.app/Contents/Resources/sdk/vexv5/libv5rt.a(vex_brain.cpp.obj)
 .ARM.attributes
                0x000000000380418c       0x35 /Applications/VEXcode Pro V5.app/Contents/Resources/sdk/vexv5/libv5rt.a(vex_competition.cpp.obj)
 .ARM.attributes
                0x00000000038041c1       0x35 /Applications/VEXcode Pro V5.app/Contents/Resources/sdk/vexv5/libv5rt.a(vex_triport.cpp.obj)
 .ARM.attributes
                0x00000000038041f6       0x35 /Applications/VEXcode Pro V5.app/Contents/Resources/sdk/vexv5/libv5rt.a(vex_color.cpp.obj)
 .ARM.attributes
                0x000000000380422b       0x35 /Applications/VEXcode Pro V5.app/Contents/Resources/sdk/vexv5/libv5rt.a(vex_timer.cpp.obj)
 .ARM.attributes
                0x0000000003804260       0x35 /Applications/VEXcode Pro V5.app/Contents/Resources/sdk/vexv5/libv5rt.a(v5_apiuser.c.obj)
 .ARM.attributes
                0x0000000003804295       0x35 /Applications/VEXcode Pro V5.app/Contents/Resources/sdk/vexv5/libv5rt.a(vex_device.cpp.obj)
 .ARM.attributes
                0x00000000038042ca       0x2b /Applications/VEXcode Pro V5.app/Contents/Resources/sdk/vexv5/gcc/libs/libc.a(lib_a-fini.o)
 .ARM.attributes
                0x00000000038042f5       0x2b /Applications/VEXcode Pro V5.app/Contents/Resources/sdk/vexv5/gcc/libs/libc.a(lib_a-impure.o)
 .ARM.attributes
                0x0000000003804320       0x2b /Applications/VEXcode Pro V5.app/Contents/Resources/sdk/vexv5/gcc/libs/libc.a(lib_a-init.o)
 .ARM.attributes
                0x000000000380434b       0x2b /Applications/VEXcode Pro V5.app/Contents/Resources/sdk/vexv5/gcc/libs/libm.a(lib_a-s_fmax.o)
 .ARM.attributes
                0x0000000003804376       0x2b /Applications/VEXcode Pro V5.app/Contents/Resources/sdk/vexv5/gcc/libs/libm.a(lib_a-s_fmin.o)
                0x00000000038043a1                __ARM.attributes_end = .

.sdata          0x0000000003803e6c        0x0
                0x0000000003803e6c                __sdata_start = .
 *(.sdata)
 *(.sdata.*)
 *(.gnu.linkonce.s.*)
                0x0000000003803e6c                __sdata_end = .

.sbss           0x0000000003803e6c        0x0
                0x0000000003803e6c                __sbss_start = .
 *(.sbss)
 *(.sbss.*)
 *(.gnu.linkonce.sb.*)
                0x0000000003803e6c                __sbss_end = .

.tdata          0x0000000003803e6c        0x0
                0x0000000003803e6c                __tdata_start = .
 *(.tdata)
 *(.tdata.*)
 *(.gnu.linkonce.td.*)
                0x0000000003803e6c                __tdata_end = .

.tbss           0x0000000003803e6c        0x0
                0x0000000003803e6c                __tbss_start = .
 *(.tbss)
 *(.tbss.*)
 *(.gnu.linkonce.tb.*)
                0x0000000003803e6c                __tbss_end = .

.bss            0x0000000003803e70      0x7a1
                0x0000000003803e70                __bss_start = .
 *(.bss)
 *(.bss.*)
 .bss._ZStL8__ioinit
                0x0000000003803e70        0x1 build/src/main.o
 *fill*         0x0000000003803e71        0x3 
 .bss.C1        0x0000000003803e74      0x1ac build/src/main.o
                0x0000000003803e74                C1
 .bss.Brain     0x0000000003804020      0x2bc build/src/main.o
                0x0000000003804020                Brain
 .bss.Competition
                0x00000000038042dc       0x28 build/src/main.o
                0x00000000038042dc                Competition
 *fill*         0x0000000003804304        0xc 
 .bss.buttons   0x0000000003804310       0x20 build/src/main.o
                0x0000000003804310                buttons
 .bss._ZL6YELLOW
                0x0000000003804330       0x58 build/src/main.o
 .bss._ZL3RED   0x0000000003804388       0x58 build/src/main.o
 .bss._ZL4BLUE  0x00000000038043e0       0x58 build/src/main.o
 .bss._ZL4grey  0x0000000003804438        0x8 build/src/main.o
 .bss.robot     0x0000000003804440      0x168 build/src/main.o
                0x0000000003804440                robot
 .bss.__dso_handle
                0x00000000038045a8        0x4 /Applications/VEXcode Pro V5.app/Contents/Resources/sdk/vexv5/libv5rt.a(v5_startup.c.obj)
                0x00000000038045a8                __dso_handle
 .bss._ZN3vex4task8_labelIdE
                0x00000000038045ac        0x4 /Applications/VEXcode Pro V5.app/Contents/Resources/sdk/vexv5/libv5rt.a(vex_task.cpp.obj)
                0x00000000038045ac                vex::task::_labelId
 .bss._ZN3vex11competition22bStopTasksBetweenModesE
                0x00000000038045b0        0x1 /Applications/VEXcode Pro V5.app/Contents/Resources/sdk/vexv5/libv5rt.a(vex_competition.cpp.obj)
                0x00000000038045b0                vex::competition::bStopTasksBetweenModes
 .bss._ZN3vex11competition25bStopAllTasksBetweenModesE
                0x00000000038045b1        0x1 /Applications/VEXcode Pro V5.app/Contents/Resources/sdk/vexv5/libv5rt.a(vex_competition.cpp.obj)
                0x00000000038045b1                vex::competition::bStopAllTasksBetweenModes
 .bss._ZN3vex11competition14_auton_pendingE
                0x00000000038045b2        0x1 /Applications/VEXcode Pro V5.app/Contents/Resources/sdk/vexv5/libv5rt.a(vex_competition.cpp.obj)
                0x00000000038045b2                vex::competition::_auton_pending
 *fill*         0x00000000038045b3        0x1 
 .bss._ZN3vex11competition20_autonomous_callbackE
                0x00000000038045b4        0x4 /Applications/VEXcode Pro V5.app/Contents/Resources/sdk/vexv5/libv5rt.a(vex_competition.cpp.obj)
                0x00000000038045b4                vex::competition::_autonomous_callback
 .bss._ZN3vex11competition23_drivercontrol_callbackE
                0x00000000038045b8        0x4 /Applications/VEXcode Pro V5.app/Contents/Resources/sdk/vexv5/libv5rt.a(vex_competition.cpp.obj)
                0x00000000038045b8                vex::competition::_drivercontrol_callback
 .bss._ZN3vex11competition15_driver_pendingE
                0x00000000038045bc        0x1 /Applications/VEXcode Pro V5.app/Contents/Resources/sdk/vexv5/libv5rt.a(vex_competition.cpp.obj)
                0x00000000038045bc                vex::competition::_driver_pending
 *fill*         0x00000000038045bd        0x3 
 .bss._ZN3vex5color6orangeE
                0x00000000038045c0        0x8 /Applications/VEXcode Pro V5.app/Contents/Resources/sdk/vexv5/libv5rt.a(vex_color.cpp.obj)
                0x00000000038045c0                vex::color::orange
 .bss._ZN3vex5color5blackE
                0x00000000038045c8        0x8 /Applications/VEXcode Pro V5.app/Contents/Resources/sdk/vexv5/libv5rt.a(vex_color.cpp.obj)
                0x00000000038045c8                vex::color::black
 .bss._ZN3vex5color6yellowE
                0x00000000038045d0        0x8 /Applications/VEXcode Pro V5.app/Contents/Resources/sdk/vexv5/libv5rt.a(vex_color.cpp.obj)
                0x00000000038045d0                vex::color::yellow
 .bss._ZN3vex5color5greenE
                0x00000000038045d8        0x8 /Applications/VEXcode Pro V5.app/Contents/Resources/sdk/vexv5/libv5rt.a(vex_color.cpp.obj)
                0x00000000038045d8                vex::color::green
 .bss._ZN3vex5color6purpleE
                0x00000000038045e0        0x8 /Applications/VEXcode Pro V5.app/Contents/Resources/sdk/vexv5/libv5rt.a(vex_color.cpp.obj)
                0x00000000038045e0                vex::color::purple
 .bss._ZN3vex5color4cyanE
                0x00000000038045e8        0x8 /Applications/VEXcode Pro V5.app/Contents/Resources/sdk/vexv5/libv5rt.a(vex_color.cpp.obj)
                0x00000000038045e8                vex::color::cyan
 .bss._ZN3vex5color4blueE
                0x00000000038045f0        0x8 /Applications/VEXcode Pro V5.app/Contents/Resources/sdk/vexv5/libv5rt.a(vex_color.cpp.obj)
                0x00000000038045f0                vex::color::blue
 .bss._ZN3vex5color3redE
                0x00000000038045f8        0x8 /Applications/VEXcode Pro V5.app/Contents/Resources/sdk/vexv5/libv5rt.a(vex_color.cpp.obj)
                0x00000000038045f8                vex::color::red
 .bss._ZN3vex5color11transparentE
                0x0000000003804600        0x8 /Applications/VEXcode Pro V5.app/Contents/Resources/sdk/vexv5/libv5rt.a(vex_color.cpp.obj)
                0x0000000003804600                vex::color::transparent
 .bss._ZN3vex5color5whiteE
                0x0000000003804608        0x8 /Applications/VEXcode Pro V5.app/Contents/Resources/sdk/vexv5/libv5rt.a(vex_color.cpp.obj)
                0x0000000003804608                vex::color::white
 *(.gnu.linkonce.b.*)
 *(COMMON)
 COMMON         0x0000000003804610        0x1 /Applications/VEXcode Pro V5.app/Contents/Resources/sdk/vexv5/libv5rt.a(v5_startup.c.obj)
                0x0000000003804610                __vex_critical_section
                0x0000000003804611                __bss_end = .
                0x0000000003803e6c                _SDA_BASE_ = (__sdata_start + ((__sbss_end - __sdata_start) / 0x2))
                0x0000000003803a1c                _SDA2_BASE_ = (__sdata2_start + ((__sbss2_end - __sdata2_start) / 0x2))

.heap           0x0000000003804611   0x10000f
                0x0000000003804620                . = ALIGN (0x10)
 *fill*         0x0000000003804611        0xf 
                0x0000000003804620                _heap = .
                0x0000000003804620                HeapBase = .
                0x0000000003804620                _heap_start = .
                0x0000000003904620                . = (. + _HEAP_SIZE)
 *fill*         0x0000000003804620   0x100000 
                0x0000000003904620                _heap_end = .
                0x0000000003904620                HeapLimit = .

.stack          0x0000000003904620     0x3800
                0x0000000003904620                . = ALIGN (0x10)
                0x0000000003904620                _stack_end = .
                0x0000000003906620                . = (. + _STACK_SIZE)
 *fill*         0x0000000003904620     0x2000 
                0x0000000003906620                . = ALIGN (0x10)
                0x0000000003906620                _stack = .
                0x0000000003906620                __stack = _stack
                0x0000000003906620                . = ALIGN (0x10)
                0x0000000003906620                _irq_stack_end = .
                0x0000000003906a20                . = (. + _IRQ_STACK_SIZE)
 *fill*         0x0000000003906620      0x400 
                0x0000000003906a20                . = ALIGN (0x10)
                0x0000000003906a20                __irq_stack = .
                0x0000000003906a20                _supervisor_stack_end = .
                0x0000000003907220                . = (. + _SUPERVISOR_STACK_SIZE)
 *fill*         0x0000000003906a20      0x800 
                0x0000000003907220                . = ALIGN (0x10)
                0x0000000003907220                __supervisor_stack = .
                0x0000000003907220                _abort_stack_end = .
                0x0000000003907620                . = (. + _ABORT_STACK_SIZE)
 *fill*         0x0000000003907220      0x400 
                0x0000000003907620                . = ALIGN (0x10)
                0x0000000003907620                __abort_stack = .
                0x0000000003907620                _fiq_stack_end = .
                0x0000000003907a20                . = (. + _FIQ_STACK_SIZE)
 *fill*         0x0000000003907620      0x400 
                0x0000000003907a20                . = ALIGN (0x10)
                0x0000000003907a20                __fiq_stack = .
                0x0000000003907a20                _undef_stack_end = .
                0x0000000003907e20                . = (. + _UNDEF_STACK_SIZE)
 *fill*         0x0000000003907a20      0x400 
                0x0000000003907e20                . = ALIGN (0x10)
                0x0000000003907e20                __undef_stack = .
                0x0000000003907e20                _end = .
LOAD /Applications/VEXcode Pro V5.app/Contents/Resources/sdk/vexv5/stdlib_0.lib
LOAD build/src/main.o
START GROUP
LOAD /Applications/VEXcode Pro V5.app/Contents/Resources/sdk/vexv5/libv5rt.a
LOAD /Applications/VEXcode Pro V5.app/Contents/Resources/sdk/vexv5/gcc/libs/libstdc++.a
LOAD /Applications/VEXcode Pro V5.app/Contents/Resources/sdk/vexv5/gcc/libs/libc.a
LOAD /Applications/VEXcode Pro V5.app/Contents/Resources/sdk/vexv5/gcc/libs/libm.a
LOAD /Applications/VEXcode Pro V5.app/Contents/Resources/sdk/vexv5/gcc/libs/libgcc.a
END GROUP
OUTPUT(build/SpinUp.elf elf32-littlearm)

.comment        0x0000000000000000       0x9d
 .comment       0x0000000000000000       0x2d build/src/main.o
                                         0x2e (size before relaxing)
 .comment       0x000000000000002d       0x70 /Applications/VEXcode Pro V5.app/Contents/Resources/sdk/vexv5/libv5rt.a(v5_startup.c.obj)
                                         0x71 (size before relaxing)
 .comment       0x000000000000009d       0x71 /Applications/VEXcode Pro V5.app/Contents/Resources/sdk/vexv5/libv5rt.a(v5_util.c.obj)
 .comment       0x000000000000009d       0x71 /Applications/VEXcode Pro V5.app/Contents/Resources/sdk/vexv5/libv5rt.a(v5_apijump.c.obj)
 .comment       0x000000000000009d       0x71 /Applications/VEXcode Pro V5.app/Contents/Resources/sdk/vexv5/libv5rt.a(v5_apiversions.c.obj)
 .comment       0x000000000000009d       0x71 /Applications/VEXcode Pro V5.app/Contents/Resources/sdk/vexv5/libv5rt.a(vex_global.cpp.obj)
 .comment       0x000000000000009d       0x71 /Applications/VEXcode Pro V5.app/Contents/Resources/sdk/vexv5/libv5rt.a(vex_motor.cpp.obj)
 .comment       0x000000000000009d       0x71 /Applications/VEXcode Pro V5.app/Contents/Resources/sdk/vexv5/libv5rt.a(vex_vision.cpp.obj)
 .comment       0x000000000000009d       0x71 /Applications/VEXcode Pro V5.app/Contents/Resources/sdk/vexv5/libv5rt.a(vex_imu.cpp.obj)
 .comment       0x000000000000009d       0x71 /Applications/VEXcode Pro V5.app/Contents/Resources/sdk/vexv5/libv5rt.a(vex_controller.cpp.obj)
 .comment       0x000000000000009d       0x71 /Applications/VEXcode Pro V5.app/Contents/Resources/sdk/vexv5/libv5rt.a(vex_task.cpp.obj)
 .comment       0x000000000000009d       0x71 /Applications/VEXcode Pro V5.app/Contents/Resources/sdk/vexv5/libv5rt.a(vex_thread.cpp.obj)
 .comment       0x000000000000009d       0x71 /Applications/VEXcode Pro V5.app/Contents/Resources/sdk/vexv5/libv5rt.a(vex_event.cpp.obj)
 .comment       0x000000000000009d       0x71 /Applications/VEXcode Pro V5.app/Contents/Resources/sdk/vexv5/libv5rt.a(vex_mevent.cpp.obj)
 .comment       0x000000000000009d       0x71 /Applications/VEXcode Pro V5.app/Contents/Resources/sdk/vexv5/libv5rt.a(vex_brain.cpp.obj)
 .comment       0x000000000000009d       0x71 /Applications/VEXcode Pro V5.app/Contents/Resources/sdk/vexv5/libv5rt.a(vex_competition.cpp.obj)
 .comment       0x000000000000009d       0x71 /Applications/VEXcode Pro V5.app/Contents/Resources/sdk/vexv5/libv5rt.a(vex_triport.cpp.obj)
 .comment       0x000000000000009d       0x71 /Applications/VEXcode Pro V5.app/Contents/Resources/sdk/vexv5/libv5rt.a(vex_color.cpp.obj)
 .comment       0x000000000000009d       0x71 /Applications/VEXcode Pro V5.app/Contents/Resources/sdk/vexv5/libv5rt.a(vex_timer.cpp.obj)
 .comment       0x000000000000009d       0x71 /Applications/VEXcode Pro V5.app/Contents/Resources/sdk/vexv5/libv5rt.a(v5_apiuser.c.obj)
 .comment       0x000000000000009d       0x71 /Applications/VEXcode Pro V5.app/Contents/Resources/sdk/vexv5/libv5rt.a(vex_device.cpp.obj)

.note.GNU-stack
                0x0000000000000000        0x0
 .note.GNU-stack
                0x0000000000000000        0x0 build/src/main.o

.debug_frame    0x0000000000000000      0x120
 .debug_frame   0x0000000000000000       0x34 /Applications/VEXcode Pro V5.app/Contents/Resources/sdk/vexv5/gcc/libs/libc.a(lib_a-fini.o)
 .debug_frame   0x0000000000000034       0x2c /Applications/VEXcode Pro V5.app/Contents/Resources/sdk/vexv5/gcc/libs/libc.a(lib_a-init.o)
 .debug_frame   0x0000000000000060       0x60 /Applications/VEXcode Pro V5.app/Contents/Resources/sdk/vexv5/gcc/libs/libm.a(lib_a-s_fmax.o)
 .debug_frame   0x00000000000000c0       0x60 /Applications/VEXcode Pro V5.app/Contents/Resources/sdk/vexv5/gcc/libs/libm.a(lib_a-s_fmin.o)
