Archive member included to satisfy reference by file (symbol)

/Applications/VEXcode Pro V5.app/Contents/Resources/sdk/vexv5/libv5rt.a(v5_startup.c.obj)
                              (vexStartup)
/Applications/VEXcode Pro V5.app/Contents/Resources/sdk/vexv5/libv5rt.a(v5_util.c.obj)
                              /Applications/VEXcode Pro V5.app/Contents/Resources/sdk/vexv5/libv5rt.a(v5_startup.c.obj) (vexStdlibVersionLinked)
/Applications/VEXcode Pro V5.app/Contents/Resources/sdk/vexv5/libv5rt.a(v5_apijump.c.obj)
                              /Applications/VEXcode Pro V5.app/Contents/Resources/sdk/vexv5/libv5rt.a(v5_startup.c.obj) (vexPrivateApiEnable)
/Applications/VEXcode Pro V5.app/Contents/Resources/sdk/vexv5/libv5rt.a(v5_apiversions.c.obj)
                              /Applications/VEXcode Pro V5.app/Contents/Resources/sdk/vexv5/libv5rt.a(v5_apijump.c.obj) (vexSystemVersion)
/Applications/VEXcode Pro V5.app/Contents/Resources/sdk/vexv5/libv5rt.a(vex_global.cpp.obj)
                              build/src/main.o (vex::wait(double, vex::timeUnits))
/Applications/VEXcode Pro V5.app/Contents/Resources/sdk/vexv5/libv5rt.a(vex_motor.cpp.obj)
                              build/src/main.o (vex::motor::~motor())
/Applications/VEXcode Pro V5.app/Contents/Resources/sdk/vexv5/libv5rt.a(vex_vision.cpp.obj)
                              build/src/main.o (vex::vision::~vision())
/Applications/VEXcode Pro V5.app/Contents/Resources/sdk/vexv5/libv5rt.a(vex_imu.cpp.obj)
                              build/src/main.o (vex::inertial::setHeading(double, vex::rotationUnits))
/Applications/VEXcode Pro V5.app/Contents/Resources/sdk/vexv5/libv5rt.a(vex_controller.cpp.obj)
                              build/src/main.o (vex::controller::~controller())
/Applications/VEXcode Pro V5.app/Contents/Resources/sdk/vexv5/libv5rt.a(vex_task.cpp.obj)
                              build/src/main.o (vex::task::task(int (*)()))
/Applications/VEXcode Pro V5.app/Contents/Resources/sdk/vexv5/libv5rt.a(vex_thread.cpp.obj)
                              /Applications/VEXcode Pro V5.app/Contents/Resources/sdk/vexv5/libv5rt.a(vex_global.cpp.obj) (vex::this_thread::sleep_for(unsigned long))
/Applications/VEXcode Pro V5.app/Contents/Resources/sdk/vexv5/libv5rt.a(vex_event.cpp.obj)
                              /Applications/VEXcode Pro V5.app/Contents/Resources/sdk/vexv5/libv5rt.a(vex_imu.cpp.obj) (vex::event::init(unsigned long, unsigned long, void (*)()))
/Applications/VEXcode Pro V5.app/Contents/Resources/sdk/vexv5/libv5rt.a(vex_mevent.cpp.obj)
                              /Applications/VEXcode Pro V5.app/Contents/Resources/sdk/vexv5/libv5rt.a(vex_controller.cpp.obj) (vex::mevent::mevent(unsigned long, unsigned long))
/Applications/VEXcode Pro V5.app/Contents/Resources/sdk/vexv5/libv5rt.a(vex_brain.cpp.obj)
                              build/src/main.o (vex::brain::lcd::setCursor(long, long))
/Applications/VEXcode Pro V5.app/Contents/Resources/sdk/vexv5/libv5rt.a(vex_competition.cpp.obj)
                              build/src/main.o (vex::competition::competition())
/Applications/VEXcode Pro V5.app/Contents/Resources/sdk/vexv5/libv5rt.a(vex_triport.cpp.obj)
                              /Applications/VEXcode Pro V5.app/Contents/Resources/sdk/vexv5/libv5rt.a(vex_brain.cpp.obj) (vex::triport::~triport())
/Applications/VEXcode Pro V5.app/Contents/Resources/sdk/vexv5/libv5rt.a(vex_color.cpp.obj)
                              build/src/main.o (vex::color::~color())
/Applications/VEXcode Pro V5.app/Contents/Resources/sdk/vexv5/libv5rt.a(vex_timer.cpp.obj)
                              /Applications/VEXcode Pro V5.app/Contents/Resources/sdk/vexv5/libv5rt.a(vex_brain.cpp.obj) (vex::timer::~timer())
/Applications/VEXcode Pro V5.app/Contents/Resources/sdk/vexv5/libv5rt.a(v5_apiuser.c.obj)
                              /Applications/VEXcode Pro V5.app/Contents/Resources/sdk/vexv5/libv5rt.a(vex_triport.cpp.obj) (vexAdiPortConfigSet)
/Applications/VEXcode Pro V5.app/Contents/Resources/sdk/vexv5/libv5rt.a(vex_device.cpp.obj)
                              /Applications/VEXcode Pro V5.app/Contents/Resources/sdk/vexv5/libv5rt.a(vex_motor.cpp.obj) (vex::device::~device())
/Applications/VEXcode Pro V5.app/Contents/Resources/sdk/vexv5/gcc/libs/libc.a(lib_a-aeabi_memclr.o)
                              build/src/main.o (__aeabi_memclr4)
/Applications/VEXcode Pro V5.app/Contents/Resources/sdk/vexv5/gcc/libs/libc.a(lib_a-aeabi_memmove-soft.o)
                              build/src/main.o (__aeabi_memmove4)
/Applications/VEXcode Pro V5.app/Contents/Resources/sdk/vexv5/gcc/libs/libc.a(lib_a-aeabi_memset-soft.o)
                              /Applications/VEXcode Pro V5.app/Contents/Resources/sdk/vexv5/gcc/libs/libc.a(lib_a-aeabi_memclr.o) (__aeabi_memset)
/Applications/VEXcode Pro V5.app/Contents/Resources/sdk/vexv5/gcc/libs/libc.a(lib_a-fini.o)
[...]
Memory Configuration

Name             Origin             Length             Attributes
ps7_ddr_0_S_AXI_BASEADDR 0x0000000003800000 0x0000000004800000
*default*        0x0000000000000000 0xffffffffffffffff

Linker script and memory map

                0x0000000000002000                _STACK_SIZE = DEFINED (_STACK_SIZE)?_STACK_SIZE:0x2000
                0x0000000000100000                _HEAP_SIZE = DEFINED (_HEAP_SIZE)?_HEAP_SIZE:0x100000
                0x0000000000000400                _ABORT_STACK_SIZE = DEFINED (_ABORT_STACK_SIZE)?_ABORT_STACK_SIZE:0x400
                0x0000000000000800                _SUPERVISOR_STACK_SIZE = DEFINED (_SUPERVISOR_STACK_SIZE)?_SUPERVISOR_STACK_SIZE:0x800
                0x0000000000000400                _IRQ_STACK_SIZE = DEFINED (_IRQ_STACK_SIZE)?_IRQ_STACK_SIZE:0x400
                0x0000000000000400                _FIQ_STACK_SIZE = DEFINED (_FIQ_STACK_SIZE)?_FIQ_STACK_SIZE:0x400
                0x0000000000000400                _UNDEF_STACK_SIZE = DEFINED (_UNDEF_STACK_SIZE)?_UNDEF_STACK_SIZE:0x400

.text           0x0000000003800000     0x39b0
 *(.vectors)
 *(.boot_data)
 .boot_data     0x0000000003800000       0x20 /Applications/VEXcode Pro V5.app/Contents/Resources/sdk/vexv5/libv5rt.a(v5_startup.c.obj)
                0x0000000003800000                vexCodeSig
                0x0000000000000020                . = 0x20
 *(.boot)
 .boot          0x0000000003800020       0xbc /Applications/VEXcode Pro V5.app/Contents/Resources/sdk/vexv5/libv5rt.a(v5_startup.c.obj)
                0x0000000003800020                vexStartup
                0x0000000003800100                . = ALIGN (0x40)
 *fill*         0x00000000038000dc       0x24 
 *(.freertos_vectors)
 *(.text)
 *(.text.*)
 .text._ZN7Buttons17updateButtonStateEv
                0x0000000003800100       0x50 build/src/main.o
                0x0000000003800100                Buttons::updateButtonState()
 .text._ZN7Buttons9getObjectEN3BTN6ButtonE
                0x0000000003800150      0x134 build/src/main.o
                0x0000000003800150                Buttons::getObject(BTN::Button)
 .text._ZN4GoalD2Ev
                0x0000000003800284       0x1c build/src/main.o
                0x0000000003800284                Goal::~Goal()
 .text._ZN9BaseRobot21calibrateGyroBlockingEv
                0x00000000038002a0      0x150 build/src/main.o
                0x00000000038002a0                BaseRobot::calibrateGyroBlocking()
 .text._ZN9BaseRobot16setMotorVelocityEN3vex5motorENS0_13directionTypeEd
                0x00000000038003f0       0xb0 build/src/main.o
                0x00000000038003f0                BaseRobot::setMotorVelocity(vex::motor, vex::directionType, double)
 .text._ZN9BaseRobot16basicDriveTeleopEv
                0x00000000038004a0      0x158 build/src/main.o
                0x00000000038004a0                BaseRobot::basicDriveTeleop()
 .text._ZN7Robot18C2Ev
                0x00000000038005f8      0x2dc build/src/main.o
                0x00000000038005f8                Robot18::Robot18()
                0x00000000038005f8                Robot18::Robot18()
 *fill*         0x00000000038008d4        0x4 
 .text._ZN7Robot1817distanceToDegreesEf
                0x00000000038008d8       0x58 build/src/main.o
                0x00000000038008d8                Robot18::distanceToDegrees(float)
 .text._ZN7Robot1817degreesToDistanceEf
                0x0000000003800930       0x38 build/src/main.o
                0x0000000003800930                Robot18::degreesToDistance(float)
 .text._ZN7Robot186teleopEv
                0x0000000003800968       0x1c build/src/main.o
                0x0000000003800968                Robot18::teleop()
 .text._ZN7Robot1822getLeftEncoderDistanceEv
                0x0000000003800984       0x90 build/src/main.o
                0x0000000003800984                Robot18::getLeftEncoderDistance()
 .text._ZN7Robot1823getRightEncoderDistanceEv
                0x0000000003800a14       0x90 build/src/main.o
                0x0000000003800a14                Robot18::getRightEncoderDistance()
 .text._ZN7Robot1820resetEncoderDistanceEv
                0x0000000003800aa4       0x50 build/src/main.o
                0x0000000003800aa4                Robot18::resetEncoderDistance()
 .text._ZN7Robot1815setLeftVelocityEN3vex13directionTypeEd
                0x0000000003800af4      0x154 build/src/main.o
                0x0000000003800af4                Robot18::setLeftVelocity(vex::directionType, double)
 .text._ZN7Robot1816setRightVelocityEN3vex13directionTypeEd
                0x0000000003800c48      0x154 build/src/main.o
                0x0000000003800c48                Robot18::setRightVelocity(vex::directionType, double)
 .text._ZN7Robot188stopLeftEv
                0x0000000003800d9c       0x30 build/src/main.o
                0x0000000003800d9c                Robot18::stopLeft()
 .text._ZN7Robot189stopRightEv
                0x0000000003800dcc       0x30 build/src/main.o
                0x0000000003800dcc                Robot18::stopRight()
 .text._ZN7Robot1812setBrakeTypeEN3vex9brakeTypeE
                0x0000000003800dfc       0x70 build/src/main.o
                0x0000000003800dfc                Robot18::setBrakeType(vex::brakeType)
 .text._ZN7Robot1815getDriveCurrentEv
                0x0000000003800e6c       0xc4 build/src/main.o
                0x0000000003800e6c                Robot18::getDriveCurrent()
 .text._ZN7Robot18D2Ev
                0x0000000003800f30       0x80 build/src/main.o
                0x0000000003800f30                Robot18::~Robot18()
 .text._Z12mainTeleop18v
                0x0000000003800fb0       0x50 build/src/main.o
                0x0000000003800fb0                mainTeleop18()
 .text._Z5autonv
                0x0000000003801000        0x8 build/src/main.o
                0x0000000003801000                auton()
 .text._Z12autonomous18v
                0x0000000003801008       0x40 build/src/main.o
                0x0000000003801008                autonomous18()
 .text._Z13userControl18v
                0x0000000003801048       0x40 build/src/main.o
                0x0000000003801048                userControl18()
 .text._Z8mainFuncv
                0x0000000003801088       0x64 build/src/main.o
                0x0000000003801088                mainFunc()
 .text.main     0x00000000038010ec       0x1c build/src/main.o
                0x00000000038010ec                main
 .text._GLOBAL__sub_I_main.cpp
                0x0000000003801108      0x288 build/src/main.o
 .text.vexMain  0x0000000003801390       0xb0 /Applications/VEXcode Pro V5.app/Contents/Resources/sdk/vexv5/libv5rt.a(v5_startup.c.obj)
                0x0000000003801390                vexMain
 .text.__vex_function_prolog
                0x0000000003801440       0x18 /Applications/VEXcode Pro V5.app/Contents/Resources/sdk/vexv5/libv5rt.a(v5_startup.c.obj)
                0x0000000003801440                __vex_function_prolog
 .text._init    0x0000000003801458        0x4 /Applications/VEXcode Pro V5.app/Contents/Resources/sdk/vexv5/libv5rt.a(v5_startup.c.obj)
                0x0000000003801458                _init
 .text._fini    0x000000000380145c        0x4 /Applications/VEXcode Pro V5.app/Contents/Resources/sdk/vexv5/libv5rt.a(v5_startup.c.obj)
                0x000000000380145c                _fini
 .text.vexStdlibVersionLinked
                0x0000000003801460        0xc /Applications/VEXcode Pro V5.app/Contents/Resources/sdk/vexv5/libv5rt.a(v5_util.c.obj)
                0x0000000003801460                vexStdlibVersionLinked
 .text.vexStdlibVersionVerify
                0x000000000380146c       0x30 /Applications/VEXcode Pro V5.app/Contents/Resources/sdk/vexv5/libv5rt.a(v5_util.c.obj)
                0x000000000380146c                vexStdlibVersionVerify
 .text.vexPrivateApiEnable
                0x000000000380149c       0x10 /Applications/VEXcode Pro V5.app/Contents/Resources/sdk/vexv5/libv5rt.a(v5_apijump.c.obj)
                0x000000000380149c                vexPrivateApiEnable
 .text.vexStdlibMismatchError
                0x00000000038014ac       0x3c /Applications/VEXcode Pro V5.app/Contents/Resources/sdk/vexv5/libv5rt.a(v5_apijump.c.obj)
                0x00000000038014ac                vexStdlibMismatchError
 .text.vexTaskAdd
                0x00000000038014e8       0x10 /Applications/VEXcode Pro V5.app/Contents/Resources/sdk/vexv5/libv5rt.a(v5_apijump.c.obj)
                0x00000000038014e8                vexTaskAdd
 .text.vexTasksRun
                0x00000000038014f8       0x10 /Applications/VEXcode Pro V5.app/Contents/Resources/sdk/vexv5/libv5rt.a(v5_apijump.c.obj)
                0x00000000038014f8                vexTasksRun
 .text.vexTaskYield
                0x0000000003801508       0x10 /Applications/VEXcode Pro V5.app/Contents/Resources/sdk/vexv5/libv5rt.a(v5_apijump.c.obj)
                0x0000000003801508                vexTaskYield
 .text.vexTaskCheckTimeslice
                0x0000000003801518       0x10 /Applications/VEXcode Pro V5.app/Contents/Resources/sdk/vexv5/libv5rt.a(v5_apijump.c.obj)
                0x0000000003801518                vexTaskCheckTimeslice
 .text.vexTaskSleep
                0x0000000003801528       0x10 /Applications/VEXcode Pro V5.app/Contents/Resources/sdk/vexv5/libv5rt.a(v5_apijump.c.obj)
                0x0000000003801528                vexTaskSleep
 .text.vexTasksDump
                0x0000000003801538       0x1c /Applications/VEXcode Pro V5.app/Contents/Resources/sdk/vexv5/libv5rt.a(v5_apijump.c.obj)
                0x0000000003801538                vexTasksDump
 .text.vexTaskGetTaskIndex
                0x0000000003801554       0x10 /Applications/VEXcode Pro V5.app/Contents/Resources/sdk/vexv5/libv5rt.a(v5_apijump.c.obj)
                0x0000000003801554                vexTaskGetTaskIndex
 .text.vexTaskStopAll
                0x0000000003801564       0x10 /Applications/VEXcode Pro V5.app/Contents/Resources/sdk/vexv5/libv5rt.a(v5_apijump.c.obj)
                0x0000000003801564                vexTaskStopAll
 .text.vexTaskRemoveAllUser
                0x0000000003801574       0x34 /Applications/VEXcode Pro V5.app/Contents/Resources/sdk/vexv5/libv5rt.a(v5_apijump.c.obj)
                0x0000000003801574                vexTaskRemoveAllUser
 .text.vexTaskCompletionIdSet
                0x00000000038015a8       0x10 /Applications/VEXcode Pro V5.app/Contents/Resources/sdk/vexv5/libv5rt.a(v5_apijump.c.obj)
                0x00000000038015a8                vexTaskCompletionIdSet
 .text.vexTaskStopWithId
                0x00000000038015b8       0x10 /Applications/VEXcode Pro V5.app/Contents/Resources/sdk/vexv5/libv5rt.a(v5_apijump.c.obj)
                0x00000000038015b8                vexTaskStopWithId
 .text.vexCriticalSection
                0x00000000038015c8       0x2c /Applications/VEXcode Pro V5.app/Contents/Resources/sdk/vexv5/libv5rt.a(v5_apijump.c.obj)
                0x00000000038015c8                vexCriticalSection
 .text.vexEventAdd
                0x00000000038015f4       0x34 /Applications/VEXcode Pro V5.app/Contents/Resources/sdk/vexv5/libv5rt.a(v5_apijump.c.obj)
                0x00000000038015f4                vexEventAdd
 .text.vexEventUserIndexGet
                0x0000000003801628       0x1c /Applications/VEXcode Pro V5.app/Contents/Resources/sdk/vexv5/libv5rt.a(v5_apijump.c.obj)
                0x0000000003801628                vexEventUserIndexGet
 .text.vexEventAddWithArg
                0x0000000003801644       0x3c /Applications/VEXcode Pro V5.app/Contents/Resources/sdk/vexv5/libv5rt.a(v5_apijump.c.obj)
                0x0000000003801644                vexEventAddWithArg
 .text.vexEventsCleanup
                0x0000000003801680       0x2c /Applications/VEXcode Pro V5.app/Contents/Resources/sdk/vexv5/libv5rt.a(v5_apijump.c.obj)
                0x0000000003801680                vexEventsCleanup
 .text.vexDebug
                0x00000000038016ac       0x38 /Applications/VEXcode Pro V5.app/Contents/Resources/sdk/vexv5/libv5rt.a(v5_apijump.c.obj)
                0x00000000038016ac                vexDebug
 .text.vex_sprintf
                0x00000000038016e4       0x40 /Applications/VEXcode Pro V5.app/Contents/Resources/sdk/vexv5/libv5rt.a(v5_apijump.c.obj)
                0x00000000038016e4                vex_sprintf
 .text.vex_vsnprintf
                0x0000000003801724       0x3c /Applications/VEXcode Pro V5.app/Contents/Resources/sdk/vexv5/libv5rt.a(v5_apijump.c.obj)
                0x0000000003801724                vex_vsnprintf
 .text.vexSystemTimeGet
                0x0000000003801760       0x1c /Applications/VEXcode Pro V5.app/Contents/Resources/sdk/vexv5/libv5rt.a(v5_apijump.c.obj)
                0x0000000003801760                vexSystemTimeGet
 .text.vexSystemExitRequest
                0x000000000380177c       0x1c /Applications/VEXcode Pro V5.app/Contents/Resources/sdk/vexv5/libv5rt.a(v5_apijump.c.obj)
                0x000000000380177c                vexSystemExitRequest
 .text.vexDeviceGetByIndex
                0x0000000003801798       0x24 /Applications/VEXcode Pro V5.app/Contents/Resources/sdk/vexv5/libv5rt.a(v5_apijump.c.obj)
                0x0000000003801798                vexDeviceGetByIndex
 .text.vexControllerGet
                0x00000000038017bc       0x2c /Applications/VEXcode Pro V5.app/Contents/Resources/sdk/vexv5/libv5rt.a(v5_apijump.c.obj)
                0x00000000038017bc                vexControllerGet
 .text.vexDeviceMotorVelocitySet
                0x00000000038017e8       0x2c /Applications/VEXcode Pro V5.app/Contents/Resources/sdk/vexv5/libv5rt.a(v5_apijump.c.obj)
                0x00000000038017e8                vexDeviceMotorVelocitySet
 .text.vexDeviceMotorVoltageSet
                0x0000000003801814       0x2c /Applications/VEXcode Pro V5.app/Contents/Resources/sdk/vexv5/libv5rt.a(v5_apijump.c.obj)
                0x0000000003801814                vexDeviceMotorVoltageSet
 .text.vexDeviceMotorActualVelocityGet
                0x0000000003801840       0x24 /Applications/VEXcode Pro V5.app/Contents/Resources/sdk/vexv5/libv5rt.a(v5_apijump.c.obj)
                0x0000000003801840                vexDeviceMotorActualVelocityGet
 .text.vexDeviceMotorCurrentGet
                0x0000000003801864       0x24 /Applications/VEXcode Pro V5.app/Contents/Resources/sdk/vexv5/libv5rt.a(v5_apijump.c.obj)
                0x0000000003801864                vexDeviceMotorCurrentGet
 .text.vexDeviceMotorReverseFlagSet
                0x0000000003801888       0x2c /Applications/VEXcode Pro V5.app/Contents/Resources/sdk/vexv5/libv5rt.a(v5_apijump.c.obj)
                0x0000000003801888                vexDeviceMotorReverseFlagSet
 .text.vexDeviceMotorEncoderUnitsSet
                0x00000000038018b4       0x2c /Applications/VEXcode Pro V5.app/Contents/Resources/sdk/vexv5/libv5rt.a(v5_apijump.c.obj)
                0x00000000038018b4                vexDeviceMotorEncoderUnitsSet
 .text.vexDeviceMotorBrakeModeSet
                0x00000000038018e0       0x2c /Applications/VEXcode Pro V5.app/Contents/Resources/sdk/vexv5/libv5rt.a(v5_apijump.c.obj)
                0x00000000038018e0                vexDeviceMotorBrakeModeSet
 .text.vexDeviceMotorPositionSet
                0x000000000380190c       0x34 /Applications/VEXcode Pro V5.app/Contents/Resources/sdk/vexv5/libv5rt.a(v5_apijump.c.obj)
                0x000000000380190c                vexDeviceMotorPositionSet
 .text.vexDeviceMotorPositionGet
                0x0000000003801940       0x24 /Applications/VEXcode Pro V5.app/Contents/Resources/sdk/vexv5/libv5rt.a(v5_apijump.c.obj)
                0x0000000003801940                vexDeviceMotorPositionGet
 .text.vexDeviceMotorGearingSet
                0x0000000003801964       0x2c /Applications/VEXcode Pro V5.app/Contents/Resources/sdk/vexv5/libv5rt.a(v5_apijump.c.obj)
                0x0000000003801964                vexDeviceMotorGearingSet
 .text.vexDeviceMotorGearingGet
                0x0000000003801990       0x24 /Applications/VEXcode Pro V5.app/Contents/Resources/sdk/vexv5/libv5rt.a(v5_apijump.c.obj)
                0x0000000003801990                vexDeviceMotorGearingGet
 .text.vexDeviceImuReset
                0x00000000038019b4       0x24 /Applications/VEXcode Pro V5.app/Contents/Resources/sdk/vexv5/libv5rt.a(v5_apijump.c.obj)
                0x00000000038019b4                vexDeviceImuReset
 .text.vexDeviceImuHeadingGet
                0x00000000038019d8       0x24 /Applications/VEXcode Pro V5.app/Contents/Resources/sdk/vexv5/libv5rt.a(v5_apijump.c.obj)
                0x00000000038019d8                vexDeviceImuHeadingGet
 .text.vexDeviceImuDegreesGet
                0x00000000038019fc       0x24 /Applications/VEXcode Pro V5.app/Contents/Resources/sdk/vexv5/libv5rt.a(v5_apijump.c.obj)
                0x00000000038019fc                vexDeviceImuDegreesGet
 .text.vexDeviceImuStatusGet
                0x0000000003801a20       0x24 /Applications/VEXcode Pro V5.app/Contents/Resources/sdk/vexv5/libv5rt.a(v5_apijump.c.obj)
                0x0000000003801a20                vexDeviceImuStatusGet
 .text.vexDisplayForegroundColor
                0x0000000003801a44       0x24 /Applications/VEXcode Pro V5.app/Contents/Resources/sdk/vexv5/libv5rt.a(v5_apijump.c.obj)
                0x0000000003801a44                vexDisplayForegroundColor
 .text.vexDisplayBackgroundColor
                0x0000000003801a68       0x24 /Applications/VEXcode Pro V5.app/Contents/Resources/sdk/vexv5/libv5rt.a(v5_apijump.c.obj)
                0x0000000003801a68                vexDisplayBackgroundColor
 .text.vexDisplayBackgroundColorGet
                0x0000000003801a8c       0x1c /Applications/VEXcode Pro V5.app/Contents/Resources/sdk/vexv5/libv5rt.a(v5_apijump.c.obj)
                0x0000000003801a8c                vexDisplayBackgroundColorGet
 .text.vexDisplayRectClear
                0x0000000003801aa8       0x4c /Applications/VEXcode Pro V5.app/Contents/Resources/sdk/vexv5/libv5rt.a(v5_apijump.c.obj)
                0x0000000003801aa8                vexDisplayRectClear
 .text.vexDisplayVPrintf
                0x0000000003801af4       0x50 /Applications/VEXcode Pro V5.app/Contents/Resources/sdk/vexv5/libv5rt.a(v5_apijump.c.obj)
                0x0000000003801af4                vexDisplayVPrintf
 .text.vexDisplayTextReference
                0x0000000003801b44       0x24 /Applications/VEXcode Pro V5.app/Contents/Resources/sdk/vexv5/libv5rt.a(v5_apijump.c.obj)
                0x0000000003801b44                vexDisplayTextReference
 .text.vexDisplayTextSize
                0x0000000003801b68       0x2c /Applications/VEXcode Pro V5.app/Contents/Resources/sdk/vexv5/libv5rt.a(v5_apijump.c.obj)
                0x0000000003801b68                vexDisplayTextSize
 .text.vexDisplayFontNamedSet
                0x0000000003801b94       0x24 /Applications/VEXcode Pro V5.app/Contents/Resources/sdk/vexv5/libv5rt.a(v5_apijump.c.obj)
                0x0000000003801b94                vexDisplayFontNamedSet
 .text.vexDisplayStringWidthGet
                0x0000000003801bb8       0x24 /Applications/VEXcode Pro V5.app/Contents/Resources/sdk/vexv5/libv5rt.a(v5_apijump.c.obj)
                0x0000000003801bb8                vexDisplayStringWidthGet
 .text.vexSystemStdlibImpureDataAddr
                0x0000000003801bdc       0x28 /Applications/VEXcode Pro V5.app/Contents/Resources/sdk/vexv5/libv5rt.a(v5_apijump.c.obj)
                0x0000000003801bdc                vexSystemStdlibImpureDataAddr
 .text.vexSystemStdlibImpureDataSize
                0x0000000003801c04       0x28 /Applications/VEXcode Pro V5.app/Contents/Resources/sdk/vexv5/libv5rt.a(v5_apijump.c.obj)
                0x0000000003801c04                vexSystemStdlibImpureDataSize
 .text.vexSystemSaveUserData
                0x0000000003801c2c       0x3c /Applications/VEXcode Pro V5.app/Contents/Resources/sdk/vexv5/libv5rt.a(v5_apijump.c.obj)
                0x0000000003801c2c                vexSystemSaveUserData
 .text.vexDisplayThemeIdGet
                0x0000000003801c68       0x38 /Applications/VEXcode Pro V5.app/Contents/Resources/sdk/vexv5/libv5rt.a(v5_apijump.c.obj)
                0x0000000003801c68                vexDisplayThemeIdGet
 .text.vexDeviceEventMaskSet
                0x0000000003801ca0       0x48 /Applications/VEXcode Pro V5.app/Contents/Resources/sdk/vexv5/libv5rt.a(v5_apijump.c.obj)
                0x0000000003801ca0                vexDeviceEventMaskSet
 .text.vexDeviceEventMaskGet
                0x0000000003801ce8       0x3c /Applications/VEXcode Pro V5.app/Contents/Resources/sdk/vexv5/libv5rt.a(v5_apijump.c.obj)
                0x0000000003801ce8                vexDeviceEventMaskGet
 .text.vexSystemVersion
                0x0000000003801d24       0x10 /Applications/VEXcode Pro V5.app/Contents/Resources/sdk/vexv5/libv5rt.a(v5_apiversions.c.obj)
                0x0000000003801d24                vexSystemVersion
 .text.vexStdlibVersion
                0x0000000003801d34       0x10 /Applications/VEXcode Pro V5.app/Contents/Resources/sdk/vexv5/libv5rt.a(v5_apiversions.c.obj)
                0x0000000003801d34                vexStdlibVersion
 *fill*         0x0000000003801d44        0x4 
 .text._ZN3vex4waitEdNS_9timeUnitsE
                0x0000000003801d48       0x30 /Applications/VEXcode Pro V5.app/Contents/Resources/sdk/vexv5/libv5rt.a(vex_global.cpp.obj)
                0x0000000003801d48                vex::wait(double, vex::timeUnits)
 .text._ZN3vex5motorD2Ev
                0x0000000003801d78       0x20 /Applications/VEXcode Pro V5.app/Contents/Resources/sdk/vexv5/libv5rt.a(vex_motor.cpp.obj)
                0x0000000003801d78                vex::motor::~motor()
                0x0000000003801d78                vex::motor::~motor()
 .text._ZN3vex5motorD0Ev
                0x0000000003801d98       0x1c /Applications/VEXcode Pro V5.app/Contents/Resources/sdk/vexv5/libv5rt.a(vex_motor.cpp.obj)
                0x0000000003801d98                vex::motor::~motor()
 .text._ZN3vex5motor9installedEv
                0x0000000003801db4       0x18 /Applications/VEXcode Pro V5.app/Contents/Resources/sdk/vexv5/libv5rt.a(vex_motor.cpp.obj)
                0x0000000003801db4                vex::motor::installed()
 .text._ZN3vex5motor15defaultStoppingENS_9brakeTypeE
                0x0000000003801dcc       0x30 /Applications/VEXcode Pro V5.app/Contents/Resources/sdk/vexv5/libv5rt.a(vex_motor.cpp.obj)
                0x0000000003801dcc                vex::motor::defaultStopping(vex::brakeType)
 .text._ZN3vex5motor8setBrakeENS_9brakeTypeE
                0x0000000003801dfc        0x4 /Applications/VEXcode Pro V5.app/Contents/Resources/sdk/vexv5/libv5rt.a(vex_motor.cpp.obj)
                0x0000000003801dfc                vex::motor::setBrake(vex::brakeType)
 .text._ZN3vex5motorC2El
                0x0000000003801e00       0x78 /Applications/VEXcode Pro V5.app/Contents/Resources/sdk/vexv5/libv5rt.a(vex_motor.cpp.obj)
                0x0000000003801e00                vex::motor::motor(long)
                0x0000000003801e00                vex::motor::motor(long)
 .text._ZN3vex5motorC2ElNS_11gearSettingEb
                0x0000000003801e78       0x34 /Applications/VEXcode Pro V5.app/Contents/Resources/sdk/vexv5/libv5rt.a(vex_motor.cpp.obj)
                0x0000000003801e78                vex::motor::motor(long, vex::gearSetting, bool)
                0x0000000003801e78                vex::motor::motor(long, vex::gearSetting, bool)
 *fill*         0x0000000003801eac        0x4 
 .text._ZN3vex5motor4spinENS_13directionTypeEdNS_12voltageUnitsE
                0x0000000003801eb0       0x50 /Applications/VEXcode Pro V5.app/Contents/Resources/sdk/vexv5/libv5rt.a(vex_motor.cpp.obj)
                0x0000000003801eb0                vex::motor::spin(vex::directionType, double, vex::voltageUnits)
 .text._ZN3vex5motor4stopENS_9brakeTypeE
                0x0000000003801f00       0x30 /Applications/VEXcode Pro V5.app/Contents/Resources/sdk/vexv5/libv5rt.a(vex_motor.cpp.obj)
                0x0000000003801f00                vex::motor::stop(vex::brakeType)
 .text._ZN3vex5motor4stopEv
                0x0000000003801f30        0x8 /Applications/VEXcode Pro V5.app/Contents/Resources/sdk/vexv5/libv5rt.a(vex_motor.cpp.obj)
                0x0000000003801f30                vex::motor::stop()
 .text._ZN3vex5motor7currentENS_12currentUnitsE
                0x0000000003801f38       0x30 /Applications/VEXcode Pro V5.app/Contents/Resources/sdk/vexv5/libv5rt.a(vex_motor.cpp.obj)
                0x0000000003801f38                vex::motor::current(vex::currentUnits)
 .text._ZN3vex5motor16velocityToScaledEdNS_13velocityUnitsE
                0x0000000003801f68       0x5c /Applications/VEXcode Pro V5.app/Contents/Resources/sdk/vexv5/libv5rt.a(vex_motor.cpp.obj)
                0x0000000003801f68                vex::motor::velocityToScaled(double, vex::velocityUnits)
 .text._ZN3vex5motor8velocityENS_13velocityUnitsE
                0x0000000003801fc4       0x30 /Applications/VEXcode Pro V5.app/Contents/Resources/sdk/vexv5/libv5rt.a(vex_motor.cpp.obj)
                0x0000000003801fc4                vex::motor::velocity(vex::velocityUnits)
 .text._ZN3vex5motor5valueEv
                0x0000000003801ff4       0x1c /Applications/VEXcode Pro V5.app/Contents/Resources/sdk/vexv5/libv5rt.a(vex_motor.cpp.obj)
                0x0000000003801ff4                vex::motor::value()
 .text._ZN3vex5motor16setRotationUnitsENS_13rotationUnitsE
                0x0000000003802010       0x1c /Applications/VEXcode Pro V5.app/Contents/Resources/sdk/vexv5/libv5rt.a(vex_motor.cpp.obj)
                0x0000000003802010                vex::motor::setRotationUnits(vex::rotationUnits)
 .text._ZN3vex5motor11setRotationEdNS_13rotationUnitsE
                0x000000000380202c       0x44 /Applications/VEXcode Pro V5.app/Contents/Resources/sdk/vexv5/libv5rt.a(vex_motor.cpp.obj)
                0x000000000380202c                vex::motor::setRotation(double, vex::rotationUnits)
 .text._ZN3vex5motor13resetRotationEv
                0x0000000003802070       0x20 /Applications/VEXcode Pro V5.app/Contents/Resources/sdk/vexv5/libv5rt.a(vex_motor.cpp.obj)
                0x0000000003802070                vex::motor::resetRotation()
 .text._ZN3vex5motor8rotationENS_13rotationUnitsE
                0x0000000003802090       0x44 /Applications/VEXcode Pro V5.app/Contents/Resources/sdk/vexv5/libv5rt.a(vex_motor.cpp.obj)
                0x0000000003802090                vex::motor::rotation(vex::rotationUnits)
 .text._ZN3vex6vision9signatureD2Ev
                0x00000000038020d4        0x4 /Applications/VEXcode Pro V5.app/Contents/Resources/sdk/vexv5/libv5rt.a(vex_vision.cpp.obj)
                0x00000000038020d4                vex::vision::signature::~signature()
                0x00000000038020d4                vex::vision::signature::~signature()
 .text._ZN3vex6vision9signature5clearEv
                0x00000000038020d8       0x38 /Applications/VEXcode Pro V5.app/Contents/Resources/sdk/vexv5/libv5rt.a(vex_vision.cpp.obj)
                0x00000000038020d8                vex::vision::signature::clear()
 .text._ZN3vex6vision9signatureC2Ev
                0x0000000003802110       0x60 /Applications/VEXcode Pro V5.app/Contents/Resources/sdk/vexv5/libv5rt.a(vex_vision.cpp.obj)
                0x0000000003802110                vex::vision::signature::signature()
                0x0000000003802110                vex::vision::signature::signature()
 .text._ZN3vex6vision9signatureC2Elllllllfl
                0x0000000003802170       0x5c /Applications/VEXcode Pro V5.app/Contents/Resources/sdk/vexv5/libv5rt.a(vex_vision.cpp.obj)
                0x0000000003802170                vex::vision::signature::signature(long, long, long, long, long, long, long, float, long)
                0x0000000003802170                vex::vision::signature::signature(long, long, long, long, long, long, long, float, long)
 .text._ZN3vex8inertial11getTurnTypeEv
                0x00000000038021cc        0x8 /Applications/VEXcode Pro V5.app/Contents/Resources/sdk/vexv5/libv5rt.a(vex_imu.cpp.obj)
                0x00000000038021cc                vex::inertial::getTurnType()
 .text._ZThn16_N3vex8inertial11getTurnTypeEv
                0x00000000038021d4        0x8 /Applications/VEXcode Pro V5.app/Contents/Resources/sdk/vexv5/libv5rt.a(vex_imu.cpp.obj)
                0x00000000038021d4                non-virtual thunk to vex::inertial::getTurnType()
 *fill*         0x00000000038021dc        0x4 
 .text._ZN3vex8inertial10setHeadingEdNS_13rotationUnitsE
                0x00000000038021e0       0x58 /Applications/VEXcode Pro V5.app/Contents/Resources/sdk/vexv5/libv5rt.a(vex_imu.cpp.obj)
                0x00000000038021e0                vex::inertial::setHeading(double, vex::rotationUnits)
 .text._ZThn16_N3vex8inertial10setHeadingEdNS_13rotationUnitsE
                0x0000000003802238        0x8 /Applications/VEXcode Pro V5.app/Contents/Resources/sdk/vexv5/libv5rt.a(vex_imu.cpp.obj)
                0x0000000003802238                non-virtual thunk to vex::inertial::setHeading(double, vex::rotationUnits)
 .text._ZN3vex8inertial11setRotationEdNS_13rotationUnitsE
                0x0000000003802240       0x58 /Applications/VEXcode Pro V5.app/Contents/Resources/sdk/vexv5/libv5rt.a(vex_imu.cpp.obj)
                0x0000000003802240                vex::inertial::setRotation(double, vex::rotationUnits)
 .text._ZThn16_N3vex8inertial11setRotationEdNS_13rotationUnitsE
                0x0000000003802298        0x8 /Applications/VEXcode Pro V5.app/Contents/Resources/sdk/vexv5/libv5rt.a(vex_imu.cpp.obj)
                0x0000000003802298                non-virtual thunk to vex::inertial::setRotation(double, vex::rotationUnits)
 .text._ZN3vex8inertialD2Ev
                0x00000000038022a0       0x20 /Applications/VEXcode Pro V5.app/Contents/Resources/sdk/vexv5/libv5rt.a(vex_imu.cpp.obj)
                0x00000000038022a0                vex::inertial::~inertial()
                0x00000000038022a0                vex::inertial::~inertial()
 .text._ZThn16_N3vex8inertialD1Ev
                0x00000000038022c0        0x8 /Applications/VEXcode Pro V5.app/Contents/Resources/sdk/vexv5/libv5rt.a(vex_imu.cpp.obj)
                0x00000000038022c0                non-virtual thunk to vex::inertial::~inertial()
 .text._ZN3vex8inertialD0Ev
                0x00000000038022c8       0x1c /Applications/VEXcode Pro V5.app/Contents/Resources/sdk/vexv5/libv5rt.a(vex_imu.cpp.obj)
                0x00000000038022c8                vex::inertial::~inertial()
 .text._ZThn16_N3vex8inertialD0Ev
                0x00000000038022e4        0x8 /Applications/VEXcode Pro V5.app/Contents/Resources/sdk/vexv5/libv5rt.a(vex_imu.cpp.obj)
                0x00000000038022e4                non-virtual thunk to vex::inertial::~inertial()
 .text._ZN3vex8inertial9installedEv
                0x00000000038022ec       0x18 /Applications/VEXcode Pro V5.app/Contents/Resources/sdk/vexv5/libv5rt.a(vex_imu.cpp.obj)
                0x00000000038022ec                vex::inertial::installed()
 .text._ZN3vex8inertial5angleENS_13rotationUnitsE
                0x0000000003802304       0x6c /Applications/VEXcode Pro V5.app/Contents/Resources/sdk/vexv5/libv5rt.a(vex_imu.cpp.obj)
                0x0000000003802304                vex::inertial::angle(vex::rotationUnits)
 .text._ZThn16_N3vex8inertial5angleENS_13rotationUnitsE
                0x0000000003802370        0x8 /Applications/VEXcode Pro V5.app/Contents/Resources/sdk/vexv5/libv5rt.a(vex_imu.cpp.obj)
                0x0000000003802370                non-virtual thunk to vex::inertial::angle(vex::rotationUnits)
 .text._ZN3vex8inertial7headingENS_13rotationUnitsE
                0x0000000003802378        0x4 /Applications/VEXcode Pro V5.app/Contents/Resources/sdk/vexv5/libv5rt.a(vex_imu.cpp.obj)
                0x0000000003802378                vex::inertial::heading(vex::rotationUnits)
 .text._ZThn16_N3vex8inertial7headingENS_13rotationUnitsE
                0x000000000380237c        0x8 /Applications/VEXcode Pro V5.app/Contents/Resources/sdk/vexv5/libv5rt.a(vex_imu.cpp.obj)
                0x000000000380237c                non-virtual thunk to vex::inertial::heading(vex::rotationUnits)
 .text._ZN3vex8inertial5valueEv
                0x0000000003802384       0x1c /Applications/VEXcode Pro V5.app/Contents/Resources/sdk/vexv5/libv5rt.a(vex_imu.cpp.obj)
                0x0000000003802384                vex::inertial::value()
 .text._ZN3vex8inertial8rotationENS_13rotationUnitsE
                0x00000000038023a0       0x48 /Applications/VEXcode Pro V5.app/Contents/Resources/sdk/vexv5/libv5rt.a(vex_imu.cpp.obj)
                0x00000000038023a0                vex::inertial::rotation(vex::rotationUnits)
 .text._ZThn16_N3vex8inertial8rotationENS_13rotationUnitsE
                0x00000000038023e8        0x8 /Applications/VEXcode Pro V5.app/Contents/Resources/sdk/vexv5/libv5rt.a(vex_imu.cpp.obj)
                0x00000000038023e8                non-virtual thunk to vex::inertial::rotation(vex::rotationUnits)
 .text._ZN3vex8inertial13isCalibratingEv
                0x00000000038023f0       0x38 /Applications/VEXcode Pro V5.app/Contents/Resources/sdk/vexv5/libv5rt.a(vex_imu.cpp.obj)
                0x00000000038023f0                vex::inertial::isCalibrating()
 .text._ZThn16_N3vex8inertial13isCalibratingEv
                0x0000000003802428        0x8 /Applications/VEXcode Pro V5.app/Contents/Resources/sdk/vexv5/libv5rt.a(vex_imu.cpp.obj)
                0x0000000003802428                non-virtual thunk to vex::inertial::isCalibrating()
 .text._ZN3vex8inertialC2ElNS_8turnTypeE
                0x0000000003802430       0x4c /Applications/VEXcode Pro V5.app/Contents/Resources/sdk/vexv5/libv5rt.a(vex_imu.cpp.obj)
                0x0000000003802430                vex::inertial::inertial(long, vex::turnType)
                0x0000000003802430                vex::inertial::inertial(long, vex::turnType)
 .text._ZN3vex8inertial13resetRotationEv
                0x000000000380247c       0x20 /Applications/VEXcode Pro V5.app/Contents/Resources/sdk/vexv5/libv5rt.a(vex_imu.cpp.obj)
                0x000000000380247c                vex::inertial::resetRotation()
 .text._ZN3vex8inertial16startCalibrationEl
                0x000000000380249c       0x20 /Applications/VEXcode Pro V5.app/Contents/Resources/sdk/vexv5/libv5rt.a(vex_imu.cpp.obj)
                0x000000000380249c                vex::inertial::startCalibration(long)
 .text._ZN3vex8inertial9calibrateEl
                0x00000000038024bc        0xc /Applications/VEXcode Pro V5.app/Contents/Resources/sdk/vexv5/libv5rt.a(vex_imu.cpp.obj)
                0x00000000038024bc                vex::inertial::calibrate(long)
                0x00000000038024c0                non-virtual thunk to vex::inertial::calibrate(long)
 .text._ZN3vex10controllerD2Ev
                0x00000000038024c8        0x4 /Applications/VEXcode Pro V5.app/Contents/Resources/sdk/vexv5/libv5rt.a(vex_controller.cpp.obj)
                0x00000000038024c8                vex::controller::~controller()
                0x00000000038024c8                vex::controller::~controller()
 .text._ZN3vex10controller5valueE19_V5_ControllerIndex
                0x00000000038024cc        0x8 /Applications/VEXcode Pro V5.app/Contents/Resources/sdk/vexv5/libv5rt.a(vex_controller.cpp.obj)
                0x00000000038024cc                vex::controller::value(_V5_ControllerIndex)
 .text._ZNK3vex10controller6button8pressingEv
                0x00000000038024d4       0xc8 /Applications/VEXcode Pro V5.app/Contents/Resources/sdk/vexv5/libv5rt.a(vex_controller.cpp.obj)
                0x00000000038024d4                vex::controller::button::pressing() const
 .text._ZNK3vex10controller6button21_buttonToPressedEventEv
                0x000000000380259c       0x20 /Applications/VEXcode Pro V5.app/Contents/Resources/sdk/vexv5/libv5rt.a(vex_controller.cpp.obj)
                0x000000000380259c                vex::controller::button::_buttonToPressedEvent() const
 .text._ZNK3vex10controller6button22_buttonToReleasedEventEv
                0x00000000038025bc       0x20 /Applications/VEXcode Pro V5.app/Contents/Resources/sdk/vexv5/libv5rt.a(vex_controller.cpp.obj)
                0x00000000038025bc                vex::controller::button::_buttonToReleasedEvent() const
 .text._ZN3vex10controller6buttonC2ENS0_11tButtonTypeEPS0_
                0x00000000038025dc       0x48 /Applications/VEXcode Pro V5.app/Contents/Resources/sdk/vexv5/libv5rt.a(vex_controller.cpp.obj)
                0x00000000038025dc                vex::controller::button::button(vex::controller::tButtonType, vex::controller*)
                0x00000000038025dc                vex::controller::button::button(vex::controller::tButtonType, vex::controller*)
 .text._ZNK3vex10controller4axis5valueEv
                0x0000000003802624       0x58 /Applications/VEXcode Pro V5.app/Contents/Resources/sdk/vexv5/libv5rt.a(vex_controller.cpp.obj)
                0x0000000003802624                vex::controller::axis::value() const
 .text._ZNK3vex10controller4axis8positionENS_12percentUnitsE
                0x000000000380267c       0x1c /Applications/VEXcode Pro V5.app/Contents/Resources/sdk/vexv5/libv5rt.a(vex_controller.cpp.obj)
                0x000000000380267c                vex::controller::axis::position(vex::percentUnits) const
 .text._ZNK3vex10controller4axis23_joystickToChangedEventEv
                0x0000000003802698       0x20 /Applications/VEXcode Pro V5.app/Contents/Resources/sdk/vexv5/libv5rt.a(vex_controller.cpp.obj)
                0x0000000003802698                vex::controller::axis::_joystickToChangedEvent() const
 .text._ZN3vex10controller4axisC2ENS0_9tAxisTypeEPS0_
                0x00000000038026b8       0x2c /Applications/VEXcode Pro V5.app/Contents/Resources/sdk/vexv5/libv5rt.a(vex_controller.cpp.obj)
                0x00000000038026b8                vex::controller::axis::axis(vex::controller::tAxisType, vex::controller*)
                0x00000000038026b8                vex::controller::axis::axis(vex::controller::tAxisType, vex::controller*)
 .text._ZN3vex10controllerC2ENS_14controllerTypeE
                0x00000000038026e4      0x16c /Applications/VEXcode Pro V5.app/Contents/Resources/sdk/vexv5/libv5rt.a(vex_controller.cpp.obj)
                0x00000000038026e4                vex::controller::controller(vex::controllerType)
                0x00000000038026e4                vex::controller::controller(vex::controllerType)
 .text._ZN3vex4taskC2EPFivE
                0x0000000003802850       0x5c /Applications/VEXcode Pro V5.app/Contents/Resources/sdk/vexv5/libv5rt.a(vex_task.cpp.obj)
                0x0000000003802850                vex::task::task(int (*)())
                0x0000000003802850                vex::task::task(int (*)())
 .text._ZN3vex4taskD2Ev
                0x00000000038028ac        0x4 /Applications/VEXcode Pro V5.app/Contents/Resources/sdk/vexv5/libv5rt.a(vex_task.cpp.obj)
                0x00000000038028ac                vex::task::~task()
                0x00000000038028ac                vex::task::~task()
 .text._ZN3vex4task4stopEPvi
                0x00000000038028b0       0x1c /Applications/VEXcode Pro V5.app/Contents/Resources/sdk/vexv5/libv5rt.a(vex_task.cpp.obj)
                0x00000000038028b0                vex::task::stop(void*, int)
 .text._ZN3vex4task6_indexEPFivE
                0x00000000038028cc       0x14 /Applications/VEXcode Pro V5.app/Contents/Resources/sdk/vexv5/libv5rt.a(vex_task.cpp.obj)
                0x00000000038028cc                vex::task::_index(int (*)())
 .text._ZN3vex4task8_stopAllEv
                0x00000000038028e0       0x3c /Applications/VEXcode Pro V5.app/Contents/Resources/sdk/vexv5/libv5rt.a(vex_task.cpp.obj)
                0x00000000038028e0                vex::task::_stopAll()
 .text._ZN3vex11this_thread9sleep_forEm
                0x000000000380291c        0x4 /Applications/VEXcode Pro V5.app/Contents/Resources/sdk/vexv5/libv5rt.a(vex_thread.cpp.obj)
                0x000000000380291c                vex::this_thread::sleep_for(unsigned long)
 .text._ZN3vex5event4initEmmPFvvE
                0x0000000003802920        0x4 /Applications/VEXcode Pro V5.app/Contents/Resources/sdk/vexv5/libv5rt.a(vex_event.cpp.obj)
                0x0000000003802920                vex::event::init(unsigned long, unsigned long, void (*)())
 .text._ZN3vex5event4initEmmPFvPvES1_
                0x0000000003802924        0x4 /Applications/VEXcode Pro V5.app/Contents/Resources/sdk/vexv5/libv5rt.a(vex_event.cpp.obj)
                0x0000000003802924                vex::event::init(unsigned long, unsigned long, void (*)(void*), void*)
 .text._ZN3vex5event9userindexEv
                0x0000000003802928        0x4 /Applications/VEXcode Pro V5.app/Contents/Resources/sdk/vexv5/libv5rt.a(vex_event.cpp.obj)
                0x0000000003802928                vex::event::userindex()
 .text._ZZN3vex6meventC4EmmENUlvE_4_FUNEv
                0x000000000380292c        0x4 /Applications/VEXcode Pro V5.app/Contents/Resources/sdk/vexv5/libv5rt.a(vex_mevent.cpp.obj)
 .text._ZN3vex6meventC2Emm
                0x0000000003802930       0x70 /Applications/VEXcode Pro V5.app/Contents/Resources/sdk/vexv5/libv5rt.a(vex_mevent.cpp.obj)
                0x0000000003802930                vex::mevent::mevent(unsigned long, unsigned long)
                0x0000000003802930                vex::mevent::mevent(unsigned long, unsigned long)
 .text._ZN3vex5brain9_getIndexEv
                0x00000000038029a0       0x10 /Applications/VEXcode Pro V5.app/Contents/Resources/sdk/vexv5/libv5rt.a(vex_brain.cpp.obj)
                0x00000000038029a0                vex::brain::_getIndex()
 .text._ZN3vex5brain3lcd9setCursorEll
                0x00000000038029b0       0x44 /Applications/VEXcode Pro V5.app/Contents/Resources/sdk/vexv5/libv5rt.a(vex_brain.cpp.obj)
                0x00000000038029b0                vex::brain::lcd::setCursor(long, long)
 .text._ZN3vex5brain3lcd7setFontENS_8fontTypeE
                0x00000000038029f4      0x23c /Applications/VEXcode Pro V5.app/Contents/Resources/sdk/vexv5/libv5rt.a(vex_brain.cpp.obj)
                0x00000000038029f4                vex::brain::lcd::setFont(vex::fontType)
 .text._ZN3vex5brain3lcdC2Ev
                0x0000000003802c30       0x94 /Applications/VEXcode Pro V5.app/Contents/Resources/sdk/vexv5/libv5rt.a(vex_brain.cpp.obj)
                0x0000000003802c30                vex::brain::lcd::lcd()
                0x0000000003802c30                vex::brain::lcd::lcd()
 .text._ZN3vex5brainC2Ev
                0x0000000003802cc4       0x3c /Applications/VEXcode Pro V5.app/Contents/Resources/sdk/vexv5/libv5rt.a(vex_brain.cpp.obj)
                0x0000000003802cc4                vex::brain::brain()
                0x0000000003802cc4                vex::brain::brain()
 .text._ZN3vex5brain3lcd12_clearScreenEm
                0x0000000003802d00       0x38 /Applications/VEXcode Pro V5.app/Contents/Resources/sdk/vexv5/libv5rt.a(vex_brain.cpp.obj)
                0x0000000003802d00                vex::brain::lcd::_clearScreen(unsigned long)
 .text._ZN3vex5brain3lcd11clearScreenERKNS_5colorE
                0x0000000003802d38       0x20 /Applications/VEXcode Pro V5.app/Contents/Resources/sdk/vexv5/libv5rt.a(vex_brain.cpp.obj)
                0x0000000003802d38                vex::brain::lcd::clearScreen(vex::color const&)
 .text._ZN3vex5brain3lcd11clearScreenEv
                0x0000000003802d58       0x2c /Applications/VEXcode Pro V5.app/Contents/Resources/sdk/vexv5/libv5rt.a(vex_brain.cpp.obj)
                0x0000000003802d58                vex::brain::lcd::clearScreen()
 .text._ZN3vex5brain3lcd10rowToPixelEl
                0x0000000003802d84       0x34 /Applications/VEXcode Pro V5.app/Contents/Resources/sdk/vexv5/libv5rt.a(vex_brain.cpp.obj)
                0x0000000003802d84                vex::brain::lcd::rowToPixel(long)
 .text._ZN3vex5brain3lcd5printEPcz
                0x0000000003802db8       0xb8 /Applications/VEXcode Pro V5.app/Contents/Resources/sdk/vexv5/libv5rt.a(vex_brain.cpp.obj)
                0x0000000003802db8                vex::brain::lcd::print(char*, ...)
 .text._ZN3vex5brainD2Ev
                0x0000000003802e70       0x20 /Applications/VEXcode Pro V5.app/Contents/Resources/sdk/vexv5/libv5rt.a(vex_brain.cpp.obj)
                0x0000000003802e70                vex::brain::~brain()
                0x0000000003802e70                vex::brain::~brain()
 .text._ZN3vex11competition8_disableEPv
                0x0000000003802e90       0xa4 /Applications/VEXcode Pro V5.app/Contents/Resources/sdk/vexv5/libv5rt.a(vex_competition.cpp.obj)
                0x0000000003802e90                vex::competition::_disable(void*)
 .text._ZN3vex11competition11_autonomousEv
                0x0000000003802f34       0x80 /Applications/VEXcode Pro V5.app/Contents/Resources/sdk/vexv5/libv5rt.a(vex_competition.cpp.obj)
                0x0000000003802f34                vex::competition::_autonomous()
 .text._ZN3vex11competition14_drivercontrolEv
                0x0000000003802fb4       0x80 /Applications/VEXcode Pro V5.app/Contents/Resources/sdk/vexv5/libv5rt.a(vex_competition.cpp.obj)
                0x0000000003802fb4                vex::competition::_drivercontrol()
 .text._ZN3vex11competitionC2Ev
                0x0000000003803034      0x13c /Applications/VEXcode Pro V5.app/Contents/Resources/sdk/vexv5/libv5rt.a(vex_competition.cpp.obj)
                0x0000000003803034                vex::competition::competition()
                0x0000000003803034                vex::competition::competition()
 .text._ZN3vex11competitionD2Ev
                0x0000000003803170        0x4 /Applications/VEXcode Pro V5.app/Contents/Resources/sdk/vexv5/libv5rt.a(vex_competition.cpp.obj)
                0x0000000003803170                vex::competition::~competition()
                0x0000000003803170                vex::competition::~competition()
 .text._ZN3vex11competition10autonomousEPFvvE
                0x0000000003803174       0x44 /Applications/VEXcode Pro V5.app/Contents/Resources/sdk/vexv5/libv5rt.a(vex_competition.cpp.obj)
                0x0000000003803174                vex::competition::autonomous(void (*)())
 .text._ZN3vex11competition13drivercontrolEPFvvE
                0x00000000038031b8       0x44 /Applications/VEXcode Pro V5.app/Contents/Resources/sdk/vexv5/libv5rt.a(vex_competition.cpp.obj)
                0x00000000038031b8                vex::competition::drivercontrol(void (*)())
 .text._ZN3vex7triportD2Ev
                0x00000000038031fc       0x38 /Applications/VEXcode Pro V5.app/Contents/Resources/sdk/vexv5/libv5rt.a(vex_triport.cpp.obj)
                0x00000000038031fc                vex::triport::~triport()
                0x00000000038031fc                vex::triport::~triport()
 .text._ZN3vex7triportD0Ev
                0x0000000003803234       0x1c /Applications/VEXcode Pro V5.app/Contents/Resources/sdk/vexv5/libv5rt.a(vex_triport.cpp.obj)
                0x0000000003803234                vex::triport::~triport()
 .text._ZN3vex7triport9installedEv
                0x0000000003803250       0x18 /Applications/VEXcode Pro V5.app/Contents/Resources/sdk/vexv5/libv5rt.a(vex_triport.cpp.obj)
                0x0000000003803250                vex::triport::installed()
 .text._ZN3vex7triport4portC2ElPS0_
                0x0000000003803268       0x74 /Applications/VEXcode Pro V5.app/Contents/Resources/sdk/vexv5/libv5rt.a(vex_triport.cpp.obj)
                0x0000000003803268                vex::triport::port::port(long, vex::triport*)
                0x0000000003803268                vex::triport::port::port(long, vex::triport*)
 .text._ZN3vex7triportC2El
                0x00000000038032dc       0xf0 /Applications/VEXcode Pro V5.app/Contents/Resources/sdk/vexv5/libv5rt.a(vex_triport.cpp.obj)
                0x00000000038032dc                vex::triport::triport(long)
                0x00000000038032dc                vex::triport::triport(long)
 .text._ZN3vex5colorD2Ev
                0x00000000038033cc        0x4 /Applications/VEXcode Pro V5.app/Contents/Resources/sdk/vexv5/libv5rt.a(vex_color.cpp.obj)
                0x00000000038033cc                vex::color::~color()
                0x00000000038033cc                vex::color::~color()
 .text._ZN3vex5colorC2Ehhh
                0x00000000038033d0       0x1c /Applications/VEXcode Pro V5.app/Contents/Resources/sdk/vexv5/libv5rt.a(vex_color.cpp.obj)
                0x00000000038033d0                vex::color::color(unsigned char, unsigned char, unsigned char)
                0x00000000038033d0                vex::color::color(unsigned char, unsigned char, unsigned char)
 .text._ZNK3vex5colorcvmEv
                0x00000000038033ec        0x8 /Applications/VEXcode Pro V5.app/Contents/Resources/sdk/vexv5/libv5rt.a(vex_color.cpp.obj)
                0x00000000038033ec                vex::color::operator unsigned long() const
 .text.startup._GLOBAL__sub_I__ZN3vex5color5blackE
                0x00000000038033f4      0x164 /Applications/VEXcode Pro V5.app/Contents/Resources/sdk/vexv5/libv5rt.a(vex_color.cpp.obj)
 .text._ZN3vex5timerD2Ev
                0x0000000003803558        0x4 /Applications/VEXcode Pro V5.app/Contents/Resources/sdk/vexv5/libv5rt.a(vex_timer.cpp.obj)
                0x0000000003803558                vex::timer::~timer()
                0x0000000003803558                vex::timer::~timer()
 .text._ZN3vex5timer5clearEv
                0x000000000380355c       0x1c /Applications/VEXcode Pro V5.app/Contents/Resources/sdk/vexv5/libv5rt.a(vex_timer.cpp.obj)
                0x000000000380355c                vex::timer::clear()
 .text._ZN3vex5timerC2Ev
                0x0000000003803578       0x14 /Applications/VEXcode Pro V5.app/Contents/Resources/sdk/vexv5/libv5rt.a(vex_timer.cpp.obj)
                0x0000000003803578                vex::timer::timer()
                0x0000000003803578                vex::timer::timer()
 .text.vexMotorVelocitySet
                0x000000000380358c       0x20 /Applications/VEXcode Pro V5.app/Contents/Resources/sdk/vexv5/libv5rt.a(v5_apiuser.c.obj)
                0x000000000380358c                vexMotorVelocitySet
 .text.vexMotorVoltageSet
                0x00000000038035ac       0x20 /Applications/VEXcode Pro V5.app/Contents/Resources/sdk/vexv5/libv5rt.a(v5_apiuser.c.obj)
                0x00000000038035ac                vexMotorVoltageSet
 .text.vexMotorActualVelocityGet
                0x00000000038035cc       0x24 /Applications/VEXcode Pro V5.app/Contents/Resources/sdk/vexv5/libv5rt.a(v5_apiuser.c.obj)
                0x00000000038035cc                vexMotorActualVelocityGet
 .text.vexMotorCurrentGet
                0x00000000038035f0       0x18 /Applications/VEXcode Pro V5.app/Contents/Resources/sdk/vexv5/libv5rt.a(v5_apiuser.c.obj)
                0x00000000038035f0                vexMotorCurrentGet
 .text.vexMotorReverseFlagSet
                0x0000000003803608       0x20 /Applications/VEXcode Pro V5.app/Contents/Resources/sdk/vexv5/libv5rt.a(v5_apiuser.c.obj)
                0x0000000003803608                vexMotorReverseFlagSet
 .text.vexMotorEncoderUnitsSet
                0x0000000003803628       0x20 /Applications/VEXcode Pro V5.app/Contents/Resources/sdk/vexv5/libv5rt.a(v5_apiuser.c.obj)
                0x0000000003803628                vexMotorEncoderUnitsSet
 .text.vexMotorBrakeModeSet
                0x0000000003803648       0x20 /Applications/VEXcode Pro V5.app/Contents/Resources/sdk/vexv5/libv5rt.a(v5_apiuser.c.obj)
                0x0000000003803648                vexMotorBrakeModeSet
 .text.vexMotorPositionSet
                0x0000000003803668       0x28 /Applications/VEXcode Pro V5.app/Contents/Resources/sdk/vexv5/libv5rt.a(v5_apiuser.c.obj)
                0x0000000003803668                vexMotorPositionSet
 .text.vexMotorPositionGet
                0x0000000003803690       0x24 /Applications/VEXcode Pro V5.app/Contents/Resources/sdk/vexv5/libv5rt.a(v5_apiuser.c.obj)
                0x0000000003803690                vexMotorPositionGet
 .text.vexMotorGearingSet
                0x00000000038036b4       0x20 /Applications/VEXcode Pro V5.app/Contents/Resources/sdk/vexv5/libv5rt.a(v5_apiuser.c.obj)
                0x00000000038036b4                vexMotorGearingSet
 .text.vexMotorGearingGet
                0x00000000038036d4       0x18 /Applications/VEXcode Pro V5.app/Contents/Resources/sdk/vexv5/libv5rt.a(v5_apiuser.c.obj)
                0x00000000038036d4                vexMotorGearingGet
 .text.vexImuReset
                0x00000000038036ec       0x10 /Applications/VEXcode Pro V5.app/Contents/Resources/sdk/vexv5/libv5rt.a(v5_apiuser.c.obj)
                0x00000000038036ec                vexImuReset
 .text.vexImuHeadingGet
                0x00000000038036fc       0x10 /Applications/VEXcode Pro V5.app/Contents/Resources/sdk/vexv5/libv5rt.a(v5_apiuser.c.obj)
                0x00000000038036fc                vexImuHeadingGet
 .text.vexImuDegreesGet
                0x000000000380370c       0x10 /Applications/VEXcode Pro V5.app/Contents/Resources/sdk/vexv5/libv5rt.a(v5_apiuser.c.obj)
                0x000000000380370c                vexImuDegreesGet
 .text.vexImuStatusGet
                0x000000000380371c       0x10 /Applications/VEXcode Pro V5.app/Contents/Resources/sdk/vexv5/libv5rt.a(v5_apiuser.c.obj)
                0x000000000380371c                vexImuStatusGet
 .text.vexEventMaskSet
                0x000000000380372c       0x28 /Applications/VEXcode Pro V5.app/Contents/Resources/sdk/vexv5/libv5rt.a(v5_apiuser.c.obj)
                0x000000000380372c                vexEventMaskSet
 .text.vexEventMaskGet
                0x0000000003803754       0x18 /Applications/VEXcode Pro V5.app/Contents/Resources/sdk/vexv5/libv5rt.a(v5_apiuser.c.obj)
                0x0000000003803754                vexEventMaskGet
 .text._ZN3vex6deviceD2Ev
                0x000000000380376c        0x4 /Applications/VEXcode Pro V5.app/Contents/Resources/sdk/vexv5/libv5rt.a(vex_device.cpp.obj)
                0x000000000380376c                vex::device::~device()
                0x000000000380376c                vex::device::~device()
 .text._ZN3vex6device5valueEv
                0x0000000003803770        0x8 /Applications/VEXcode Pro V5.app/Contents/Resources/sdk/vexv5/libv5rt.a(vex_device.cpp.obj)
                0x0000000003803770                vex::device::value()
 .text._ZN3vex6deviceD0Ev
                0x0000000003803778       0x14 /Applications/VEXcode Pro V5.app/Contents/Resources/sdk/vexv5/libv5rt.a(vex_device.cpp.obj)
                0x0000000003803778                vex::device::~device()
 .text._ZN3vex6device4initEl
                0x000000000380378c       0x30 /Applications/VEXcode Pro V5.app/Contents/Resources/sdk/vexv5/libv5rt.a(vex_device.cpp.obj)
                0x000000000380378c                vex::device::init(long)
 .text._ZN3vex6deviceC2El
                0x00000000038037bc       0x20 /Applications/VEXcode Pro V5.app/Contents/Resources/sdk/vexv5/libv5rt.a(vex_device.cpp.obj)
                0x00000000038037bc                vex::device::device(long)
                0x00000000038037bc                vex::device::device(long)
 .text._ZN3vex6device4typeEv
                0x00000000038037dc       0x10 /Applications/VEXcode Pro V5.app/Contents/Resources/sdk/vexv5/libv5rt.a(vex_device.cpp.obj)
                0x00000000038037dc                vex::device::type()
 .text._ZN3vex6device9installedEv
                0x00000000038037ec       0x14 /Applications/VEXcode Pro V5.app/Contents/Resources/sdk/vexv5/libv5rt.a(vex_device.cpp.obj)
                0x00000000038037ec                vex::device::installed()
 .text.__libc_fini_array
                0x0000000003803800       0x30 /Applications/VEXcode Pro V5.app/Contents/Resources/sdk/vexv5/gcc/libs/libc.a(lib_a-fini.o)
                0x0000000003803800                __libc_fini_array
 .text.__libc_init_array
                0x0000000003803830       0x58 /Applications/VEXcode Pro V5.app/Contents/Resources/sdk/vexv5/gcc/libs/libc.a(lib_a-init.o)
                0x0000000003803830                __libc_init_array
 .text.strtok   0x0000000003803888       0x14 /Applications/VEXcode Pro V5.app/Contents/Resources/sdk/vexv5/gcc/libs/libc.a(lib_a-strtok.o)
                0x0000000003803888                strtok
 .text.__strtok_r
                0x000000000380389c       0x64 /Applications/VEXcode Pro V5.app/Contents/Resources/sdk/vexv5/gcc/libs/libc.a(lib_a-strtok_r.o)
                0x000000000380389c                __strtok_r
 .text.fmax     0x0000000003803900       0x4c /Applications/VEXcode Pro V5.app/Contents/Resources/sdk/vexv5/gcc/libs/libm.a(lib_a-s_fmax.o)
                0x0000000003803900                fmax
 .text.fmin     0x000000000380394c       0x4c /Applications/VEXcode Pro V5.app/Contents/Resources/sdk/vexv5/gcc/libs/libm.a(lib_a-s_fmin.o)
                0x000000000380394c                fmin
 .text.fmin.__stub
                0x0000000003803998       0x18 linker stubs
 *(.gnu.linkonce.t.*)
 *(.plt)
 *(.gnu_warning)
 *(.gcc_except_table)
 *(.glue_7)
 .glue_7        0x00000000038039b0        0x0 linker stubs
 *(.glue_7t)
 .glue_7t       0x00000000038039b0        0x0 linker stubs
 *(.vfp11_veneer)
 .vfp11_veneer  0x00000000038039b0        0x0 linker stubs
 *(.ARM.extab)
 *(.gnu.linkonce.armextab.*)

.v4_bx          0x00000000038039b0        0x0
 .v4_bx         0x00000000038039b0        0x0 linker stubs

.iplt           0x00000000038039b0        0x0
 .iplt          0x00000000038039b0        0x0 build/src/main.o

.init
 *(.init)

.fini
 *(.fini)

.rodata         0x00000000038039b0      0x2e4
                0x00000000038039b0                __rodata_start = .
 *(.rodata)
 *(.rodata.*)
 .rodata.str1.1
                0x00000000038039b0       0xbf build/src/main.o
                                         0xc1 (size before relaxing)
 *fill*         0x0000000003803a6f        0x1 
 .rodata._ZTV9BaseRobot
                0x0000000003803a70       0x38 build/src/main.o
                0x0000000003803a70                vtable for BaseRobot
 .rodata.str1.8
                0x0000000003803aa8       0x28 build/src/main.o
                                         0x26 (size before relaxing)
 .rodata._ZTV7Robot18
                0x0000000003803ad0       0x38 build/src/main.o
                0x0000000003803ad0                vtable for Robot18
 .rodata.str1.1
                0x0000000003803b08       0x2e /Applications/VEXcode Pro V5.app/Contents/Resources/sdk/vexv5/libv5rt.a(v5_startup.c.obj)
 *fill*         0x0000000003803b36        0x2 
 .rodata._ZN3vex6PORT20E
                0x0000000003803b38        0x4 /Applications/VEXcode Pro V5.app/Contents/Resources/sdk/vexv5/libv5rt.a(vex_global.cpp.obj)
                0x0000000003803b38                vex::PORT20
 .rodata._ZN3vex5PORT1E
                0x0000000003803b3c        0x4 /Applications/VEXcode Pro V5.app/Contents/Resources/sdk/vexv5/libv5rt.a(vex_global.cpp.obj)
                0x0000000003803b3c                vex::PORT1
 .rodata._ZN3vex7reverseE
                0x0000000003803b40        0x4 /Applications/VEXcode Pro V5.app/Contents/Resources/sdk/vexv5/libv5rt.a(vex_global.cpp.obj)
                0x0000000003803b40                vex::reverse
 .rodata._ZN3vex6PORT10E
                0x0000000003803b44        0x4 /Applications/VEXcode Pro V5.app/Contents/Resources/sdk/vexv5/libv5rt.a(vex_global.cpp.obj)
                0x0000000003803b44                vex::PORT10
 .rodata._ZN3vex7forwardE
                0x0000000003803b48        0x4 /Applications/VEXcode Pro V5.app/Contents/Resources/sdk/vexv5/libv5rt.a(vex_global.cpp.obj)
                0x0000000003803b48                vex::forward
 .rodata._ZN3vex4msecE
                0x0000000003803b4c        0x4 /Applications/VEXcode Pro V5.app/Contents/Resources/sdk/vexv5/libv5rt.a(vex_global.cpp.obj)
                0x0000000003803b4c                vex::msec
 .rodata._ZN3vex6PORT18E
                0x0000000003803b50        0x4 /Applications/VEXcode Pro V5.app/Contents/Resources/sdk/vexv5/libv5rt.a(vex_global.cpp.obj)
                0x0000000003803b50                vex::PORT18
 .rodata._ZN3vex6PORT21E
                0x0000000003803b54        0x4 /Applications/VEXcode Pro V5.app/Contents/Resources/sdk/vexv5/libv5rt.a(vex_global.cpp.obj)
                0x0000000003803b54                vex::PORT21
 .rodata._ZN3vex6mono20E
                0x0000000003803b58        0x4 /Applications/VEXcode Pro V5.app/Contents/Resources/sdk/vexv5/libv5rt.a(vex_global.cpp.obj)
                0x0000000003803b58                vex::mono20
 .rodata._ZN3vex5PORT2E
                0x0000000003803b5c        0x4 /Applications/VEXcode Pro V5.app/Contents/Resources/sdk/vexv5/libv5rt.a(vex_global.cpp.obj)
                0x0000000003803b5c                vex::PORT2
 .rodata._ZN3vex3degE
                0x0000000003803b60        0x4 /Applications/VEXcode Pro V5.app/Contents/Resources/sdk/vexv5/libv5rt.a(vex_global.cpp.obj)
                0x0000000003803b60                vex::deg
 .rodata._ZN3vex6PORT22E
                0x0000000003803b64        0x4 /Applications/VEXcode Pro V5.app/Contents/Resources/sdk/vexv5/libv5rt.a(vex_global.cpp.obj)
                0x0000000003803b64                vex::PORT22
 .rodata._ZN3vex4holdE
                0x0000000003803b68        0x4 /Applications/VEXcode Pro V5.app/Contents/Resources/sdk/vexv5/libv5rt.a(vex_global.cpp.obj)
                0x0000000003803b68                vex::hold
 .rodata._ZN3vex6PORT12E
                0x0000000003803b6c        0x4 /Applications/VEXcode Pro V5.app/Contents/Resources/sdk/vexv5/libv5rt.a(vex_global.cpp.obj)
                0x0000000003803b6c                vex::PORT12
 .rodata._ZN3vex6PORT16E
                0x0000000003803b70        0x4 /Applications/VEXcode Pro V5.app/Contents/Resources/sdk/vexv5/libv5rt.a(vex_global.cpp.obj)
                0x0000000003803b70                vex::PORT16
 .rodata._ZN3vex8ratio6_1E
                0x0000000003803b74        0x4 /Applications/VEXcode Pro V5.app/Contents/Resources/sdk/vexv5/libv5rt.a(vex_global.cpp.obj)
                0x0000000003803b74                vex::ratio6_1
 .rodata._ZN3vex5coastE
                0x0000000003803b78        0x4 /Applications/VEXcode Pro V5.app/Contents/Resources/sdk/vexv5/libv5rt.a(vex_global.cpp.obj)
                0x0000000003803b78                vex::coast
 .rodata._ZN3vex5PORT4E
                0x0000000003803b7c        0x4 /Applications/VEXcode Pro V5.app/Contents/Resources/sdk/vexv5/libv5rt.a(vex_global.cpp.obj)
                0x0000000003803b7c                vex::PORT4
 .rodata._ZTVN3vex5motorE
                0x0000000003803b80       0x18 /Applications/VEXcode Pro V5.app/Contents/Resources/sdk/vexv5/libv5rt.a(vex_motor.cpp.obj)
                0x0000000003803b80                vtable for vex::motor
 .rodata._ZTVN3vex8inertialE
                0x0000000003803b98       0x68 /Applications/VEXcode Pro V5.app/Contents/Resources/sdk/vexv5/libv5rt.a(vex_imu.cpp.obj)
                0x0000000003803b98                vtable for vex::inertial
 .rodata.CSWTCH.16
                0x0000000003803c00        0xb /Applications/VEXcode Pro V5.app/Contents/Resources/sdk/vexv5/libv5rt.a(vex_controller.cpp.obj)
 .rodata.CSWTCH.18
                0x0000000003803c0b        0xb /Applications/VEXcode Pro V5.app/Contents/Resources/sdk/vexv5/libv5rt.a(vex_controller.cpp.obj)
 .rodata.CSWTCH.24
                0x0000000003803c16        0x3 /Applications/VEXcode Pro V5.app/Contents/Resources/sdk/vexv5/libv5rt.a(vex_controller.cpp.obj)
 .rodata.str1.1
                0x0000000003803c19       0x14 /Applications/VEXcode Pro V5.app/Contents/Resources/sdk/vexv5/libv5rt.a(vex_task.cpp.obj)
 .rodata.str1.1
                0x0000000003803c2d       0x2d /Applications/VEXcode Pro V5.app/Contents/Resources/sdk/vexv5/libv5rt.a(vex_brain.cpp.obj)
 *fill*         0x0000000003803c5a        0x6 
 .rodata._ZTVN3vex7triportE
                0x0000000003803c60       0x18 /Applications/VEXcode Pro V5.app/Contents/Resources/sdk/vexv5/libv5rt.a(vex_triport.cpp.obj)
                0x0000000003803c60                vtable for vex::triport
 .rodata._ZTVN3vex6deviceE
                0x0000000003803c78       0x18 /Applications/VEXcode Pro V5.app/Contents/Resources/sdk/vexv5/libv5rt.a(vex_device.cpp.obj)
                0x0000000003803c78                vtable for vex::device
 .rodata.str1.4
                0x0000000003803c90        0x4 /Applications/VEXcode Pro V5.app/Contents/Resources/sdk/vexv5/gcc/libs/libc.a(lib_a-impure.o)
                                          0x2 (size before relaxing)
 *(.gnu.linkonce.r.*)
                0x0000000003803c94                __rodata_end = .

.rodata1        0x0000000003803c94        0x0
                0x0000000003803c94                __rodata1_start = .
 *(.rodata1)
 *(.rodata1.*)
                0x0000000003803c94                __rodata1_end = .

.sdata2         0x0000000003803c94        0x0
                0x0000000003803c94                __sdata2_start = .
 *(.sdata2)
 *(.sdata2.*)
 *(.gnu.linkonce.s2.*)
                0x0000000003803c94                __sdata2_end = .

.sbss2          0x0000000003803c94        0x0
                0x0000000003803c94                __sbss2_start = .
 *(.sbss2)
 *(.sbss2.*)
 *(.gnu.linkonce.sb2.*)
                0x0000000003803c94                __sbss2_end = .

.data           0x0000000003803c98      0x43c
                0x0000000003803c98                __data_start = .
 *(.data)
 *(.data.*)
 .data.Controller1
                0x0000000003803c98        0x4 build/src/main.o
                0x0000000003803c98                Controller1
 .data.appRunning
                0x0000000003803c9c        0x4 /Applications/VEXcode Pro V5.app/Contents/Resources/sdk/vexv5/libv5rt.a(v5_startup.c.obj)
                0x0000000003803c9c                appRunning
 .data.__yoff   0x0000000003803ca0        0x4 /Applications/VEXcode Pro V5.app/Contents/Resources/sdk/vexv5/libv5rt.a(v5_apijump.c.obj)
 .data._ZN3vex24__default_motor_velocityE
                0x0000000003803ca4        0x4 /Applications/VEXcode Pro V5.app/Contents/Resources/sdk/vexv5/libv5rt.a(vex_motor.cpp.obj)
                0x0000000003803ca4                vex::__default_motor_velocity
 .data.impure_data
                0x0000000003803ca8      0x428 /Applications/VEXcode Pro V5.app/Contents/Resources/sdk/vexv5/gcc/libs/libc.a(lib_a-impure.o)
 .data._impure_ptr
                0x00000000038040d0        0x4 /Applications/VEXcode Pro V5.app/Contents/Resources/sdk/vexv5/gcc/libs/libc.a(lib_a-impure.o)
                0x00000000038040d0                _impure_ptr
 *(.gnu.linkonce.d.*)
 *(.jcr)
 *(.got)
 *(.got.plt)
                0x00000000038040d4                __data_end = .

.igot.plt       0x00000000038040d4        0x0
 .igot.plt      0x00000000038040d4        0x0 build/src/main.o

.data1          0x00000000038040d4        0x0
                0x00000000038040d4                __data1_start = .
 *(.data1)
 *(.data1.*)
                0x00000000038040d4                __data1_end = .

.got
 *(.got)

.ctors          0x00000000038040d4        0x0
                0x00000000038040d4                __CTOR_LIST__ = .
                0x00000000038040d4                ___CTORS_LIST___ = .
 *crtbegin.o(.ctors)
 *(EXCLUDE_FILE(*crtend.o) .ctors)
 *(SORT_BY_NAME(.ctors.*))
 *(.ctors)
                0x00000000038040d4                __CTOR_END__ = .
                0x00000000038040d4                ___CTORS_END___ = .

.dtors          0x00000000038040d4        0x0
                0x00000000038040d4                __DTOR_LIST__ = .
                0x00000000038040d4                ___DTORS_LIST___ = .
 *crtbegin.o(.dtors)
 *(EXCLUDE_FILE(*crtend.o) .dtors)
 *(SORT_BY_NAME(.dtors.*))
 *(.dtors)
                0x00000000038040d4                __DTOR_END__ = .
                0x00000000038040d4                ___DTORS_END___ = .

.fixup          0x00000000038040d4        0x0
                0x00000000038040d4                __fixup_start = .
 *(.fixup)
                0x00000000038040d4                __fixup_end = .

.eh_frame
 *(.eh_frame)

.eh_framehdr    0x00000000038040d4        0x0
                0x00000000038040d4                __eh_framehdr_start = .
 *(.eh_framehdr)
                0x00000000038040d4                __eh_framehdr_end = .

.gcc_except_table
 *(.gcc_except_table)

.mmu_tbl        0x0000000003808000        0x0
                0x0000000003808000                __mmu_tbl_start = .
 *(.mmu_tbl)
                0x0000000003808000                __mmu_tbl_end = .

.ARM.exidx      0x00000000038040d4        0x8
                0x00000000038040d4                __exidx_start = .
 *(.ARM.exidx*)
 .ARM.exidx.text._ZN7Buttons17updateButtonStateEv
                0x00000000038040d4        0x8 build/src/main.o
 .ARM.exidx.text._ZN7Buttons9getObjectEN3BTN6ButtonE
                0x00000000038040dc        0x0 build/src/main.o
                                          0x8 (size before relaxing)
 .ARM.exidx.text._ZN4GoalD2Ev
                0x00000000038040dc        0x0 build/src/main.o
                                          0x8 (size before relaxing)
 .ARM.exidx.text._ZN9BaseRobot21calibrateGyroBlockingEv
                0x00000000038040dc        0x0 build/src/main.o
                                          0x8 (size before relaxing)
 .ARM.exidx.text._ZN9BaseRobot16setMotorVelocityEN3vex5motorENS0_13directionTypeEd
                0x00000000038040dc        0x0 build/src/main.o
                                          0x8 (size before relaxing)
 .ARM.exidx.text._ZN9BaseRobot16basicDriveTeleopEv
                0x00000000038040dc        0x0 build/src/main.o
                                          0x8 (size before relaxing)
 .ARM.exidx.text._ZN7Robot18C2Ev
                0x00000000038040dc        0x0 build/src/main.o
                                          0x8 (size before relaxing)
 .ARM.exidx.text._ZN7Robot1817distanceToDegreesEf
                0x00000000038040dc        0x0 build/src/main.o
                                          0x8 (size before relaxing)
 .ARM.exidx.text._ZN7Robot1817degreesToDistanceEf
                0x00000000038040dc        0x0 build/src/main.o
                                          0x8 (size before relaxing)
 .ARM.exidx.text._ZN7Robot186teleopEv
                0x00000000038040dc        0x0 build/src/main.o
                                          0x8 (size before relaxing)
 .ARM.exidx.text._ZN7Robot1822getLeftEncoderDistanceEv
                0x00000000038040dc        0x0 build/src/main.o
                                          0x8 (size before relaxing)
 .ARM.exidx.text._ZN7Robot1823getRightEncoderDistanceEv
                0x00000000038040dc        0x0 build/src/main.o
                                          0x8 (size before relaxing)
 .ARM.exidx.text._ZN7Robot1820resetEncoderDistanceEv
                0x00000000038040dc        0x0 build/src/main.o
                                          0x8 (size before relaxing)
 .ARM.exidx.text._ZN7Robot1815setLeftVelocityEN3vex13directionTypeEd
                0x00000000038040dc        0x0 build/src/main.o
                                          0x8 (size before relaxing)
 .ARM.exidx.text._ZN7Robot1816setRightVelocityEN3vex13directionTypeEd
                0x00000000038040dc        0x0 build/src/main.o
                                          0x8 (size before relaxing)
 .ARM.exidx.text._ZN7Robot188stopLeftEv
                0x00000000038040dc        0x0 build/src/main.o
                                          0x8 (size before relaxing)
 .ARM.exidx.text._ZN7Robot189stopRightEv
                0x00000000038040dc        0x0 build/src/main.o
                                          0x8 (size before relaxing)
 .ARM.exidx.text._ZN7Robot1812setBrakeTypeEN3vex9brakeTypeE
                0x00000000038040dc        0x0 build/src/main.o
                                          0x8 (size before relaxing)
 .ARM.exidx.text._ZN7Robot1815getDriveCurrentEv
                0x00000000038040dc        0x0 build/src/main.o
                                          0x8 (size before relaxing)
 .ARM.exidx.text._ZN7Robot18D2Ev
                0x00000000038040dc        0x0 build/src/main.o
                                          0x8 (size before relaxing)
 .ARM.exidx.text._Z12mainTeleop18v
                0x00000000038040dc        0x0 build/src/main.o
                                          0x8 (size before relaxing)
 .ARM.exidx.text._Z5autonv
                0x00000000038040dc        0x0 build/src/main.o
                                          0x8 (size before relaxing)
 .ARM.exidx.text._Z12autonomous18v
                0x00000000038040dc        0x0 build/src/main.o
                                          0x8 (size before relaxing)
 .ARM.exidx.text._Z13userControl18v
                0x00000000038040dc        0x0 build/src/main.o
                                          0x8 (size before relaxing)
 .ARM.exidx.text._Z8mainFuncv
                0x00000000038040dc        0x0 build/src/main.o
                                          0x8 (size before relaxing)
 .ARM.exidx.text.main
                0x00000000038040dc        0x0 build/src/main.o
                                          0x8 (size before relaxing)
 .ARM.exidx.text._GLOBAL__sub_I_main.cpp
                0x00000000038040dc        0x0 build/src/main.o
                                          0x8 (size before relaxing)
 *(.gnu.linkonce.armexidix.*.*)
                0x00000000038040dc                __exidx_end = .

.rel.dyn        0x00000000038040dc        0x0
 .rel.iplt      0x00000000038040dc        0x0 build/src/main.o

.preinit_array  0x00000000038040dc        0x0
                0x00000000038040dc                __preinit_array_start = .
 *(SORT_BY_NAME(.preinit_array.*))
 *(.preinit_array)
                0x00000000038040dc                __preinit_array_end = .

.init_array     0x00000000038040dc        0x8
                0x00000000038040dc                __init_array_start = .
 *(SORT_BY_NAME(.init_array.*))
 *(.init_array)
 .init_array    0x00000000038040dc        0x4 build/src/main.o
 .init_array    0x00000000038040e0        0x4 /Applications/VEXcode Pro V5.app/Contents/Resources/sdk/vexv5/libv5rt.a(vex_color.cpp.obj)
                0x00000000038040e4                __init_array_end = .

.fini_array     0x00000000038040e4        0x0
                0x00000000038040e4                __fini_array_start = .
 *(SORT_BY_NAME(.fini_array.*))
 *(.fini_array)
                0x00000000038040e4                __fini_array_end = .

.ARM.attributes
                0x00000000038040e4       0x3a
                0x00000000038040e4                __ARM.attributes_start = .
 *(.ARM.attributes)
 .ARM.attributes
                0x00000000038040e4       0x3a build/src/main.o
 .ARM.attributes
                0x000000000380411e       0x35 /Applications/VEXcode Pro V5.app/Contents/Resources/sdk/vexv5/libv5rt.a(v5_startup.c.obj)
 .ARM.attributes
                0x0000000003804153       0x35 /Applications/VEXcode Pro V5.app/Contents/Resources/sdk/vexv5/libv5rt.a(v5_util.c.obj)
 .ARM.attributes
                0x0000000003804188       0x35 /Applications/VEXcode Pro V5.app/Contents/Resources/sdk/vexv5/libv5rt.a(v5_apijump.c.obj)
 .ARM.attributes
                0x00000000038041bd       0x35 /Applications/VEXcode Pro V5.app/Contents/Resources/sdk/vexv5/libv5rt.a(v5_apiversions.c.obj)
 .ARM.attributes
                0x00000000038041f2       0x35 /Applications/VEXcode Pro V5.app/Contents/Resources/sdk/vexv5/libv5rt.a(vex_global.cpp.obj)
 .ARM.attributes
                0x0000000003804227       0x35 /Applications/VEXcode Pro V5.app/Contents/Resources/sdk/vexv5/libv5rt.a(vex_motor.cpp.obj)
 .ARM.attributes
                0x000000000380425c       0x35 /Applications/VEXcode Pro V5.app/Contents/Resources/sdk/vexv5/libv5rt.a(vex_vision.cpp.obj)
 .ARM.attributes
                0x0000000003804291       0x35 /Applications/VEXcode Pro V5.app/Contents/Resources/sdk/vexv5/libv5rt.a(vex_imu.cpp.obj)
 .ARM.attributes
                0x00000000038042c6       0x35 /Applications/VEXcode Pro V5.app/Contents/Resources/sdk/vexv5/libv5rt.a(vex_controller.cpp.obj)
 .ARM.attributes
                0x00000000038042fb       0x35 /Applications/VEXcode Pro V5.app/Contents/Resources/sdk/vexv5/libv5rt.a(vex_task.cpp.obj)
 .ARM.attributes
                0x0000000003804330       0x35 /Applications/VEXcode Pro V5.app/Contents/Resources/sdk/vexv5/libv5rt.a(vex_thread.cpp.obj)
 .ARM.attributes
                0x0000000003804365       0x35 /Applications/VEXcode Pro V5.app/Contents/Resources/sdk/vexv5/libv5rt.a(vex_event.cpp.obj)
 .ARM.attributes
                0x000000000380439a       0x35 /Applications/VEXcode Pro V5.app/Contents/Resources/sdk/vexv5/libv5rt.a(vex_mevent.cpp.obj)
 .ARM.attributes
                0x00000000038043cf       0x35 /Applications/VEXcode Pro V5.app/Contents/Resources/sdk/vexv5/libv5rt.a(vex_brain.cpp.obj)
 .ARM.attributes
                0x0000000003804404       0x35 /Applications/VEXcode Pro V5.app/Contents/Resources/sdk/vexv5/libv5rt.a(vex_competition.cpp.obj)
 .ARM.attributes
                0x0000000003804439       0x35 /Applications/VEXcode Pro V5.app/Contents/Resources/sdk/vexv5/libv5rt.a(vex_triport.cpp.obj)
 .ARM.attributes
                0x000000000380446e       0x35 /Applications/VEXcode Pro V5.app/Contents/Resources/sdk/vexv5/libv5rt.a(vex_color.cpp.obj)
 .ARM.attributes
                0x00000000038044a3       0x35 /Applications/VEXcode Pro V5.app/Contents/Resources/sdk/vexv5/libv5rt.a(vex_timer.cpp.obj)
 .ARM.attributes
                0x00000000038044d8       0x35 /Applications/VEXcode Pro V5.app/Contents/Resources/sdk/vexv5/libv5rt.a(v5_apiuser.c.obj)
 .ARM.attributes
                0x000000000380450d       0x35 /Applications/VEXcode Pro V5.app/Contents/Resources/sdk/vexv5/libv5rt.a(vex_device.cpp.obj)
 .ARM.attributes
                0x0000000003804542       0x2b /Applications/VEXcode Pro V5.app/Contents/Resources/sdk/vexv5/gcc/libs/libc.a(lib_a-fini.o)
 .ARM.attributes
                0x000000000380456d       0x2b /Applications/VEXcode Pro V5.app/Contents/Resources/sdk/vexv5/gcc/libs/libc.a(lib_a-impure.o)
 .ARM.attributes
                0x0000000003804598       0x2b /Applications/VEXcode Pro V5.app/Contents/Resources/sdk/vexv5/gcc/libs/libc.a(lib_a-init.o)
 .ARM.attributes
                0x00000000038045c3       0x2b /Applications/VEXcode Pro V5.app/Contents/Resources/sdk/vexv5/gcc/libs/libc.a(lib_a-strtok.o)
 .ARM.attributes
                0x00000000038045ee       0x2b /Applications/VEXcode Pro V5.app/Contents/Resources/sdk/vexv5/gcc/libs/libc.a(lib_a-strtok_r.o)
 .ARM.attributes
                0x0000000003804619       0x2b /Applications/VEXcode Pro V5.app/Contents/Resources/sdk/vexv5/gcc/libs/libm.a(lib_a-s_fmax.o)
 .ARM.attributes
                0x0000000003804644       0x2b /Applications/VEXcode Pro V5.app/Contents/Resources/sdk/vexv5/gcc/libs/libm.a(lib_a-s_fmin.o)
                0x000000000380466f                __ARM.attributes_end = .

.sdata          0x00000000038040e4        0x0
                0x00000000038040e4                __sdata_start = .
 *(.sdata)
 *(.sdata.*)
 *(.gnu.linkonce.s.*)
                0x00000000038040e4                __sdata_end = .

.sbss           0x00000000038040e4        0x0
                0x00000000038040e4                __sbss_start = .
 *(.sbss)
 *(.sbss.*)
 *(.gnu.linkonce.sb.*)
                0x00000000038040e4                __sbss_end = .

.tdata          0x00000000038040e4        0x0
                0x00000000038040e4                __tdata_start = .
 *(.tdata)
 *(.tdata.*)
 *(.gnu.linkonce.td.*)
                0x00000000038040e4                __tdata_end = .

.tbss           0x00000000038040e4        0x0
                0x00000000038040e4                __tbss_start = .
 *(.tbss)
 *(.tbss.*)
 *(.gnu.linkonce.tb.*)
                0x00000000038040e4                __tbss_end = .

.bss            0x00000000038040f0      0x7a1
                0x00000000038040f0                __bss_start = .
 *(.bss)
 *(.bss.*)
 .bss._ZStL8__ioinit
                0x00000000038040f0        0x1 build/src/main.o
 *fill*         0x00000000038040f1        0x3 
 .bss.C1        0x00000000038040f4      0x1ac build/src/main.o
                0x00000000038040f4                C1
 .bss.Brain     0x00000000038042a0      0x2bc build/src/main.o
                0x00000000038042a0                Brain
 .bss.Competition
                0x000000000380455c       0x28 build/src/main.o
                0x000000000380455c                Competition
 *fill*         0x0000000003804584        0xc 
 .bss.buttons   0x0000000003804590       0x20 build/src/main.o
                0x0000000003804590                buttons
 .bss._ZL6YELLOW
                0x00000000038045b0       0x58 build/src/main.o
 .bss._ZL3RED   0x0000000003804608       0x58 build/src/main.o
 .bss._ZL4BLUE  0x0000000003804660       0x58 build/src/main.o
 .bss._ZL4grey  0x00000000038046b8        0x8 build/src/main.o
 .bss.robot     0x00000000038046c0      0x168 build/src/main.o
                0x00000000038046c0                robot
 .bss.__dso_handle
                0x0000000003804828        0x4 /Applications/VEXcode Pro V5.app/Contents/Resources/sdk/vexv5/libv5rt.a(v5_startup.c.obj)
                0x0000000003804828                __dso_handle
 .bss._ZN3vex4task8_labelIdE
                0x000000000380482c        0x4 /Applications/VEXcode Pro V5.app/Contents/Resources/sdk/vexv5/libv5rt.a(vex_task.cpp.obj)
                0x000000000380482c                vex::task::_labelId
 .bss._ZN3vex11competition22bStopTasksBetweenModesE
                0x0000000003804830        0x1 /Applications/VEXcode Pro V5.app/Contents/Resources/sdk/vexv5/libv5rt.a(vex_competition.cpp.obj)
                0x0000000003804830                vex::competition::bStopTasksBetweenModes
 .bss._ZN3vex11competition25bStopAllTasksBetweenModesE
                0x0000000003804831        0x1 /Applications/VEXcode Pro V5.app/Contents/Resources/sdk/vexv5/libv5rt.a(vex_competition.cpp.obj)
                0x0000000003804831                vex::competition::bStopAllTasksBetweenModes
 .bss._ZN3vex11competition14_auton_pendingE
                0x0000000003804832        0x1 /Applications/VEXcode Pro V5.app/Contents/Resources/sdk/vexv5/libv5rt.a(vex_competition.cpp.obj)
                0x0000000003804832                vex::competition::_auton_pending
 *fill*         0x0000000003804833        0x1 
 .bss._ZN3vex11competition20_autonomous_callbackE
                0x0000000003804834        0x4 /Applications/VEXcode Pro V5.app/Contents/Resources/sdk/vexv5/libv5rt.a(vex_competition.cpp.obj)
                0x0000000003804834                vex::competition::_autonomous_callback
 .bss._ZN3vex11competition23_drivercontrol_callbackE
                0x0000000003804838        0x4 /Applications/VEXcode Pro V5.app/Contents/Resources/sdk/vexv5/libv5rt.a(vex_competition.cpp.obj)
                0x0000000003804838                vex::competition::_drivercontrol_callback
 .bss._ZN3vex11competition15_driver_pendingE
                0x000000000380483c        0x1 /Applications/VEXcode Pro V5.app/Contents/Resources/sdk/vexv5/libv5rt.a(vex_competition.cpp.obj)
                0x000000000380483c                vex::competition::_driver_pending
 *fill*         0x000000000380483d        0x3 
 .bss._ZN3vex5color6orangeE
                0x0000000003804840        0x8 /Applications/VEXcode Pro V5.app/Contents/Resources/sdk/vexv5/libv5rt.a(vex_color.cpp.obj)
                0x0000000003804840                vex::color::orange
 .bss._ZN3vex5color5blackE
                0x0000000003804848        0x8 /Applications/VEXcode Pro V5.app/Contents/Resources/sdk/vexv5/libv5rt.a(vex_color.cpp.obj)
                0x0000000003804848                vex::color::black
 .bss._ZN3vex5color6yellowE
                0x0000000003804850        0x8 /Applications/VEXcode Pro V5.app/Contents/Resources/sdk/vexv5/libv5rt.a(vex_color.cpp.obj)
                0x0000000003804850                vex::color::yellow
 .bss._ZN3vex5color5greenE
                0x0000000003804858        0x8 /Applications/VEXcode Pro V5.app/Contents/Resources/sdk/vexv5/libv5rt.a(vex_color.cpp.obj)
                0x0000000003804858                vex::color::green
 .bss._ZN3vex5color6purpleE
                0x0000000003804860        0x8 /Applications/VEXcode Pro V5.app/Contents/Resources/sdk/vexv5/libv5rt.a(vex_color.cpp.obj)
                0x0000000003804860                vex::color::purple
 .bss._ZN3vex5color4cyanE
                0x0000000003804868        0x8 /Applications/VEXcode Pro V5.app/Contents/Resources/sdk/vexv5/libv5rt.a(vex_color.cpp.obj)
                0x0000000003804868                vex::color::cyan
 .bss._ZN3vex5color4blueE
                0x0000000003804870        0x8 /Applications/VEXcode Pro V5.app/Contents/Resources/sdk/vexv5/libv5rt.a(vex_color.cpp.obj)
                0x0000000003804870                vex::color::blue
 .bss._ZN3vex5color3redE
                0x0000000003804878        0x8 /Applications/VEXcode Pro V5.app/Contents/Resources/sdk/vexv5/libv5rt.a(vex_color.cpp.obj)
                0x0000000003804878                vex::color::red
 .bss._ZN3vex5color11transparentE
                0x0000000003804880        0x8 /Applications/VEXcode Pro V5.app/Contents/Resources/sdk/vexv5/libv5rt.a(vex_color.cpp.obj)
                0x0000000003804880                vex::color::transparent
 .bss._ZN3vex5color5whiteE
                0x0000000003804888        0x8 /Applications/VEXcode Pro V5.app/Contents/Resources/sdk/vexv5/libv5rt.a(vex_color.cpp.obj)
                0x0000000003804888                vex::color::white
 *(.gnu.linkonce.b.*)
 *(COMMON)
 COMMON         0x0000000003804890        0x1 /Applications/VEXcode Pro V5.app/Contents/Resources/sdk/vexv5/libv5rt.a(v5_startup.c.obj)
                0x0000000003804890                __vex_critical_section
                0x0000000003804891                __bss_end = .
                0x00000000038040e4                _SDA_BASE_ = (__sdata_start + ((__sbss_end - __sdata_start) / 0x2))
                0x0000000003803c94                _SDA2_BASE_ = (__sdata2_start + ((__sbss2_end - __sdata2_start) / 0x2))

.heap           0x0000000003804891   0x10000f
                0x00000000038048a0                . = ALIGN (0x10)
 *fill*         0x0000000003804891        0xf 
                0x00000000038048a0                _heap = .
                0x00000000038048a0                HeapBase = .
                0x00000000038048a0                _heap_start = .
                0x00000000039048a0                . = (. + _HEAP_SIZE)
 *fill*         0x00000000038048a0   0x100000 
                0x00000000039048a0                _heap_end = .
                0x00000000039048a0                HeapLimit = .

.stack          0x00000000039048a0     0x3800
                0x00000000039048a0                . = ALIGN (0x10)
                0x00000000039048a0                _stack_end = .
                0x00000000039068a0                . = (. + _STACK_SIZE)
 *fill*         0x00000000039048a0     0x2000 
                0x00000000039068a0                . = ALIGN (0x10)
                0x00000000039068a0                _stack = .
                0x00000000039068a0                __stack = _stack
                0x00000000039068a0                . = ALIGN (0x10)
                0x00000000039068a0                _irq_stack_end = .
                0x0000000003906ca0                . = (. + _IRQ_STACK_SIZE)
 *fill*         0x00000000039068a0      0x400 
                0x0000000003906ca0                . = ALIGN (0x10)
                0x0000000003906ca0                __irq_stack = .
                0x0000000003906ca0                _supervisor_stack_end = .
                0x00000000039074a0                . = (. + _SUPERVISOR_STACK_SIZE)
 *fill*         0x0000000003906ca0      0x800 
                0x00000000039074a0                . = ALIGN (0x10)
                0x00000000039074a0                __supervisor_stack = .
                0x00000000039074a0                _abort_stack_end = .
                0x00000000039078a0                . = (. + _ABORT_STACK_SIZE)
 *fill*         0x00000000039074a0      0x400 
                0x00000000039078a0                . = ALIGN (0x10)
                0x00000000039078a0                __abort_stack = .
                0x00000000039078a0                _fiq_stack_end = .
                0x0000000003907ca0                . = (. + _FIQ_STACK_SIZE)
 *fill*         0x00000000039078a0      0x400 
                0x0000000003907ca0                . = ALIGN (0x10)
                0x0000000003907ca0                __fiq_stack = .
                0x0000000003907ca0                _undef_stack_end = .
                0x00000000039080a0                . = (. + _UNDEF_STACK_SIZE)
 *fill*         0x0000000003907ca0      0x400 
                0x00000000039080a0                . = ALIGN (0x10)
                0x00000000039080a0                __undef_stack = .
                0x00000000039080a0                _end = .
LOAD /Applications/VEXcode Pro V5.app/Contents/Resources/sdk/vexv5/stdlib_0.lib
LOAD build/src/main.o
START GROUP
LOAD /Applications/VEXcode Pro V5.app/Contents/Resources/sdk/vexv5/libv5rt.a
LOAD /Applications/VEXcode Pro V5.app/Contents/Resources/sdk/vexv5/gcc/libs/libstdc++.a
LOAD /Applications/VEXcode Pro V5.app/Contents/Resources/sdk/vexv5/gcc/libs/libc.a
LOAD /Applications/VEXcode Pro V5.app/Contents/Resources/sdk/vexv5/gcc/libs/libm.a
LOAD /Applications/VEXcode Pro V5.app/Contents/Resources/sdk/vexv5/gcc/libs/libgcc.a
END GROUP
OUTPUT(build/SpinUp.elf elf32-littlearm)

.comment        0x0000000000000000       0x9d
 .comment       0x0000000000000000       0x2d build/src/main.o
                                         0x2e (size before relaxing)
 .comment       0x000000000000002d       0x70 /Applications/VEXcode Pro V5.app/Contents/Resources/sdk/vexv5/libv5rt.a(v5_startup.c.obj)
                                         0x71 (size before relaxing)
 .comment       0x000000000000009d       0x71 /Applications/VEXcode Pro V5.app/Contents/Resources/sdk/vexv5/libv5rt.a(v5_util.c.obj)
 .comment       0x000000000000009d       0x71 /Applications/VEXcode Pro V5.app/Contents/Resources/sdk/vexv5/libv5rt.a(v5_apijump.c.obj)
 .comment       0x000000000000009d       0x71 /Applications/VEXcode Pro V5.app/Contents/Resources/sdk/vexv5/libv5rt.a(v5_apiversions.c.obj)
 .comment       0x000000000000009d       0x71 /Applications/VEXcode Pro V5.app/Contents/Resources/sdk/vexv5/libv5rt.a(vex_global.cpp.obj)
 .comment       0x000000000000009d       0x71 /Applications/VEXcode Pro V5.app/Contents/Resources/sdk/vexv5/libv5rt.a(vex_motor.cpp.obj)
 .comment       0x000000000000009d       0x71 /Applications/VEXcode Pro V5.app/Contents/Resources/sdk/vexv5/libv5rt.a(vex_vision.cpp.obj)
 .comment       0x000000000000009d       0x71 /Applications/VEXcode Pro V5.app/Contents/Resources/sdk/vexv5/libv5rt.a(vex_imu.cpp.obj)
 .comment       0x000000000000009d       0x71 /Applications/VEXcode Pro V5.app/Contents/Resources/sdk/vexv5/libv5rt.a(vex_controller.cpp.obj)
 .comment       0x000000000000009d       0x71 /Applications/VEXcode Pro V5.app/Contents/Resources/sdk/vexv5/libv5rt.a(vex_task.cpp.obj)
 .comment       0x000000000000009d       0x71 /Applications/VEXcode Pro V5.app/Contents/Resources/sdk/vexv5/libv5rt.a(vex_thread.cpp.obj)
 .comment       0x000000000000009d       0x71 /Applications/VEXcode Pro V5.app/Contents/Resources/sdk/vexv5/libv5rt.a(vex_event.cpp.obj)
 .comment       0x000000000000009d       0x71 /Applications/VEXcode Pro V5.app/Contents/Resources/sdk/vexv5/libv5rt.a(vex_mevent.cpp.obj)
 .comment       0x000000000000009d       0x71 /Applications/VEXcode Pro V5.app/Contents/Resources/sdk/vexv5/libv5rt.a(vex_brain.cpp.obj)
 .comment       0x000000000000009d       0x71 /Applications/VEXcode Pro V5.app/Contents/Resources/sdk/vexv5/libv5rt.a(vex_competition.cpp.obj)
 .comment       0x000000000000009d       0x71 /Applications/VEXcode Pro V5.app/Contents/Resources/sdk/vexv5/libv5rt.a(vex_triport.cpp.obj)
 .comment       0x000000000000009d       0x71 /Applications/VEXcode Pro V5.app/Contents/Resources/sdk/vexv5/libv5rt.a(vex_color.cpp.obj)
 .comment       0x000000000000009d       0x71 /Applications/VEXcode Pro V5.app/Contents/Resources/sdk/vexv5/libv5rt.a(vex_timer.cpp.obj)
 .comment       0x000000000000009d       0x71 /Applications/VEXcode Pro V5.app/Contents/Resources/sdk/vexv5/libv5rt.a(v5_apiuser.c.obj)
 .comment       0x000000000000009d       0x71 /Applications/VEXcode Pro V5.app/Contents/Resources/sdk/vexv5/libv5rt.a(vex_device.cpp.obj)

.note.GNU-stack
                0x0000000000000000        0x0
 .note.GNU-stack
                0x0000000000000000        0x0 build/src/main.o

.debug_frame    0x0000000000000000      0x188
 .debug_frame   0x0000000000000000       0x34 /Applications/VEXcode Pro V5.app/Contents/Resources/sdk/vexv5/gcc/libs/libc.a(lib_a-fini.o)
 .debug_frame   0x0000000000000034       0x2c /Applications/VEXcode Pro V5.app/Contents/Resources/sdk/vexv5/gcc/libs/libc.a(lib_a-init.o)
 .debug_frame   0x0000000000000060       0x20 /Applications/VEXcode Pro V5.app/Contents/Resources/sdk/vexv5/gcc/libs/libc.a(lib_a-strtok.o)
 .debug_frame   0x0000000000000080       0x48 /Applications/VEXcode Pro V5.app/Contents/Resources/sdk/vexv5/gcc/libs/libc.a(lib_a-strtok_r.o)
 .debug_frame   0x00000000000000c8       0x60 /Applications/VEXcode Pro V5.app/Contents/Resources/sdk/vexv5/gcc/libs/libm.a(lib_a-s_fmax.o)
 .debug_frame   0x0000000000000128       0x60 /Applications/VEXcode Pro V5.app/Contents/Resources/sdk/vexv5/gcc/libs/libm.a(lib_a-s_fmin.o)